Error: listen EADDRINUSE
    at errnoException (net.js:883:11)
    at Server._listen2 (net.js:1021:14)
    at listen (net.js:1043:10)
    at Server.listen (net.js:1109:5)
    at Object.<anonymous> (C:\Users\Micheal\Downloads\PS-Server\app.js:627:7)
    at Module._compile (module.js:456:26)
    at Object.Module._extensions..js (module.js:474:10)
    at Module.load (module.js:356:32)
    at Function.Module._load (module.js:312:12)
    at Function.Module.runMain (module.js:497:10)

SyntaxError: Unexpected token case
    at Module._compile (module.js:439:25)
    at Object.Module._extensions..js (module.js:474:10)
    at Module.load (module.js:356:32)
    at Function.Module._load (module.js:312:12)
    at Module.require (module.js:364:17)
    at require (module.js:380:17)
    at parseCommandLocal (C:\Users\Micheal\Downloads\PS-Server\chat-commands.js:742:19)
    at LobbyRoom.chat (C:\Users\Micheal\Downloads\PS-Server\rooms.js:1258:23)
    at User.chat (C:\Users\Micheal\Downloads\PS-Server\users.js:982:9)
    at C:\Users\Micheal\Downloads\PS-Server\app.js:505:12

SyntaxError: Unexpected token case
    at Module._compile (module.js:439:25)
    at Object.Module._extensions..js (module.js:474:10)
    at Module.load (module.js:356:32)
    at Function.Module._load (module.js:312:12)
    at Module.require (module.js:364:17)
    at require (module.js:380:17)
    at parseCommandLocal (C:\Users\Micheal\Downloads\PS-Server\chat-commands.js:742:19)
    at LobbyRoom.chat (C:\Users\Micheal\Downloads\PS-Server\rooms.js:1258:23)
    at User.chat (C:\Users\Micheal\Downloads\PS-Server\users.js:982:9)
    at C:\Users\Micheal\Downloads\PS-Server\app.js:505:12

SyntaxError: Unexpected token case
    at Module._compile (module.js:439:25)
    at Object.Module._extensions..js (module.js:474:10)
    at Module.load (module.js:356:32)
    at Function.Module._load (module.js:312:12)
    at Module.require (module.js:364:17)
    at require (module.js:380:17)
    at parseCommandLocal (C:\Users\Micheal\Downloads\PS-Server\chat-commands.js:742:19)
    at LobbyRoom.chat (C:\Users\Micheal\Downloads\PS-Server\rooms.js:1258:23)
    at User.chat (C:\Users\Micheal\Downloads\PS-Server\users.js:982:9)
    at C:\Users\Micheal\Downloads\PS-Server\app.js:505:12

SyntaxError: Unexpected token :
    at Module._compile (module.js:439:25)
    at Object.Module._extensions..js (module.js:474:10)
    at Module.load (module.js:356:32)
    at Function.Module._load (module.js:312:12)
    at Module.require (module.js:364:17)
    at require (module.js:380:17)
    at parseCommandLocal (C:\Users\Micheal\Downloads\PS-Server\chat-commands.js:1268:19)
    at LobbyRoom.chat (C:\Users\Micheal\Downloads\PS-Server\rooms.js:1258:23)
    at User.chat (C:\Users\Micheal\Downloads\PS-Server\users.js:982:9)
    at C:\Users\Micheal\Downloads\PS-Server\app.js:505:12

SyntaxError: Unexpected token :
    at Module._compile (module.js:439:25)
    at Object.Module._extensions..js (module.js:474:10)
    at Module.load (module.js:356:32)
    at Function.Module._load (module.js:312:12)
    at Module.require (module.js:364:17)
    at require (module.js:380:17)
    at parseCommandLocal (C:\Users\Micheal\Downloads\PS-Server\chat-commands.js:1268:19)
    at LobbyRoom.chat (C:\Users\Micheal\Downloads\PS-Server\rooms.js:1258:23)
    at User.chat (C:\Users\Micheal\Downloads\PS-Server\users.js:982:9)
    at C:\Users\Micheal\Downloads\PS-Server\app.js:505:12

SyntaxError: Unexpected token :
    at Module._compile (module.js:439:25)
    at Object.Module._extensions..js (module.js:474:10)
    at Module.load (module.js:356:32)
    at Function.Module._load (module.js:312:12)
    at Module.require (module.js:364:17)
    at require (module.js:380:17)
    at parseCommandLocal (C:\Users\Micheal\Downloads\PS-Server\chat-commands.js:1268:19)
    at LobbyRoom.chat (C:\Users\Micheal\Downloads\PS-Server\rooms.js:1258:23)
    at User.chat (C:\Users\Micheal\Downloads\PS-Server\users.js:982:9)
    at C:\Users\Micheal\Downloads\PS-Server\app.js:505:12

SyntaxError: Unexpected token :
    at Module._compile (module.js:439:25)
    at Object.Module._extensions..js (module.js:474:10)
    at Module.load (module.js:356:32)
    at Function.Module._load (module.js:312:12)
    at Module.require (module.js:364:17)
    at require (module.js:380:17)
    at parseCommandLocal (C:\Users\Micheal\Downloads\PS-Server\chat-commands.js:1268:19)
    at LobbyRoom.chat (C:\Users\Micheal\Downloads\PS-Server\rooms.js:1258:23)
    at User.chat (C:\Users\Micheal\Downloads\PS-Server\users.js:982:9)
    at C:\Users\Micheal\Downloads\PS-Server\app.js:505:12

SyntaxError: Unexpected token :
    at Module._compile (module.js:439:25)
    at Object.Module._extensions..js (module.js:474:10)
    at Module.load (module.js:356:32)
    at Function.Module._load (module.js:312:12)
    at Module.require (module.js:364:17)
    at require (module.js:380:17)
    at parseCommandLocal (C:\Users\Micheal\Downloads\PS-Server\chat-commands.js:1268:19)
    at LobbyRoom.chat (C:\Users\Micheal\Downloads\PS-Server\rooms.js:1258:23)
    at User.chat (C:\Users\Micheal\Downloads\PS-Server\users.js:982:9)
    at C:\Users\Micheal\Downloads\PS-Server\app.js:505:12

SyntaxError: Unexpected token ;
    at Module._compile (module.js:439:25)
    at Object.Module._extensions..js (module.js:474:10)
    at Module.load (module.js:356:32)
    at Function.Module._load (module.js:312:12)
    at Module.require (module.js:364:17)
    at require (module.js:380:17)
    at parseCommandLocal (C:\Users\Micheal\Downloads\PS-Server\chat-commands.js:1268:19)
    at LobbyRoom.chat (C:\Users\Micheal\Downloads\PS-Server\rooms.js:1258:23)
    at User.chat (C:\Users\Micheal\Downloads\PS-Server\users.js:982:9)
    at C:\Users\Micheal\Downloads\PS-Server\app.js:505:12

SyntaxError: Unexpected token ILLEGAL
    at Module._compile (module.js:439:25)
    at Object.Module._extensions..js (module.js:474:10)
    at Module.load (module.js:356:32)
    at Function.Module._load (module.js:312:12)
    at Module.require (module.js:364:17)
    at require (module.js:380:17)
    at parseCommandLocal (C:\Users\Micheal\Downloads\PS-Server\chat-commands.js:1268:19)
    at LobbyRoom.chat (C:\Users\Micheal\Downloads\PS-Server\rooms.js:1258:23)
    at User.chat (C:\Users\Micheal\Downloads\PS-Server\users.js:982:9)
    at C:\Users\Micheal\Downloads\PS-Server\app.js:505:12

SyntaxError: Unexpected token ILLEGAL
    at Module._compile (module.js:439:25)
    at Object.Module._extensions..js (module.js:474:10)
    at Module.load (module.js:356:32)
    at Function.Module._load (module.js:312:12)
    at Module.require (module.js:364:17)
    at require (module.js:380:17)
    at parseCommandLocal (C:\Users\Micheal\Downloads\PS-Server\chat-commands.js:1268:19)
    at LobbyRoom.chat (C:\Users\Micheal\Downloads\PS-Server\rooms.js:1258:23)
    at User.chat (C:\Users\Micheal\Downloads\PS-Server\users.js:982:9)
    at C:\Users\Micheal\Downloads\PS-Server\app.js:505:12

ReferenceError: goon is not defined
    at parseCommandLocal (C:\Users\Micheal\Downloads\PS-Server\chat-commands.js:607:42)
    at LobbyRoom.chat (C:\Users\Micheal\Downloads\PS-Server\rooms.js:1258:23)
    at User.chat (C:\Users\Micheal\Downloads\PS-Server\users.js:982:9)
    at C:\Users\Micheal\Downloads\PS-Server\app.js:505:12
    at Array.forEach (native)
    at Object.events.chat (C:\Users\Micheal\Downloads\PS-Server\app.js:504:31)
    at SockJSConnection.<anonymous> (C:\Users\Micheal\Downloads\PS-Server\app.js:617:50)
    at SockJSConnection.EventEmitter.emit (events.js:95:17)
    at Session.didMessage (C:\Users\Micheal\Downloads\PS-Server\node_modules\sockjs\lib\transport.js:212:25)
    at WebSocketReceiver.didMessage (C:\Users\Micheal\Downloads\PS-Server\node_modules\sockjs\lib\trans-websocket.js:102:40)

ReferenceError: goon is not defined
    at parseCommandLocal (C:\Users\Micheal\Downloads\PS-Server\chat-commands.js:607:42)
    at LobbyRoom.chat (C:\Users\Micheal\Downloads\PS-Server\rooms.js:1258:23)
    at User.chat (C:\Users\Micheal\Downloads\PS-Server\users.js:982:9)
    at C:\Users\Micheal\Downloads\PS-Server\app.js:505:12
    at Array.forEach (native)
    at Object.events.chat (C:\Users\Micheal\Downloads\PS-Server\app.js:504:31)
    at SockJSConnection.<anonymous> (C:\Users\Micheal\Downloads\PS-Server\app.js:617:50)
    at SockJSConnection.EventEmitter.emit (events.js:95:17)
    at Session.didMessage (C:\Users\Micheal\Downloads\PS-Server\node_modules\sockjs\lib\transport.js:212:25)
    at WebSocketReceiver.didMessage (C:\Users\Micheal\Downloads\PS-Server\node_modules\sockjs\lib\trans-websocket.js:102:40)

SyntaxError: Unexpected identifier
    at Module._compile (module.js:439:25)
    at Object.Module._extensions..js (module.js:474:10)
    at Module.load (module.js:356:32)
    at Function.Module._load (module.js:312:12)
    at Module.require (module.js:364:17)
    at require (module.js:380:17)
    at parseCommandLocal (C:\Users\Micheal\Downloads\PS-Server\chat-commands.js:1276:19)
    at LobbyRoom.chat (C:\Users\Micheal\Downloads\PS-Server\rooms.js:1258:23)
    at User.chat (C:\Users\Micheal\Downloads\PS-Server\users.js:982:9)
    at C:\Users\Micheal\Downloads\PS-Server\app.js:505:12

SyntaxError: Unexpected identifier
    at Module._compile (module.js:439:25)
    at Object.Module._extensions..js (module.js:474:10)
    at Module.load (module.js:356:32)
    at Function.Module._load (module.js:312:12)
    at Module.require (module.js:364:17)
    at require (module.js:380:17)
    at parseCommandLocal (C:\Users\Micheal\Downloads\PS-Server\chat-commands.js:1276:19)
    at LobbyRoom.chat (C:\Users\Micheal\Downloads\PS-Server\rooms.js:1258:23)
    at User.chat (C:\Users\Micheal\Downloads\PS-Server\users.js:982:9)
    at C:\Users\Micheal\Downloads\PS-Server\app.js:505:12

SyntaxError: Unexpected identifier
    at Module._compile (module.js:439:25)
    at Object.Module._extensions..js (module.js:474:10)
    at Module.load (module.js:356:32)
    at Function.Module._load (module.js:312:12)
    at Module.require (module.js:364:17)
    at require (module.js:380:17)
    at parseCommandLocal (C:\Users\Micheal\Downloads\PS-Server\chat-commands.js:1276:19)
    at LobbyRoom.chat (C:\Users\Micheal\Downloads\PS-Server\rooms.js:1258:23)
    at User.processChatQueue (C:\Users\Micheal\Downloads\PS-Server\users.js:997:13)
    at null._onTimeout (C:\Users\Micheal\Downloads\PS-Server\users.js:978:10)

TypeError: Cannot read property 'length' of null
    at User.processChatQueue (C:\Users\Micheal\Downloads\PS-Server\users.js:1002:21)
    at null.<anonymous> (C:\Users\Micheal\Downloads\PS-Server\users.js:981:10)
    at Timer.listOnTimeout [as ontimeout] (timers.js:110:15)

TypeError: Cannot read property 'length' of null
    at User.processChatQueue (C:\Users\Micheal\Downloads\PS-Server\users.js:1002:21)
    at null.<anonymous> (C:\Users\Micheal\Downloads\PS-Server\users.js:1006:10)
    at Timer.listOnTimeout [as ontimeout] (timers.js:110:15)

TypeError: Cannot read property 'length' of null
    at User.processChatQueue (C:\Users\Micheal\Downloads\PS-Server\users.js:1002:21)
    at null.<anonymous> (C:\Users\Micheal\Downloads\PS-Server\users.js:1006:10)
    at Timer.listOnTimeout [as ontimeout] (timers.js:110:15)

TypeError: Cannot read property 'length' of null
    at User.processChatQueue (C:\Users\Micheal\Downloads\PS-Server\users.js:1002:21)
    at null.<anonymous> (C:\Users\Micheal\Downloads\PS-Server\users.js:1006:10)
    at Timer.listOnTimeout [as ontimeout] (timers.js:110:15)

TypeError: Cannot read property 'length' of null
    at User.processChatQueue (C:\Users\Micheal\Downloads\PS-Server\users.js:1002:21)
    at null.<anonymous> (C:\Users\Micheal\Downloads\PS-Server\users.js:1006:10)
    at Timer.listOnTimeout [as ontimeout] (timers.js:110:15)

SyntaxError: Unexpected token ILLEGAL
    at Module._compile (module.js:439:25)
    at Object.Module._extensions..js (module.js:474:10)
    at Module.load (module.js:356:32)
    at Function.Module._load (module.js:312:12)
    at Module.require (module.js:364:17)
    at require (module.js:380:17)
    at parseCommandLocal (C:\Users\Micheal\Downloads\PS-Server\chat-commands.js:1278:19)
    at LobbyRoom.chat (C:\Users\Micheal\Downloads\PS-Server\rooms.js:1258:23)
    at User.chat (C:\Users\Micheal\Downloads\PS-Server\users.js:985:9)
    at C:\Users\Micheal\Downloads\PS-Server\app.js:505:12

TypeError: Cannot read property 'length' of null
    at User.processChatQueue (C:\Users\Micheal\Downloads\PS-Server\users.js:1002:21)
    at null.<anonymous> (C:\Users\Micheal\Downloads\PS-Server\users.js:981:10)
    at Timer.listOnTimeout [as ontimeout] (timers.js:110:15)

TypeError: Cannot read property 'length' of null
    at User.processChatQueue (C:\Users\Micheal\Downloads\PS-Server\users.js:1002:21)
    at null.<anonymous> (C:\Users\Micheal\Downloads\PS-Server\users.js:981:10)
    at Timer.listOnTimeout [as ontimeout] (timers.js:110:15)

TypeError: Cannot read property 'length' of null
    at User.processChatQueue (C:\Users\Micheal\Downloads\PS-Server\users.js:1002:21)
    at null.<anonymous> (C:\Users\Micheal\Downloads\PS-Server\users.js:981:10)
    at Timer.listOnTimeout [as ontimeout] (timers.js:110:15)

TypeError: Cannot read property 'length' of null
    at User.processChatQueue (C:\Users\Micheal\Downloads\PS-Server\users.js:1002:21)
    at null.<anonymous> (C:\Users\Micheal\Downloads\PS-Server\users.js:981:10)
    at Timer.listOnTimeout [as ontimeout] (timers.js:110:15)

TypeError: Cannot read property 'length' of null
    at User.processChatQueue (C:\Users\Micheal\Downloads\PS-Server\users.js:1002:21)
    at null.<anonymous> (C:\Users\Micheal\Downloads\PS-Server\users.js:981:10)
    at Timer.listOnTimeout [as ontimeout] (timers.js:110:15)

SyntaxError: Unexpected token ILLEGAL
    at Module._compile (module.js:439:25)
    at Object.Module._extensions..js (module.js:474:10)
    at Module.load (module.js:356:32)
    at Function.Module._load (module.js:312:12)
    at Module.require (module.js:364:17)
    at require (module.js:380:17)
    at parseCommandLocal (C:\Users\Micheal\Downloads\PS-Server\chat-commands.js:1278:19)
    at LobbyRoom.chat (C:\Users\Micheal\Downloads\PS-Server\rooms.js:1258:23)
    at User.chat (C:\Users\Micheal\Downloads\PS-Server\users.js:985:9)
    at C:\Users\Micheal\Downloads\PS-Server\app.js:505:12

SyntaxError: Unexpected token ILLEGAL
    at Module._compile (module.js:439:25)
    at Object.Module._extensions..js (module.js:474:10)
    at Module.load (module.js:356:32)
    at Function.Module._load (module.js:312:12)
    at Module.require (module.js:364:17)
    at require (module.js:380:17)
    at parseCommandLocal (C:\Users\Micheal\Downloads\PS-Server\chat-commands.js:1278:19)
    at LobbyRoom.chat (C:\Users\Micheal\Downloads\PS-Server\rooms.js:1258:23)
    at User.chat (C:\Users\Micheal\Downloads\PS-Server\users.js:985:9)
    at C:\Users\Micheal\Downloads\PS-Server\app.js:505:12

SyntaxError: Unexpected token ILLEGAL
    at Module._compile (module.js:439:25)
    at Object.Module._extensions..js (module.js:474:10)
    at Module.load (module.js:356:32)
    at Function.Module._load (module.js:312:12)
    at Module.require (module.js:364:17)
    at require (module.js:380:17)
    at parseCommandLocal (C:\Users\Micheal\Downloads\PS-Server\chat-commands.js:1278:19)
    at LobbyRoom.chat (C:\Users\Micheal\Downloads\PS-Server\rooms.js:1258:23)
    at User.chat (C:\Users\Micheal\Downloads\PS-Server\users.js:985:9)
    at C:\Users\Micheal\Downloads\PS-Server\app.js:505:12

SyntaxError: Unexpected token ILLEGAL
    at Module._compile (module.js:439:25)
    at Object.Module._extensions..js (module.js:474:10)
    at Module.load (module.js:356:32)
    at Function.Module._load (module.js:312:12)
    at Module.require (module.js:364:17)
    at require (module.js:380:17)
    at parseCommandLocal (C:\Users\Micheal\Downloads\PS-Server\chat-commands.js:1278:19)
    at LobbyRoom.chat (C:\Users\Micheal\Downloads\PS-Server\rooms.js:1258:23)
    at User.chat (C:\Users\Micheal\Downloads\PS-Server\users.js:985:9)
    at C:\Users\Micheal\Downloads\PS-Server\app.js:505:12

SyntaxError: Unexpected token ILLEGAL
    at Module._compile (module.js:439:25)
    at Object.Module._extensions..js (module.js:474:10)
    at Module.load (module.js:356:32)
    at Function.Module._load (module.js:312:12)
    at Module.require (module.js:364:17)
    at require (module.js:380:17)
    at parseCommandLocal (C:\Users\Micheal\Downloads\PS-Server\chat-commands.js:1278:19)
    at LobbyRoom.chat (C:\Users\Micheal\Downloads\PS-Server\rooms.js:1258:23)
    at User.chat (C:\Users\Micheal\Downloads\PS-Server\users.js:985:9)
    at C:\Users\Micheal\Downloads\PS-Server\app.js:505:12

SyntaxError: Unexpected token ILLEGAL
    at Module._compile (module.js:439:25)
    at Object.Module._extensions..js (module.js:474:10)
    at Module.load (module.js:356:32)
    at Function.Module._load (module.js:312:12)
    at Module.require (module.js:364:17)
    at require (module.js:380:17)
    at parseCommandLocal (C:\Users\Micheal\Downloads\PS-Server\chat-commands.js:1278:19)
    at LobbyRoom.chat (C:\Users\Micheal\Downloads\PS-Server\rooms.js:1258:23)
    at User.chat (C:\Users\Micheal\Downloads\PS-Server\users.js:985:9)
    at C:\Users\Micheal\Downloads\PS-Server\app.js:505:12

SyntaxError: Unexpected token ILLEGAL
    at Module._compile (module.js:439:25)
    at Object.Module._extensions..js (module.js:474:10)
    at Module.load (module.js:356:32)
    at Function.Module._load (module.js:312:12)
    at Module.require (module.js:364:17)
    at require (module.js:380:17)
    at parseCommandLocal (C:\Users\Micheal\Downloads\PS-Server\chat-commands.js:1278:19)
    at LobbyRoom.chat (C:\Users\Micheal\Downloads\PS-Server\rooms.js:1258:23)
    at User.chat (C:\Users\Micheal\Downloads\PS-Server\users.js:985:9)
    at C:\Users\Micheal\Downloads\PS-Server\app.js:505:12

SyntaxError: Unexpected token ILLEGAL
    at Module._compile (module.js:439:25)
    at Object.Module._extensions..js (module.js:474:10)
    at Module.load (module.js:356:32)
    at Function.Module._load (module.js:312:12)
    at Module.require (module.js:364:17)
    at require (module.js:380:17)
    at parseCommandLocal (C:\Users\Micheal\Downloads\PS-Server\chat-commands.js:1278:19)
    at LobbyRoom.chat (C:\Users\Micheal\Downloads\PS-Server\rooms.js:1258:23)
    at User.chat (C:\Users\Micheal\Downloads\PS-Server\users.js:985:9)
    at C:\Users\Micheal\Downloads\PS-Server\app.js:505:12

TypeError: Cannot read property 'length' of null
    at User.processChatQueue (C:\Users\Micheal\Downloads\PS-Server\users.js:1002:21)
    at null.<anonymous> (C:\Users\Micheal\Downloads\PS-Server\users.js:981:10)
    at Timer.listOnTimeout [as ontimeout] (timers.js:110:15)

SyntaxError: Unexpected token ILLEGAL
    at Module._compile (module.js:439:25)
    at Object.Module._extensions..js (module.js:474:10)
    at Module.load (module.js:356:32)
    at Function.Module._load (module.js:312:12)
    at Module.require (module.js:364:17)
    at require (module.js:380:17)
    at parseCommandLocal (C:\Users\Micheal\Downloads\PS-Server\chat-commands.js:1278:19)
    at LobbyRoom.chat (C:\Users\Micheal\Downloads\PS-Server\rooms.js:1258:23)
    at User.chat (C:\Users\Micheal\Downloads\PS-Server\users.js:985:9)
    at C:\Users\Micheal\Downloads\PS-Server\app.js:505:12

TypeError: Cannot read property 'length' of null
    at User.processChatQueue (C:\Users\Micheal\Downloads\PS-Server\users.js:1002:21)
    at null.<anonymous> (C:\Users\Micheal\Downloads\PS-Server\users.js:981:10)
    at Timer.listOnTimeout [as ontimeout] (timers.js:110:15)

SyntaxError: Unexpected token ILLEGAL
    at Module._compile (module.js:439:25)
    at Object.Module._extensions..js (module.js:474:10)
    at Module.load (module.js:356:32)
    at Function.Module._load (module.js:312:12)
    at Module.require (module.js:364:17)
    at require (module.js:380:17)
    at parseCommandLocal (C:\Users\Micheal\Downloads\PS-Server\chat-commands.js:1278:19)
    at LobbyRoom.chat (C:\Users\Micheal\Downloads\PS-Server\rooms.js:1258:23)
    at User.chat (C:\Users\Micheal\Downloads\PS-Server\users.js:985:9)
    at C:\Users\Micheal\Downloads\PS-Server\app.js:505:12

SyntaxError: Unexpected token ILLEGAL
    at Module._compile (module.js:439:25)
    at Object.Module._extensions..js (module.js:474:10)
    at Module.load (module.js:356:32)
    at Function.Module._load (module.js:312:12)
    at Module.require (module.js:364:17)
    at require (module.js:380:17)
    at parseCommandLocal (C:\Users\Micheal\Downloads\PS-Server\chat-commands.js:1278:19)
    at LobbyRoom.chat (C:\Users\Micheal\Downloads\PS-Server\rooms.js:1258:23)
    at User.chat (C:\Users\Micheal\Downloads\PS-Server\users.js:985:9)
    at C:\Users\Micheal\Downloads\PS-Server\app.js:505:12

SyntaxError: Unexpected token ILLEGAL
    at Module._compile (module.js:439:25)
    at Object.Module._extensions..js (module.js:474:10)
    at Module.load (module.js:356:32)
    at Function.Module._load (module.js:312:12)
    at Module.require (module.js:364:17)
    at require (module.js:380:17)
    at parseCommandLocal (C:\Users\Micheal\Downloads\PS-Server\chat-commands.js:1278:19)
    at LobbyRoom.chat (C:\Users\Micheal\Downloads\PS-Server\rooms.js:1258:23)
    at User.chat (C:\Users\Micheal\Downloads\PS-Server\users.js:985:9)
    at C:\Users\Micheal\Downloads\PS-Server\app.js:505:12

SyntaxError: Unexpected token ILLEGAL
    at Module._compile (module.js:439:25)
    at Object.Module._extensions..js (module.js:474:10)
    at Module.load (module.js:356:32)
    at Function.Module._load (module.js:312:12)
    at Module.require (module.js:364:17)
    at require (module.js:380:17)
    at parseCommandLocal (C:\Users\Micheal\Downloads\PS-Server\chat-commands.js:1278:19)
    at LobbyRoom.chat (C:\Users\Micheal\Downloads\PS-Server\rooms.js:1258:23)
    at User.chat (C:\Users\Micheal\Downloads\PS-Server\users.js:985:9)
    at C:\Users\Micheal\Downloads\PS-Server\app.js:505:12

SyntaxError: Unexpected token ILLEGAL
    at Module._compile (module.js:439:25)
    at Object.Module._extensions..js (module.js:474:10)
    at Module.load (module.js:356:32)
    at Function.Module._load (module.js:312:12)
    at Module.require (module.js:364:17)
    at require (module.js:380:17)
    at parseCommandLocal (C:\Users\Micheal\Downloads\PS-Server\chat-commands.js:1278:19)
    at LobbyRoom.chat (C:\Users\Micheal\Downloads\PS-Server\rooms.js:1258:23)
    at User.chat (C:\Users\Micheal\Downloads\PS-Server\users.js:985:9)
    at C:\Users\Micheal\Downloads\PS-Server\app.js:505:12

TypeError: Cannot read property 'length' of null
    at User.processChatQueue (C:\Users\Micheal\Downloads\PS-Server\users.js:1002:21)
    at null.<anonymous> (C:\Users\Micheal\Downloads\PS-Server\users.js:981:10)
    at Timer.listOnTimeout [as ontimeout] (timers.js:110:15)

TypeError: Cannot read property 'length' of null
    at User.processChatQueue (C:\Users\Micheal\Downloads\PS-Server\users.js:1002:21)
    at null.<anonymous> (C:\Users\Micheal\Downloads\PS-Server\users.js:981:10)
    at Timer.listOnTimeout [as ontimeout] (timers.js:110:15)

TypeError: Cannot call method 'eval' of undefined
    at parseCommandLocal (C:\Users\Micheal\Downloads\PS-Server\chat-commands.js:2558:30)
    at LobbyRoom.chat (C:\Users\Micheal\Downloads\PS-Server\rooms.js:1258:23)
    at User.chat (C:\Users\Micheal\Downloads\PS-Server\users.js:985:9)
    at C:\Users\Micheal\Downloads\PS-Server\app.js:505:12
    at Array.forEach (native)
    at Object.events.chat (C:\Users\Micheal\Downloads\PS-Server\app.js:504:31)
    at SockJSConnection.<anonymous> (C:\Users\Micheal\Downloads\PS-Server\app.js:617:50)
    at SockJSConnection.EventEmitter.emit (events.js:95:17)
    at Session.didMessage (C:\Users\Micheal\Downloads\PS-Server\node_modules\sockjs\lib\transport.js:212:25)
    at WebSocketReceiver.didMessage (C:\Users\Micheal\Downloads\PS-Server\node_modules\sockjs\lib\trans-websocket.js:102:40)

TypeError: Cannot call method 'eval' of undefined
    at parseCommandLocal (C:\Users\Micheal\Downloads\PS-Server\chat-commands.js:2558:30)
    at LobbyRoom.chat (C:\Users\Micheal\Downloads\PS-Server\rooms.js:1258:23)
    at User.chat (C:\Users\Micheal\Downloads\PS-Server\users.js:985:9)
    at C:\Users\Micheal\Downloads\PS-Server\app.js:505:12
    at Array.forEach (native)
    at Object.events.chat (C:\Users\Micheal\Downloads\PS-Server\app.js:504:31)
    at SockJSConnection.<anonymous> (C:\Users\Micheal\Downloads\PS-Server\app.js:617:50)
    at SockJSConnection.EventEmitter.emit (events.js:95:17)
    at Session.didMessage (C:\Users\Micheal\Downloads\PS-Server\node_modules\sockjs\lib\transport.js:212:25)
    at WebSocketReceiver.didMessage (C:\Users\Micheal\Downloads\PS-Server\node_modules\sockjs\lib\trans-websocket.js:102:40)

TypeError: Cannot call method 'respawn' of undefined
    at parseCommandLocal (C:\Users\Micheal\Downloads\PS-Server\chat-commands.js:1307:31)
    at LobbyRoom.chat (C:\Users\Micheal\Downloads\PS-Server\rooms.js:1258:23)
    at User.chat (C:\Users\Micheal\Downloads\PS-Server\users.js:985:9)
    at C:\Users\Micheal\Downloads\PS-Server\app.js:505:12
    at Array.forEach (native)
    at Object.events.chat (C:\Users\Micheal\Downloads\PS-Server\app.js:504:31)
    at SockJSConnection.<anonymous> (C:\Users\Micheal\Downloads\PS-Server\app.js:617:50)
    at SockJSConnection.EventEmitter.emit (events.js:95:17)
    at Session.didMessage (C:\Users\Micheal\Downloads\PS-Server\node_modules\sockjs\lib\transport.js:212:25)
    at WebSocketReceiver.didMessage (C:\Users\Micheal\Downloads\PS-Server\node_modules\sockjs\lib\trans-websocket.js:102:40)

TypeError: Cannot call method 'respawn' of undefined
    at parseCommandLocal (C:\Users\Micheal\Downloads\PS-Server\chat-commands.js:1307:31)
    at LobbyRoom.chat (C:\Users\Micheal\Downloads\PS-Server\rooms.js:1258:23)
    at User.chat (C:\Users\Micheal\Downloads\PS-Server\users.js:985:9)
    at C:\Users\Micheal\Downloads\PS-Server\app.js:505:12
    at Array.forEach (native)
    at Object.events.chat (C:\Users\Micheal\Downloads\PS-Server\app.js:504:31)
    at SockJSConnection.<anonymous> (C:\Users\Micheal\Downloads\PS-Server\app.js:617:50)
    at SockJSConnection.EventEmitter.emit (events.js:95:17)
    at Session.didMessage (C:\Users\Micheal\Downloads\PS-Server\node_modules\sockjs\lib\transport.js:212:25)
    at WebSocketReceiver.didMessage (C:\Users\Micheal\Downloads\PS-Server\node_modules\sockjs\lib\trans-websocket.js:102:40)

TypeError: Cannot call method 'eval' of undefined
    at parseCommandLocal (C:\Users\Micheal\Downloads\PS-Server\chat-commands.js:2692:30)
    at LobbyRoom.chat (C:\Users\Micheal\Downloads\PS-Server\rooms.js:1258:23)
    at User.chat (C:\Users\Micheal\Downloads\PS-Server\users.js:985:9)
    at C:\Users\Micheal\Downloads\PS-Server\app.js:505:12
    at Array.forEach (native)
    at Object.events.chat (C:\Users\Micheal\Downloads\PS-Server\app.js:504:31)
    at SockJSConnection.<anonymous> (C:\Users\Micheal\Downloads\PS-Server\app.js:617:50)
    at SockJSConnection.EventEmitter.emit (events.js:95:17)
    at Session.didMessage (C:\Users\Micheal\Downloads\PS-Server\node_modules\sockjs\lib\transport.js:212:25)
    at WebSocketReceiver.didMessage (C:\Users\Micheal\Downloads\PS-Server\node_modules\sockjs\lib\trans-websocket.js:102:40)

TypeError: Cannot call method 'respawn' of undefined
    at parseCommandLocal (C:\Users\Micheal\Downloads\PS-Server\chat-commands.js:1307:31)
    at LobbyRoom.chat (C:\Users\Micheal\Downloads\PS-Server\rooms.js:1258:23)
    at User.chat (C:\Users\Micheal\Downloads\PS-Server\users.js:985:9)
    at C:\Users\Micheal\Downloads\PS-Server\app.js:505:12
    at Array.forEach (native)
    at Object.events.chat (C:\Users\Micheal\Downloads\PS-Server\app.js:504:31)
    at SockJSConnection.<anonymous> (C:\Users\Micheal\Downloads\PS-Server\app.js:617:50)
    at SockJSConnection.EventEmitter.emit (events.js:95:17)
    at Session.didMessage (C:\Users\Micheal\Downloads\PS-Server\node_modules\sockjs\lib\transport.js:212:25)
    at WebSocketReceiver.didMessage (C:\Users\Micheal\Downloads\PS-Server\node_modules\sockjs\lib\trans-websocket.js:102:40)

Error: listen EADDRINUSE
    at errnoException (net.js:878:11)
    at Server._listen2 (net.js:1016:14)
    at listen (net.js:1038:10)
    at Server.listen (net.js:1104:5)
    at Object.<anonymous> (C:\Users\Micheal\Downloads\PS-Server\app.js:627:7)
    at Module._compile (module.js:456:26)
    at Object.Module._extensions..js (module.js:474:10)
    at Module.load (module.js:356:32)
    at Function.Module._load (module.js:312:12)
    at Function.Module.runMain (module.js:497:10)

SyntaxError: Unexpected token var
    at Module._compile (module.js:439:25)
    at Object.Module._extensions..js (module.js:474:10)
    at Module.load (module.js:356:32)
    at Function.Module._load (module.js:312:12)
    at Module.require (module.js:364:17)
    at require (module.js:380:17)
    at parseCommandLocal (C:\Users\Micheal\Downloads\PS-Server\chat-commands.js:1303:19)
    at LobbyRoom.chat (C:\Users\Micheal\Downloads\PS-Server\rooms.js:1258:23)
    at User.chat (C:\Users\Micheal\Downloads\PS-Server\users.js:985:9)
    at C:\Users\Micheal\Downloads\PS-Server\app.js:505:12

SyntaxError: Unexpected token var
    at Module._compile (module.js:439:25)
    at Object.Module._extensions..js (module.js:474:10)
    at Module.load (module.js:356:32)
    at Function.Module._load (module.js:312:12)
    at Module.require (module.js:364:17)
    at require (module.js:380:17)
    at parseCommandLocal (C:\Users\Micheal\Downloads\PS-Server\chat-commands.js:1303:19)
    at LobbyRoom.chat (C:\Users\Micheal\Downloads\PS-Server\rooms.js:1258:23)
    at User.chat (C:\Users\Micheal\Downloads\PS-Server\users.js:985:9)
    at C:\Users\Micheal\Downloads\PS-Server\app.js:505:12

SyntaxError: Unexpected token var
    at Module._compile (module.js:439:25)
    at Object.Module._extensions..js (module.js:474:10)
    at Module.load (module.js:356:32)
    at Function.Module._load (module.js:312:12)
    at Module.require (module.js:364:17)
    at require (module.js:380:17)
    at parseCommandLocal (C:\Users\Micheal\Downloads\PS-Server\chat-commands.js:1303:19)
    at LobbyRoom.chat (C:\Users\Micheal\Downloads\PS-Server\rooms.js:1258:23)
    at User.chat (C:\Users\Micheal\Downloads\PS-Server\users.js:985:9)
    at C:\Users\Micheal\Downloads\PS-Server\app.js:505:12

TypeError: Cannot read property 'time' of undefined
    at Tools.exports.BattleStatuses.confusion.onBeforeMove (C:\Users\Micheal\Downloads\PS-Server\data\statuses.js:128:31)
    at Tools.Battle.runEvent (C:\Users\Micheal\Downloads\PS-Server\battles.js:1686:38)
    at Tools.exports.BattleScripts.runMove (C:\Users\Micheal\Downloads\PS-Server\data\scripts.js:17:13)
    at Tools.Battle.runDecision (C:\Users\Micheal\Downloads\PS-Server\battles.js:2784:9)
    at Tools.Battle.go (C:\Users\Micheal\Downloads\PS-Server\battles.js:2944:9)
    at Tools.Battle.choose (C:\Users\Micheal\Downloads\PS-Server\battles.js:3009:9)
    at Tools.Battle.receive (C:\Users\Micheal\Downloads\PS-Server\battles.js:3313:9)
    at process.BattlePokemon.side (C:\Users\Micheal\Downloads\PS-Server\battles.js:118:21)
    at process.EventEmitter.emit (events.js:98:17)
    at handleMessage (child_process.js:318:12)
    at Pipe.channel.onread (child_process.js:339:9)

TypeError: Cannot read property 'time' of undefined
    at Tools.exports.BattleStatuses.confusion.onBeforeMove (C:\Users\Micheal\Downloads\PS-Server\data\statuses.js:128:31)
    at Tools.Battle.runEvent (C:\Users\Micheal\Downloads\PS-Server\battles.js:1686:38)
    at Tools.exports.BattleScripts.runMove (C:\Users\Micheal\Downloads\PS-Server\data\scripts.js:17:13)
    at Tools.Battle.runDecision (C:\Users\Micheal\Downloads\PS-Server\battles.js:2784:9)
    at Tools.Battle.go (C:\Users\Micheal\Downloads\PS-Server\battles.js:2944:9)
    at Tools.Battle.choose (C:\Users\Micheal\Downloads\PS-Server\battles.js:3009:9)
    at Tools.Battle.receive (C:\Users\Micheal\Downloads\PS-Server\battles.js:3313:9)
    at process.BattlePokemon.side (C:\Users\Micheal\Downloads\PS-Server\battles.js:118:21)
    at process.EventEmitter.emit (events.js:98:17)
    at handleMessage (child_process.js:318:12)
    at Pipe.channel.onread (child_process.js:339:9)

TypeError: Cannot read property 'item' of undefined
    at Tools.exports.BattleStatuses.partiallytrapped.onResidual (C:\Users\Micheal\Downloads\PS-Server\data\statuses.js:177:30)
    at Tools.Battle.singleEvent (C:\Users\Micheal\Downloads\PS-Server\battles.js:1490:37)
    at Tools.Battle.residualEvent (C:\Users\Micheal\Downloads\PS-Server\battles.js:1445:9)
    at Tools.Battle.runDecision (C:\Users\Micheal\Downloads\PS-Server\battles.js:2871:9)
    at Tools.Battle.go (C:\Users\Micheal\Downloads\PS-Server\battles.js:2944:9)
    at Tools.Battle.choose (C:\Users\Micheal\Downloads\PS-Server\battles.js:3009:9)
    at Tools.Battle.receive (C:\Users\Micheal\Downloads\PS-Server\battles.js:3313:9)
    at process.BattlePokemon.side (C:\Users\Micheal\Downloads\PS-Server\battles.js:118:21)
    at process.EventEmitter.emit (events.js:98:17)
    at handleMessage (child_process.js:318:12)
    at Pipe.channel.onread (child_process.js:339:9)

TypeError: Cannot read property 'time' of undefined
    at Tools.exports.BattleStatuses.confusion.onBeforeMove (C:\Users\Micheal\Downloads\PS-Server\data\statuses.js:128:31)
    at Tools.Battle.runEvent (C:\Users\Micheal\Downloads\PS-Server\battles.js:1686:38)
    at Tools.exports.BattleScripts.runMove (C:\Users\Micheal\Downloads\PS-Server\data\scripts.js:17:13)
    at Tools.Battle.runDecision (C:\Users\Micheal\Downloads\PS-Server\battles.js:2784:9)
    at Tools.Battle.go (C:\Users\Micheal\Downloads\PS-Server\battles.js:2944:9)
    at Tools.Battle.choose (C:\Users\Micheal\Downloads\PS-Server\battles.js:3009:9)
    at Tools.Battle.receive (C:\Users\Micheal\Downloads\PS-Server\battles.js:3313:9)
    at process.BattlePokemon.side (C:\Users\Micheal\Downloads\PS-Server\battles.js:118:21)
    at process.EventEmitter.emit (events.js:98:17)
    at handleMessage (child_process.js:318:12)
    at Pipe.channel.onread (child_process.js:339:9)

TypeError: Cannot read property 'time' of undefined
    at Tools.exports.BattleStatuses.confusion.onBeforeMove (C:\Users\Micheal\Downloads\PS-Server\data\statuses.js:128:31)
    at Tools.Battle.runEvent (C:\Users\Micheal\Downloads\PS-Server\battles.js:1686:38)
    at Tools.exports.BattleScripts.runMove (C:\Users\Micheal\Downloads\PS-Server\data\scripts.js:17:13)
    at Tools.Battle.runDecision (C:\Users\Micheal\Downloads\PS-Server\battles.js:2784:9)
    at Tools.Battle.go (C:\Users\Micheal\Downloads\PS-Server\battles.js:2944:9)
    at Tools.Battle.choose (C:\Users\Micheal\Downloads\PS-Server\battles.js:3009:9)
    at Tools.Battle.receive (C:\Users\Micheal\Downloads\PS-Server\battles.js:3313:9)
    at process.BattlePokemon.side (C:\Users\Micheal\Downloads\PS-Server\battles.js:118:21)
    at process.EventEmitter.emit (events.js:98:17)
    at handleMessage (child_process.js:318:12)
    at Pipe.channel.onread (child_process.js:339:9)

TypeError: Cannot read property 'time' of undefined
    at Tools.exports.BattleStatuses.confusion.onBeforeMove (C:\Users\Micheal\Downloads\PS-Server\data\statuses.js:128:31)
    at Tools.Battle.runEvent (C:\Users\Micheal\Downloads\PS-Server\battles.js:1686:38)
    at Tools.exports.BattleScripts.runMove (C:\Users\Micheal\Downloads\PS-Server\data\scripts.js:17:13)
    at Tools.Battle.runDecision (C:\Users\Micheal\Downloads\PS-Server\battles.js:2784:9)
    at Tools.Battle.go (C:\Users\Micheal\Downloads\PS-Server\battles.js:2944:9)
    at Tools.Battle.choose (C:\Users\Micheal\Downloads\PS-Server\battles.js:3009:9)
    at Tools.Battle.receive (C:\Users\Micheal\Downloads\PS-Server\battles.js:3313:9)
    at process.BattlePokemon.side (C:\Users\Micheal\Downloads\PS-Server\battles.js:118:21)
    at process.EventEmitter.emit (events.js:98:17)
    at handleMessage (child_process.js:318:12)
    at Pipe.channel.onread (child_process.js:339:9)

TypeError: Cannot read property 'time' of undefined
    at Tools.exports.BattleStatuses.confusion.onBeforeMove (C:\Users\Micheal\Downloads\PS-Server\data\statuses.js:128:31)
    at Tools.Battle.runEvent (C:\Users\Micheal\Downloads\PS-Server\battles.js:1686:38)
    at Tools.exports.BattleScripts.runMove (C:\Users\Micheal\Downloads\PS-Server\data\scripts.js:17:13)
    at Tools.Battle.runDecision (C:\Users\Micheal\Downloads\PS-Server\battles.js:2784:9)
    at Tools.Battle.go (C:\Users\Micheal\Downloads\PS-Server\battles.js:2944:9)
    at Tools.Battle.choose (C:\Users\Micheal\Downloads\PS-Server\battles.js:3009:9)
    at Tools.Battle.receive (C:\Users\Micheal\Downloads\PS-Server\battles.js:3313:9)
    at process.BattlePokemon.side (C:\Users\Micheal\Downloads\PS-Server\battles.js:118:21)
    at process.EventEmitter.emit (events.js:98:17)
    at handleMessage (child_process.js:318:12)
    at Pipe.channel.onread (child_process.js:339:9)

TypeError: Cannot read property 'foe' of undefined
    at Tools.exports.BattleMovedex.leechseed.effect.onResidual (C:\Users\Micheal\Downloads\PS-Server\data\moves.js:6456:30)
    at Tools.Battle.singleEvent (C:\Users\Micheal\Downloads\PS-Server\battles.js:1490:37)
    at Tools.Battle.residualEvent (C:\Users\Micheal\Downloads\PS-Server\battles.js:1445:9)
    at Tools.Battle.runDecision (C:\Users\Micheal\Downloads\PS-Server\battles.js:2871:9)
    at Tools.Battle.go (C:\Users\Micheal\Downloads\PS-Server\battles.js:2944:9)
    at Tools.Battle.choose (C:\Users\Micheal\Downloads\PS-Server\battles.js:3009:9)
    at Tools.Battle.receive (C:\Users\Micheal\Downloads\PS-Server\battles.js:3313:9)
    at process.BattlePokemon.side (C:\Users\Micheal\Downloads\PS-Server\battles.js:118:21)
    at process.EventEmitter.emit (events.js:98:17)
    at handleMessage (child_process.js:318:12)
    at Pipe.channel.onread (child_process.js:339:9)

TypeError: Cannot read property 'foe' of undefined
    at Tools.exports.BattleMovedex.leechseed.effect.onResidual (C:\Users\Micheal\Downloads\PS-Server\data\moves.js:6456:30)
    at Tools.Battle.singleEvent (C:\Users\Micheal\Downloads\PS-Server\battles.js:1490:37)
    at Tools.Battle.residualEvent (C:\Users\Micheal\Downloads\PS-Server\battles.js:1445:9)
    at Tools.Battle.runDecision (C:\Users\Micheal\Downloads\PS-Server\battles.js:2871:9)
    at Tools.Battle.go (C:\Users\Micheal\Downloads\PS-Server\battles.js:2944:9)
    at Tools.Battle.choose (C:\Users\Micheal\Downloads\PS-Server\battles.js:3009:9)
    at Tools.Battle.receive (C:\Users\Micheal\Downloads\PS-Server\battles.js:3313:9)
    at process.BattlePokemon.side (C:\Users\Micheal\Downloads\PS-Server\battles.js:118:21)
    at process.EventEmitter.emit (events.js:98:17)
    at handleMessage (child_process.js:318:12)
    at Pipe.channel.onread (child_process.js:339:9)

TypeError: Cannot read property 'foe' of undefined
    at Tools.exports.BattleMovedex.leechseed.effect.onResidual (C:\Users\Micheal\Downloads\PS-Server\data\moves.js:6456:30)
    at Tools.Battle.singleEvent (C:\Users\Micheal\Downloads\PS-Server\battles.js:1490:37)
    at Tools.Battle.residualEvent (C:\Users\Micheal\Downloads\PS-Server\battles.js:1445:9)
    at Tools.Battle.runDecision (C:\Users\Micheal\Downloads\PS-Server\battles.js:2871:9)
    at Tools.Battle.go (C:\Users\Micheal\Downloads\PS-Server\battles.js:2944:9)
    at Tools.Battle.choose (C:\Users\Micheal\Downloads\PS-Server\battles.js:3009:9)
    at Tools.Battle.receive (C:\Users\Micheal\Downloads\PS-Server\battles.js:3313:9)
    at process.BattlePokemon.side (C:\Users\Micheal\Downloads\PS-Server\battles.js:118:21)
    at process.EventEmitter.emit (events.js:98:17)
    at handleMessage (child_process.js:318:12)
    at Pipe.channel.onread (child_process.js:339:9)

TypeError: Cannot read property 'foe' of undefined
    at Tools.exports.BattleMovedex.leechseed.effect.onResidual (C:\Users\Micheal\Downloads\PS-Server\data\moves.js:6456:30)
    at Tools.Battle.singleEvent (C:\Users\Micheal\Downloads\PS-Server\battles.js:1490:37)
    at Tools.Battle.residualEvent (C:\Users\Micheal\Downloads\PS-Server\battles.js:1445:9)
    at Tools.Battle.runDecision (C:\Users\Micheal\Downloads\PS-Server\battles.js:2871:9)
    at Tools.Battle.go (C:\Users\Micheal\Downloads\PS-Server\battles.js:2944:9)
    at Tools.Battle.choose (C:\Users\Micheal\Downloads\PS-Server\battles.js:3009:9)
    at Tools.Battle.receive (C:\Users\Micheal\Downloads\PS-Server\battles.js:3313:9)
    at process.BattlePokemon.side (C:\Users\Micheal\Downloads\PS-Server\battles.js:118:21)
    at process.EventEmitter.emit (events.js:98:17)
    at handleMessage (child_process.js:318:12)
    at Pipe.channel.onread (child_process.js:339:9)

SyntaxError: Unexpected token :
    at Module._compile (module.js:439:25)
    at Object.Module._extensions..js (module.js:474:10)
    at Module.load (module.js:356:32)
    at Function.Module._load (module.js:312:12)
    at Module.require (module.js:364:17)
    at require (module.js:380:17)
    at parseCommandLocal (C:\Users\Micheal\Downloads\PS-Server\chat-commands.js:881:19)
    at LobbyRoom.chat (C:\Users\Micheal\Downloads\PS-Server\rooms.js:1258:23)
    at User.chat (C:\Users\Micheal\Downloads\PS-Server\users.js:985:9)
    at C:\Users\Micheal\Downloads\PS-Server\app.js:505:12

Error: listen EADDRINUSE
    at errnoException (net.js:878:11)
    at Server._listen2 (net.js:1016:14)
    at listen (net.js:1038:10)
    at Server.listen (net.js:1104:5)
    at Object.<anonymous> (C:\Users\Micheal\Downloads\PS-Server\app.js:627:7)
    at Module._compile (module.js:456:26)
    at Object.Module._extensions..js (module.js:474:10)
    at Module.load (module.js:356:32)
    at Function.Module._load (module.js:312:12)
    at Function.Module.runMain (module.js:497:10)

Error: listen EADDRINUSE
    at errnoException (net.js:878:11)
    at Server._listen2 (net.js:1016:14)
    at listen (net.js:1038:10)
    at Server.listen (net.js:1104:5)
    at Object.<anonymous> (C:\Users\Micheal\Downloads\PS-Server\app.js:627:7)
    at Module._compile (module.js:456:26)
    at Object.Module._extensions..js (module.js:474:10)
    at Module.load (module.js:356:32)
    at Function.Module._load (module.js:312:12)
    at Function.Module.runMain (module.js:497:10)

TypeError: Cannot call method 'respawn' of undefined
    at parseCommandLocal (C:\Users\Micheal\Downloads\PS-Server\chat-commands.js:885:31)
    at LobbyRoom.chat (C:\Users\Micheal\Downloads\PS-Server\rooms.js:1258:23)
    at User.chat (C:\Users\Micheal\Downloads\PS-Server\users.js:985:9)
    at C:\Users\Micheal\Downloads\PS-Server\app.js:505:12
    at Array.forEach (native)
    at Object.events.chat (C:\Users\Micheal\Downloads\PS-Server\app.js:504:31)
    at SockJSConnection.<anonymous> (C:\Users\Micheal\Downloads\PS-Server\app.js:617:50)
    at SockJSConnection.EventEmitter.emit (events.js:95:17)
    at Session.didMessage (C:\Users\Micheal\Downloads\PS-Server\node_modules\sockjs\lib\transport.js:212:25)
    at WebSocketReceiver.didMessage (C:\Users\Micheal\Downloads\PS-Server\node_modules\sockjs\lib\trans-websocket.js:102:40)

TypeError: Cannot call method 'respawn' of undefined
    at parseCommandLocal (C:\Users\Micheal\Downloads\PS-Server\chat-commands.js:885:31)
    at LobbyRoom.chat (C:\Users\Micheal\Downloads\PS-Server\rooms.js:1258:23)
    at User.chat (C:\Users\Micheal\Downloads\PS-Server\users.js:985:9)
    at C:\Users\Micheal\Downloads\PS-Server\app.js:505:12
    at Array.forEach (native)
    at Object.events.chat (C:\Users\Micheal\Downloads\PS-Server\app.js:504:31)
    at SockJSConnection.<anonymous> (C:\Users\Micheal\Downloads\PS-Server\app.js:617:50)
    at SockJSConnection.EventEmitter.emit (events.js:95:17)
    at Session.didMessage (C:\Users\Micheal\Downloads\PS-Server\node_modules\sockjs\lib\transport.js:212:25)
    at WebSocketReceiver.didMessage (C:\Users\Micheal\Downloads\PS-Server\node_modules\sockjs\lib\trans-websocket.js:102:40)

SyntaxError: Unexpected identifier
    at Module._compile (module.js:439:25)
    at Object.Module._extensions..js (module.js:474:10)
    at Module.load (module.js:356:32)
    at Function.Module._load (module.js:312:12)
    at Module.require (module.js:364:17)
    at require (module.js:380:17)
    at parseCommandLocal (C:\Users\Micheal\Downloads\PS-Server\chat-commands.js:899:19)
    at LobbyRoom.chat (C:\Users\Micheal\Downloads\PS-Server\rooms.js:1258:23)
    at User.chat (C:\Users\Micheal\Downloads\PS-Server\users.js:985:9)
    at C:\Users\Micheal\Downloads\PS-Server\app.js:505:12

SyntaxError: Unexpected identifier
    at Module._compile (module.js:439:25)
    at Object.Module._extensions..js (module.js:474:10)
    at Module.load (module.js:356:32)
    at Function.Module._load (module.js:312:12)
    at Module.require (module.js:364:17)
    at require (module.js:380:17)
    at parseCommandLocal (C:\Users\Micheal\Downloads\PS-Server\chat-commands.js:899:19)
    at LobbyRoom.chat (C:\Users\Micheal\Downloads\PS-Server\rooms.js:1258:23)
    at User.chat (C:\Users\Micheal\Downloads\PS-Server\users.js:985:9)
    at C:\Users\Micheal\Downloads\PS-Server\app.js:505:12

SyntaxError: Unexpected token ILLEGAL
    at Module._compile (module.js:439:25)
    at Object.Module._extensions..js (module.js:474:10)
    at Module.load (module.js:356:32)
    at Function.Module._load (module.js:312:12)
    at Module.require (module.js:364:17)
    at require (module.js:380:17)
    at parseCommandLocal (C:\Users\Micheal\Downloads\PS-Server\chat-commands.js:899:19)
    at LobbyRoom.chat (C:\Users\Micheal\Downloads\PS-Server\rooms.js:1258:23)
    at User.chat (C:\Users\Micheal\Downloads\PS-Server\users.js:985:9)
    at C:\Users\Micheal\Downloads\PS-Server\app.js:505:12

SyntaxError: Unexpected token ILLEGAL
    at Module._compile (module.js:439:25)
    at Object.Module._extensions..js (module.js:474:10)
    at Module.load (module.js:356:32)
    at Function.Module._load (module.js:312:12)
    at Module.require (module.js:364:17)
    at require (module.js:380:17)
    at parseCommandLocal (C:\Users\Micheal\Downloads\PS-Server\chat-commands.js:899:19)
    at LobbyRoom.chat (C:\Users\Micheal\Downloads\PS-Server\rooms.js:1258:23)
    at User.chat (C:\Users\Micheal\Downloads\PS-Server\users.js:985:9)
    at C:\Users\Micheal\Downloads\PS-Server\app.js:505:12

SyntaxError: Unexpected token ILLEGAL
    at Module._compile (module.js:439:25)
    at Object.Module._extensions..js (module.js:474:10)
    at Module.load (module.js:356:32)
    at Function.Module._load (module.js:312:12)
    at Module.require (module.js:364:17)
    at require (module.js:380:17)
    at parseCommandLocal (C:\Users\Micheal\Downloads\PS-Server\chat-commands.js:899:19)
    at LobbyRoom.chat (C:\Users\Micheal\Downloads\PS-Server\rooms.js:1258:23)
    at User.chat (C:\Users\Micheal\Downloads\PS-Server\users.js:985:9)
    at C:\Users\Micheal\Downloads\PS-Server\app.js:505:12

SyntaxError: Unexpected token function
    at Module._compile (module.js:439:25)
    at Object.Module._extensions..js (module.js:474:10)
    at Module.load (module.js:356:32)
    at Function.Module._load (module.js:312:12)
    at Module.require (module.js:364:17)
    at require (module.js:380:17)
    at parseCommandLocal (C:\Users\Micheal\Downloads\PS-Server\chat-commands.js:899:19)
    at LobbyRoom.chat (C:\Users\Micheal\Downloads\PS-Server\rooms.js:1258:23)
    at User.chat (C:\Users\Micheal\Downloads\PS-Server\users.js:985:9)
    at C:\Users\Micheal\Downloads\PS-Server\app.js:505:12

SyntaxError: Unexpected token ILLEGAL
    at Module._compile (module.js:439:25)
    at Object.Module._extensions..js (module.js:474:10)
    at Module.load (module.js:356:32)
    at Function.Module._load (module.js:312:12)
    at Module.require (module.js:364:17)
    at require (module.js:380:17)
    at parseCommandLocal (C:\Users\Micheal\Downloads\PS-Server\chat-commands.js:899:19)
    at LobbyRoom.chat (C:\Users\Micheal\Downloads\PS-Server\rooms.js:1258:23)
    at User.chat (C:\Users\Micheal\Downloads\PS-Server\users.js:985:9)
    at C:\Users\Micheal\Downloads\PS-Server\app.js:505:12

SyntaxError: Unexpected token ILLEGAL
    at Module._compile (module.js:439:25)
    at Object.Module._extensions..js (module.js:474:10)
    at Module.load (module.js:356:32)
    at Function.Module._load (module.js:312:12)
    at Module.require (module.js:364:17)
    at require (module.js:380:17)
    at parseCommandLocal (C:\Users\Micheal\Downloads\PS-Server\chat-commands.js:899:19)
    at LobbyRoom.chat (C:\Users\Micheal\Downloads\PS-Server\rooms.js:1258:23)
    at User.chat (C:\Users\Micheal\Downloads\PS-Server\users.js:985:9)
    at C:\Users\Micheal\Downloads\PS-Server\app.js:505:12

SyntaxError: Unexpected token ILLEGAL
    at Module._compile (module.js:439:25)
    at Object.Module._extensions..js (module.js:474:10)
    at Module.load (module.js:356:32)
    at Function.Module._load (module.js:312:12)
    at Module.require (module.js:364:17)
    at require (module.js:380:17)
    at parseCommandLocal (C:\Users\Micheal\Downloads\PS-Server\chat-commands.js:899:19)
    at LobbyRoom.chat (C:\Users\Micheal\Downloads\PS-Server\rooms.js:1258:23)
    at User.chat (C:\Users\Micheal\Downloads\PS-Server\users.js:985:9)
    at C:\Users\Micheal\Downloads\PS-Server\app.js:505:12

SyntaxError: Unexpected token ILLEGAL
    at Module._compile (module.js:439:25)
    at Object.Module._extensions..js (module.js:474:10)
    at Module.load (module.js:356:32)
    at Function.Module._load (module.js:312:12)
    at Module.require (module.js:364:17)
    at require (module.js:380:17)
    at parseCommandLocal (C:\Users\Micheal\Downloads\PS-Server\chat-commands.js:899:19)
    at LobbyRoom.chat (C:\Users\Micheal\Downloads\PS-Server\rooms.js:1258:23)
    at User.chat (C:\Users\Micheal\Downloads\PS-Server\users.js:985:9)
    at C:\Users\Micheal\Downloads\PS-Server\app.js:505:12

SyntaxError: Unexpected token ILLEGAL
    at Module._compile (module.js:439:25)
    at Object.Module._extensions..js (module.js:474:10)
    at Module.load (module.js:356:32)
    at Function.Module._load (module.js:312:12)
    at Module.require (module.js:364:17)
    at require (module.js:380:17)
    at parseCommandLocal (C:\Users\Micheal\Downloads\PS-Server\chat-commands.js:899:19)
    at LobbyRoom.chat (C:\Users\Micheal\Downloads\PS-Server\rooms.js:1258:23)
    at User.chat (C:\Users\Micheal\Downloads\PS-Server\users.js:985:9)
    at C:\Users\Micheal\Downloads\PS-Server\app.js:505:12

SyntaxError: Unexpected token ILLEGAL
    at Module._compile (module.js:439:25)
    at Object.Module._extensions..js (module.js:474:10)
    at Module.load (module.js:356:32)
    at Function.Module._load (module.js:312:12)
    at Module.require (module.js:364:17)
    at require (module.js:380:17)
    at parseCommandLocal (C:\Users\Micheal\Downloads\PS-Server\chat-commands.js:899:19)
    at LobbyRoom.chat (C:\Users\Micheal\Downloads\PS-Server\rooms.js:1258:23)
    at User.chat (C:\Users\Micheal\Downloads\PS-Server\users.js:985:9)
    at C:\Users\Micheal\Downloads\PS-Server\app.js:505:12

SyntaxError: Unexpected token ILLEGAL
    at Module._compile (module.js:439:25)
    at Object.Module._extensions..js (module.js:474:10)
    at Module.load (module.js:356:32)
    at Function.Module._load (module.js:312:12)
    at Module.require (module.js:364:17)
    at require (module.js:380:17)
    at parseCommandLocal (C:\Users\Micheal\Downloads\PS-Server\chat-commands.js:899:19)
    at LobbyRoom.chat (C:\Users\Micheal\Downloads\PS-Server\rooms.js:1258:23)
    at User.chat (C:\Users\Micheal\Downloads\PS-Server\users.js:985:9)
    at C:\Users\Micheal\Downloads\PS-Server\app.js:505:12

SyntaxError: Unexpected token ILLEGAL
    at Module._compile (module.js:439:25)
    at Object.Module._extensions..js (module.js:474:10)
    at Module.load (module.js:356:32)
    at Function.Module._load (module.js:312:12)
    at Module.require (module.js:364:17)
    at require (module.js:380:17)
    at parseCommandLocal (C:\Users\Micheal\Downloads\PS-Server\chat-commands.js:899:19)
    at LobbyRoom.chat (C:\Users\Micheal\Downloads\PS-Server\rooms.js:1258:23)
    at User.chat (C:\Users\Micheal\Downloads\PS-Server\users.js:985:9)
    at C:\Users\Micheal\Downloads\PS-Server\app.js:505:12

SyntaxError: Unexpected token ILLEGAL
    at Module._compile (module.js:439:25)
    at Object.Module._extensions..js (module.js:474:10)
    at Module.load (module.js:356:32)
    at Function.Module._load (module.js:312:12)
    at Module.require (module.js:364:17)
    at require (module.js:380:17)
    at parseCommandLocal (C:\Users\Micheal\Downloads\PS-Server\chat-commands.js:899:19)
    at LobbyRoom.chat (C:\Users\Micheal\Downloads\PS-Server\rooms.js:1258:23)
    at User.chat (C:\Users\Micheal\Downloads\PS-Server\users.js:985:9)
    at C:\Users\Micheal\Downloads\PS-Server\app.js:505:12

SyntaxError: Unexpected token ILLEGAL
    at Module._compile (module.js:439:25)
    at Object.Module._extensions..js (module.js:474:10)
    at Module.load (module.js:356:32)
    at Function.Module._load (module.js:312:12)
    at Module.require (module.js:364:17)
    at require (module.js:380:17)
    at parseCommandLocal (C:\Users\Micheal\Downloads\PS-Server\chat-commands.js:899:19)
    at LobbyRoom.chat (C:\Users\Micheal\Downloads\PS-Server\rooms.js:1258:23)
    at User.chat (C:\Users\Micheal\Downloads\PS-Server\users.js:985:9)
    at C:\Users\Micheal\Downloads\PS-Server\app.js:505:12

SyntaxError: Unexpected token ILLEGAL
    at Module._compile (module.js:439:25)
    at Object.Module._extensions..js (module.js:474:10)
    at Module.load (module.js:356:32)
    at Function.Module._load (module.js:312:12)
    at Module.require (module.js:364:17)
    at require (module.js:380:17)
    at parseCommandLocal (C:\Users\Micheal\Downloads\PS-Server\chat-commands.js:899:19)
    at LobbyRoom.chat (C:\Users\Micheal\Downloads\PS-Server\rooms.js:1258:23)
    at User.chat (C:\Users\Micheal\Downloads\PS-Server\users.js:985:9)
    at C:\Users\Micheal\Downloads\PS-Server\app.js:505:12

SyntaxError: Unexpected token ILLEGAL
    at Module._compile (module.js:439:25)
    at Object.Module._extensions..js (module.js:474:10)
    at Module.load (module.js:356:32)
    at Function.Module._load (module.js:312:12)
    at Module.require (module.js:364:17)
    at require (module.js:380:17)
    at parseCommandLocal (C:\Users\Micheal\Downloads\PS-Server\chat-commands.js:899:19)
    at LobbyRoom.chat (C:\Users\Micheal\Downloads\PS-Server\rooms.js:1258:23)
    at User.chat (C:\Users\Micheal\Downloads\PS-Server\users.js:985:9)
    at C:\Users\Micheal\Downloads\PS-Server\app.js:505:12

SyntaxError: Unexpected token ILLEGAL
    at Module._compile (module.js:439:25)
    at Object.Module._extensions..js (module.js:474:10)
    at Module.load (module.js:356:32)
    at Function.Module._load (module.js:312:12)
    at Module.require (module.js:364:17)
    at require (module.js:380:17)
    at parseCommandLocal (C:\Users\Micheal\Downloads\PS-Server\chat-commands.js:920:19)
    at LobbyRoom.chat (C:\Users\Micheal\Downloads\PS-Server\rooms.js:1258:23)
    at User.chat (C:\Users\Micheal\Downloads\PS-Server\users.js:985:9)
    at C:\Users\Micheal\Downloads\PS-Server\app.js:505:12

SyntaxError: Unexpected identifier
    at Module._compile (module.js:439:25)
    at Object.Module._extensions..js (module.js:474:10)
    at Module.load (module.js:356:32)
    at Function.Module._load (module.js:312:12)
    at Module.require (module.js:364:17)
    at require (module.js:380:17)
    at parseCommandLocal (C:\Users\Micheal\Downloads\PS-Server\chat-commands.js:920:19)
    at LobbyRoom.chat (C:\Users\Micheal\Downloads\PS-Server\rooms.js:1258:23)
    at User.chat (C:\Users\Micheal\Downloads\PS-Server\users.js:985:9)
    at C:\Users\Micheal\Downloads\PS-Server\app.js:505:12

SyntaxError: Unexpected string
    at Module._compile (module.js:439:25)
    at Object.Module._extensions..js (module.js:474:10)
    at Module.load (module.js:356:32)
    at Function.Module._load (module.js:312:12)
    at Module.require (module.js:364:17)
    at require (module.js:380:17)
    at parseCommandLocal (C:\Users\Micheal\Downloads\PS-Server\chat-commands.js:935:19)
    at LobbyRoom.chat (C:\Users\Micheal\Downloads\PS-Server\rooms.js:1258:23)
    at User.chat (C:\Users\Micheal\Downloads\PS-Server\users.js:985:9)
    at C:\Users\Micheal\Downloads\PS-Server\app.js:505:12

SyntaxError: Invalid regular expression: missing /
    at Module._compile (module.js:439:25)
    at Object.Module._extensions..js (module.js:474:10)
    at Module.load (module.js:356:32)
    at Function.Module._load (module.js:312:12)
    at Module.require (module.js:364:17)
    at require (module.js:380:17)
    at parseCommandLocal (C:\Users\Micheal\Downloads\PS-Server\chat-commands.js:958:19)
    at LobbyRoom.chat (C:\Users\Micheal\Downloads\PS-Server\rooms.js:1258:23)
    at User.chat (C:\Users\Micheal\Downloads\PS-Server\users.js:985:9)
    at C:\Users\Micheal\Downloads\PS-Server\app.js:505:12

SyntaxError: Invalid regular expression: missing /
    at Module._compile (module.js:439:25)
    at Object.Module._extensions..js (module.js:474:10)
    at Module.load (module.js:356:32)
    at Function.Module._load (module.js:312:12)
    at Module.require (module.js:364:17)
    at require (module.js:380:17)
    at parseCommandLocal (C:\Users\Micheal\Downloads\PS-Server\chat-commands.js:958:19)
    at LobbyRoom.chat (C:\Users\Micheal\Downloads\PS-Server\rooms.js:1258:23)
    at User.chat (C:\Users\Micheal\Downloads\PS-Server\users.js:985:9)
    at C:\Users\Micheal\Downloads\PS-Server\app.js:505:12

SyntaxError: Invalid regular expression: missing /
    at Module._compile (module.js:439:25)
    at Object.Module._extensions..js (module.js:474:10)
    at Module.load (module.js:356:32)
    at Function.Module._load (module.js:312:12)
    at Module.require (module.js:364:17)
    at require (module.js:380:17)
    at parseCommandLocal (C:\Users\Micheal\Downloads\PS-Server\chat-commands.js:958:19)
    at LobbyRoom.chat (C:\Users\Micheal\Downloads\PS-Server\rooms.js:1258:23)
    at User.chat (C:\Users\Micheal\Downloads\PS-Server\users.js:985:9)
    at C:\Users\Micheal\Downloads\PS-Server\app.js:505:12

SyntaxError: Invalid regular expression: missing /
    at Module._compile (module.js:439:25)
    at Object.Module._extensions..js (module.js:474:10)
    at Module.load (module.js:356:32)
    at Function.Module._load (module.js:312:12)
    at Module.require (module.js:364:17)
    at require (module.js:380:17)
    at parseCommandLocal (C:\Users\Micheal\Downloads\PS-Server\chat-commands.js:958:19)
    at LobbyRoom.chat (C:\Users\Micheal\Downloads\PS-Server\rooms.js:1258:23)
    at User.chat (C:\Users\Micheal\Downloads\PS-Server\users.js:985:9)
    at C:\Users\Micheal\Downloads\PS-Server\app.js:505:12

SyntaxError: Invalid regular expression: missing /
    at Module._compile (module.js:439:25)
    at Object.Module._extensions..js (module.js:474:10)
    at Module.load (module.js:356:32)
    at Function.Module._load (module.js:312:12)
    at Module.require (module.js:364:17)
    at require (module.js:380:17)
    at parseCommandLocal (C:\Users\Micheal\Downloads\PS-Server\chat-commands.js:958:19)
    at LobbyRoom.chat (C:\Users\Micheal\Downloads\PS-Server\rooms.js:1258:23)
    at User.chat (C:\Users\Micheal\Downloads\PS-Server\users.js:985:9)
    at C:\Users\Micheal\Downloads\PS-Server\app.js:505:12

SyntaxError: Invalid regular expression: missing /
    at Module._compile (module.js:439:25)
    at Object.Module._extensions..js (module.js:474:10)
    at Module.load (module.js:356:32)
    at Function.Module._load (module.js:312:12)
    at Module.require (module.js:364:17)
    at require (module.js:380:17)
    at parseCommandLocal (C:\Users\Micheal\Downloads\PS-Server\chat-commands.js:958:19)
    at LobbyRoom.chat (C:\Users\Micheal\Downloads\PS-Server\rooms.js:1258:23)
    at User.chat (C:\Users\Micheal\Downloads\PS-Server\users.js:985:9)
    at C:\Users\Micheal\Downloads\PS-Server\app.js:505:12

SyntaxError: Invalid regular expression: missing /
    at Module._compile (module.js:439:25)
    at Object.Module._extensions..js (module.js:474:10)
    at Module.load (module.js:356:32)
    at Function.Module._load (module.js:312:12)
    at Module.require (module.js:364:17)
    at require (module.js:380:17)
    at parseCommandLocal (C:\Users\Micheal\Downloads\PS-Server\chat-commands.js:958:19)
    at LobbyRoom.chat (C:\Users\Micheal\Downloads\PS-Server\rooms.js:1258:23)
    at User.chat (C:\Users\Micheal\Downloads\PS-Server\users.js:985:9)
    at C:\Users\Micheal\Downloads\PS-Server\app.js:505:12

SyntaxError: Invalid regular expression: missing /
    at Module._compile (module.js:439:25)
    at Object.Module._extensions..js (module.js:474:10)
    at Module.load (module.js:356:32)
    at Function.Module._load (module.js:312:12)
    at Module.require (module.js:364:17)
    at require (module.js:380:17)
    at parseCommandLocal (C:\Users\Micheal\Downloads\PS-Server\chat-commands.js:958:19)
    at LobbyRoom.chat (C:\Users\Micheal\Downloads\PS-Server\rooms.js:1258:23)
    at User.chat (C:\Users\Micheal\Downloads\PS-Server\users.js:985:9)
    at C:\Users\Micheal\Downloads\PS-Server\app.js:505:12

SyntaxError: Invalid regular expression: missing /
    at Module._compile (module.js:439:25)
    at Object.Module._extensions..js (module.js:474:10)
    at Module.load (module.js:356:32)
    at Function.Module._load (module.js:312:12)
    at Module.require (module.js:364:17)
    at require (module.js:380:17)
    at parseCommandLocal (C:\Users\Micheal\Downloads\PS-Server\chat-commands.js:958:19)
    at LobbyRoom.chat (C:\Users\Micheal\Downloads\PS-Server\rooms.js:1258:23)
    at User.chat (C:\Users\Micheal\Downloads\PS-Server\users.js:985:9)
    at C:\Users\Micheal\Downloads\PS-Server\app.js:505:12

SyntaxError: Invalid regular expression: missing /
    at Module._compile (module.js:439:25)
    at Object.Module._extensions..js (module.js:474:10)
    at Module.load (module.js:356:32)
    at Function.Module._load (module.js:312:12)
    at Module.require (module.js:364:17)
    at require (module.js:380:17)
    at parseCommandLocal (C:\Users\Micheal\Downloads\PS-Server\chat-commands.js:958:19)
    at LobbyRoom.chat (C:\Users\Micheal\Downloads\PS-Server\rooms.js:1258:23)
    at User.chat (C:\Users\Micheal\Downloads\PS-Server\users.js:985:9)
    at C:\Users\Micheal\Downloads\PS-Server\app.js:505:12

SyntaxError: Invalid regular expression: missing /
    at Module._compile (module.js:439:25)
    at Object.Module._extensions..js (module.js:474:10)
    at Module.load (module.js:356:32)
    at Function.Module._load (module.js:312:12)
    at Module.require (module.js:364:17)
    at require (module.js:380:17)
    at parseCommandLocal (C:\Users\Micheal\Downloads\PS-Server\chat-commands.js:958:19)
    at LobbyRoom.chat (C:\Users\Micheal\Downloads\PS-Server\rooms.js:1258:23)
    at User.chat (C:\Users\Micheal\Downloads\PS-Server\users.js:985:9)
    at C:\Users\Micheal\Downloads\PS-Server\app.js:505:12

ReferenceError: aue is not defined
    at parseCommandLocal (C:\Users\Micheal\Downloads\PS-Server\chat-commands.js:247:13)
    at LobbyRoom.chat (C:\Users\Micheal\Downloads\PS-Server\rooms.js:1258:23)
    at User.chat (C:\Users\Micheal\Downloads\PS-Server\users.js:985:9)
    at C:\Users\Micheal\Downloads\PS-Server\app.js:505:12
    at Array.forEach (native)
    at Object.events.chat (C:\Users\Micheal\Downloads\PS-Server\app.js:504:31)
    at SockJSConnection.<anonymous> (C:\Users\Micheal\Downloads\PS-Server\app.js:617:50)
    at SockJSConnection.EventEmitter.emit (events.js:95:17)
    at Session.didMessage (C:\Users\Micheal\Downloads\PS-Server\node_modules\sockjs\lib\transport.js:212:25)
    at WebSocketReceiver.didMessage (C:\Users\Micheal\Downloads\PS-Server\node_modules\sockjs\lib\trans-websocket.js:102:40)

ReferenceError: aue is not defined
    at parseCommandLocal (C:\Users\Micheal\Downloads\PS-Server\chat-commands.js:247:13)
    at LobbyRoom.chat (C:\Users\Micheal\Downloads\PS-Server\rooms.js:1258:23)
    at User.chat (C:\Users\Micheal\Downloads\PS-Server\users.js:985:9)
    at C:\Users\Micheal\Downloads\PS-Server\app.js:505:12
    at Array.forEach (native)
    at Object.events.chat (C:\Users\Micheal\Downloads\PS-Server\app.js:504:31)
    at SockJSConnection.<anonymous> (C:\Users\Micheal\Downloads\PS-Server\app.js:617:50)
    at SockJSConnection.EventEmitter.emit (events.js:95:17)
    at Session.didMessage (C:\Users\Micheal\Downloads\PS-Server\node_modules\sockjs\lib\transport.js:212:25)
    at WebSocketReceiver.didMessage (C:\Users\Micheal\Downloads\PS-Server\node_modules\sockjs\lib\trans-websocket.js:102:40)

ReferenceError: aue is not defined
    at parseCommandLocal (C:\Users\Micheal\Downloads\PS-Server\chat-commands.js:247:13)
    at LobbyRoom.chat (C:\Users\Micheal\Downloads\PS-Server\rooms.js:1258:23)
    at User.chat (C:\Users\Micheal\Downloads\PS-Server\users.js:985:9)
    at C:\Users\Micheal\Downloads\PS-Server\app.js:505:12
    at Array.forEach (native)
    at Object.events.chat (C:\Users\Micheal\Downloads\PS-Server\app.js:504:31)
    at SockJSConnection.<anonymous> (C:\Users\Micheal\Downloads\PS-Server\app.js:617:50)
    at SockJSConnection.EventEmitter.emit (events.js:95:17)
    at Session.didMessage (C:\Users\Micheal\Downloads\PS-Server\node_modules\sockjs\lib\transport.js:212:25)
    at WebSocketReceiver.didMessage (C:\Users\Micheal\Downloads\PS-Server\node_modules\sockjs\lib\trans-websocket.js:102:40)

ReferenceError: aue is not defined
    at parseCommandLocal (C:\Users\Micheal\Downloads\PS-Server\chat-commands.js:247:13)
    at LobbyRoom.chat (C:\Users\Micheal\Downloads\PS-Server\rooms.js:1258:23)
    at User.chat (C:\Users\Micheal\Downloads\PS-Server\users.js:985:9)
    at C:\Users\Micheal\Downloads\PS-Server\app.js:505:12
    at Array.forEach (native)
    at Object.events.chat (C:\Users\Micheal\Downloads\PS-Server\app.js:504:31)
    at SockJSConnection.<anonymous> (C:\Users\Micheal\Downloads\PS-Server\app.js:617:50)
    at SockJSConnection.EventEmitter.emit (events.js:95:17)
    at Session.didMessage (C:\Users\Micheal\Downloads\PS-Server\node_modules\sockjs\lib\transport.js:212:25)
    at WebSocketReceiver.didMessage (C:\Users\Micheal\Downloads\PS-Server\node_modules\sockjs\lib\trans-websocket.js:102:40)

SyntaxError: Unexpected identifier
    at Module._compile (module.js:439:25)
    at Object.Module._extensions..js (module.js:474:10)
    at Module.load (module.js:356:32)
    at Function.Module._load (module.js:312:12)
    at Module.require (module.js:364:17)
    at require (module.js:380:17)
    at parseCommandLocal (C:\Users\Micheal\Downloads\PS-Server\chat-commands.js:963:19)
    at LobbyRoom.chat (C:\Users\Micheal\Downloads\PS-Server\rooms.js:1258:23)
    at User.chat (C:\Users\Micheal\Downloads\PS-Server\users.js:985:9)
    at C:\Users\Micheal\Downloads\PS-Server\app.js:505:12

SyntaxError: Unexpected identifier
    at Module._compile (module.js:439:25)
    at Object.Module._extensions..js (module.js:474:10)
    at Module.load (module.js:356:32)
    at Function.Module._load (module.js:312:12)
    at Module.require (module.js:364:17)
    at require (module.js:380:17)
    at parseCommandLocal (C:\Users\Micheal\Downloads\PS-Server\chat-commands.js:963:19)
    at LobbyRoom.chat (C:\Users\Micheal\Downloads\PS-Server\rooms.js:1258:23)
    at User.chat (C:\Users\Micheal\Downloads\PS-Server\users.js:985:9)
    at C:\Users\Micheal\Downloads\PS-Server\app.js:505:12

SyntaxError: Unexpected token *
    at Module._compile (module.js:439:25)
    at Object.Module._extensions..js (module.js:474:10)
    at Module.load (module.js:356:32)
    at Function.Module._load (module.js:312:12)
    at Module.require (module.js:364:17)
    at require (module.js:380:17)
    at parseCommandLocal (C:\Users\Micheal\Downloads\PS-Server\chat-commands.js:1056:19)
    at LobbyRoom.chat (C:\Users\Micheal\Downloads\PS-Server\rooms.js:1258:23)
    at User.chat (C:\Users\Micheal\Downloads\PS-Server\users.js:985:9)
    at C:\Users\Micheal\Downloads\PS-Server\app.js:505:12

SyntaxError: Unexpected token *
    at Module._compile (module.js:439:25)
    at Object.Module._extensions..js (module.js:474:10)
    at Module.load (module.js:356:32)
    at Function.Module._load (module.js:312:12)
    at Module.require (module.js:364:17)
    at require (module.js:380:17)
    at parseCommandLocal (C:\Users\Micheal\Downloads\PS-Server\chat-commands.js:1079:19)
    at LobbyRoom.chat (C:\Users\Micheal\Downloads\PS-Server\rooms.js:1258:23)
    at User.chat (C:\Users\Micheal\Downloads\PS-Server\users.js:985:9)
    at C:\Users\Micheal\Downloads\PS-Server\app.js:505:12

Error: listen EADDRINUSE
    at errnoException (net.js:878:11)
    at Server._listen2 (net.js:1016:14)
    at listen (net.js:1038:10)
    at Server.listen (net.js:1104:5)
    at Object.<anonymous> (C:\Users\Micheal\Downloads\PS-Server\app.js:627:7)
    at Module._compile (module.js:456:26)
    at Object.Module._extensions..js (module.js:474:10)
    at Module.load (module.js:356:32)
    at Function.Module._load (module.js:312:12)
    at Function.Module.runMain (module.js:497:10)

Error: listen EADDRINUSE
    at errnoException (net.js:878:11)
    at Server._listen2 (net.js:1016:14)
    at listen (net.js:1038:10)
    at Server.listen (net.js:1104:5)
    at Object.<anonymous> (C:\Users\Micheal\Downloads\PS-Server\app.js:627:7)
    at Module._compile (module.js:456:26)
    at Object.Module._extensions..js (module.js:474:10)
    at Module.load (module.js:356:32)
    at Function.Module._load (module.js:312:12)
    at Function.Module.runMain (module.js:497:10)

TypeError: Cannot call method 'eval' of undefined
    at parseCommandLocal (C:\Users\Micheal\Downloads\PS-Server\chat-commands.js:2491:30)
    at LobbyRoom.chat (C:\Users\Micheal\Downloads\PS-Server\rooms.js:1258:23)
    at User.chat (C:\Users\Micheal\Downloads\PS-Server\users.js:985:9)
    at C:\Users\Micheal\Downloads\PS-Server\app.js:505:12
    at Array.forEach (native)
    at Object.events.chat (C:\Users\Micheal\Downloads\PS-Server\app.js:504:31)
    at SockJSConnection.<anonymous> (C:\Users\Micheal\Downloads\PS-Server\app.js:617:50)
    at SockJSConnection.EventEmitter.emit (events.js:95:17)
    at Session.didMessage (C:\Users\Micheal\Downloads\PS-Server\node_modules\sockjs\lib\transport.js:212:25)
    at WebSocketReceiver.didMessage (C:\Users\Micheal\Downloads\PS-Server\node_modules\sockjs\lib\trans-websocket.js:102:40)

Error: ENOENT, open 'C:\config\usergroups.csv'

Error: ENOENT, open 'C:\Users\Micheal\Downloads\PS-Server\Users\Micheal\Downloads\PS-Server\config\usergroups.csv'

SyntaxError: Unexpected token case
    at Module._compile (module.js:439:25)
    at Object.Module._extensions..js (module.js:474:10)
    at Module.load (module.js:356:32)
    at Function.Module._load (module.js:312:12)
    at Module.require (module.js:364:17)
    at require (module.js:380:17)
    at parseCommandLocal (C:\Users\Micheal\Downloads\PS-Server\chat-commands.js:1124:19)
    at LobbyRoom.chat (C:\Users\Micheal\Downloads\PS-Server\rooms.js:1258:23)
    at User.chat (C:\Users\Micheal\Downloads\PS-Server\users.js:985:9)
    at C:\Users\Micheal\Downloads\PS-Server\app.js:505:12

TypeError: Cannot call method 'searchBattle' of undefined
    at parseCommandLocal (C:\Users\Micheal\Downloads\PS-Server\chat-commands.js:2509:17)
    at LobbyRoom.chat (C:\Users\Micheal\Downloads\PS-Server\rooms.js:1258:23)
    at User.processChatQueue (C:\Users\Micheal\Downloads\PS-Server\users.js:1000:13)
    at null._onTimeout (C:\Users\Micheal\Downloads\PS-Server\users.js:981:10)
    at Timer.listOnTimeout [as ontimeout] (timers.js:110:15)

TypeError: Cannot call method 'searchBattle' of undefined
    at parseCommandLocal (C:\Users\Micheal\Downloads\PS-Server\chat-commands.js:2509:17)
    at LobbyRoom.chat (C:\Users\Micheal\Downloads\PS-Server\rooms.js:1258:23)
    at User.chat (C:\Users\Micheal\Downloads\PS-Server\users.js:985:9)
    at C:\Users\Micheal\Downloads\PS-Server\app.js:505:12
    at Array.forEach (native)
    at Object.events.chat (C:\Users\Micheal\Downloads\PS-Server\app.js:504:31)
    at SockJSConnection.<anonymous> (C:\Users\Micheal\Downloads\PS-Server\app.js:617:50)
    at SockJSConnection.EventEmitter.emit (events.js:95:17)
    at Session.didMessage (C:\Users\Micheal\Downloads\PS-Server\node_modules\sockjs\lib\transport.js:212:25)
    at WebSocketReceiver.didMessage (C:\Users\Micheal\Downloads\PS-Server\node_modules\sockjs\lib\trans-websocket.js:102:40)

TypeError: Cannot call method 'cancelSearch' of undefined
    at parseCommandLocal (C:\Users\Micheal\Downloads\PS-Server\chat-commands.js:2511:17)
    at LobbyRoom.chat (C:\Users\Micheal\Downloads\PS-Server\rooms.js:1258:23)
    at User.chat (C:\Users\Micheal\Downloads\PS-Server\users.js:985:9)
    at C:\Users\Micheal\Downloads\PS-Server\app.js:505:12
    at Array.forEach (native)
    at Object.events.chat (C:\Users\Micheal\Downloads\PS-Server\app.js:504:31)
    at SockJSConnection.<anonymous> (C:\Users\Micheal\Downloads\PS-Server\app.js:617:50)
    at SockJSConnection.EventEmitter.emit (events.js:95:17)
    at Session.didMessage (C:\Users\Micheal\Downloads\PS-Server\node_modules\sockjs\lib\transport.js:212:25)
    at WebSocketReceiver.didMessage (C:\Users\Micheal\Downloads\PS-Server\node_modules\sockjs\lib\trans-websocket.js:102:40)

TypeError: Cannot call method 'searchBattle' of undefined
    at parseCommandLocal (C:\Users\Micheal\Downloads\PS-Server\chat-commands.js:2509:17)
    at LobbyRoom.chat (C:\Users\Micheal\Downloads\PS-Server\rooms.js:1258:23)
    at User.processChatQueue (C:\Users\Micheal\Downloads\PS-Server\users.js:1000:13)
    at null._onTimeout (C:\Users\Micheal\Downloads\PS-Server\users.js:981:10)
    at Timer.listOnTimeout [as ontimeout] (timers.js:110:15)

TypeError: Cannot call method 'searchBattle' of undefined
    at parseCommandLocal (C:\Users\Micheal\Downloads\PS-Server\chat-commands.js:2509:17)
    at LobbyRoom.chat (C:\Users\Micheal\Downloads\PS-Server\rooms.js:1258:23)
    at User.processChatQueue (C:\Users\Micheal\Downloads\PS-Server\users.js:1000:13)
    at null._onTimeout (C:\Users\Micheal\Downloads\PS-Server\users.js:981:10)
    at Timer.listOnTimeout [as ontimeout] (timers.js:110:15)

TypeError: Cannot call method 'searchBattle' of undefined
    at parseCommandLocal (C:\Users\Micheal\Downloads\PS-Server\chat-commands.js:2531:17)
    at LobbyRoom.chat (C:\Users\Micheal\Downloads\PS-Server\rooms.js:1258:23)
    at User.processChatQueue (C:\Users\Micheal\Downloads\PS-Server\users.js:1000:13)
    at null._onTimeout (C:\Users\Micheal\Downloads\PS-Server\users.js:981:10)
    at Timer.listOnTimeout [as ontimeout] (timers.js:110:15)

TypeError: Cannot call method 'searchBattle' of undefined
    at parseCommandLocal (C:\Users\Micheal\Downloads\PS-Server\chat-commands.js:2531:17)
    at LobbyRoom.chat (C:\Users\Micheal\Downloads\PS-Server\rooms.js:1258:23)
    at User.processChatQueue (C:\Users\Micheal\Downloads\PS-Server\users.js:1000:13)
    at null._onTimeout (C:\Users\Micheal\Downloads\PS-Server\users.js:981:10)
    at Timer.listOnTimeout [as ontimeout] (timers.js:110:15)

TypeError: Cannot call method 'searchBattle' of undefined
    at parseCommandLocal (C:\Users\Micheal\Downloads\PS-Server\chat-commands.js:2531:17)
    at LobbyRoom.chat (C:\Users\Micheal\Downloads\PS-Server\rooms.js:1258:23)
    at User.processChatQueue (C:\Users\Micheal\Downloads\PS-Server\users.js:1000:13)
    at null._onTimeout (C:\Users\Micheal\Downloads\PS-Server\users.js:1006:10)
    at Timer.listOnTimeout [as ontimeout] (timers.js:110:15)

TypeError: Cannot call method 'searchBattle' of undefined
    at parseCommandLocal (C:\Users\Micheal\Downloads\PS-Server\chat-commands.js:2531:17)
    at LobbyRoom.chat (C:\Users\Micheal\Downloads\PS-Server\rooms.js:1258:23)
    at User.processChatQueue (C:\Users\Micheal\Downloads\PS-Server\users.js:1000:13)
    at null._onTimeout (C:\Users\Micheal\Downloads\PS-Server\users.js:981:10)
    at Timer.listOnTimeout [as ontimeout] (timers.js:110:15)

TypeError: Cannot call method 'searchBattle' of undefined
    at parseCommandLocal (C:\Users\Micheal\Downloads\PS-Server\chat-commands.js:2531:17)
    at LobbyRoom.chat (C:\Users\Micheal\Downloads\PS-Server\rooms.js:1258:23)
    at User.processChatQueue (C:\Users\Micheal\Downloads\PS-Server\users.js:1000:13)
    at null._onTimeout (C:\Users\Micheal\Downloads\PS-Server\users.js:981:10)
    at Timer.listOnTimeout [as ontimeout] (timers.js:110:15)

TypeError: Object test has no method 'chat'
    at User.processChatQueue (C:\Users\Micheal\Downloads\PS-Server\users.js:1000:13)
    at null._onTimeout (C:\Users\Micheal\Downloads\PS-Server\users.js:981:10)
    at Timer.listOnTimeout [as ontimeout] (timers.js:110:15)

TypeError: Object #<ChatRoom> has no method 'startBattle'
    at User.acceptChallengeFrom (C:\Users\Micheal\Downloads\PS-Server\users.js:952:22)
    at parseCommandLocal (C:\Users\Micheal\Downloads\PS-Server\chat-commands.js:2591:8)
    at ChatRoom.chat (C:\Users\Micheal\Downloads\PS-Server\rooms.js:1444:23)
    at User.processChatQueue (C:\Users\Micheal\Downloads\PS-Server\users.js:1000:13)
    at null._onTimeout (C:\Users\Micheal\Downloads\PS-Server\users.js:981:10)
    at Timer.listOnTimeout [as ontimeout] (timers.js:110:15)

TypeError: Object #<ChatRoom> has no method 'startBattle'
    at User.acceptChallengeFrom (C:\Users\Micheal\Downloads\PS-Server\users.js:952:22)
    at parseCommandLocal (C:\Users\Micheal\Downloads\PS-Server\chat-commands.js:2591:8)
    at ChatRoom.chat (C:\Users\Micheal\Downloads\PS-Server\rooms.js:1444:23)
    at User.processChatQueue (C:\Users\Micheal\Downloads\PS-Server\users.js:1000:13)
    at null._onTimeout (C:\Users\Micheal\Downloads\PS-Server\users.js:981:10)
    at Timer.listOnTimeout [as ontimeout] (timers.js:110:15)

ReferenceError: rooms is not defined
    at parseCommandLocal (C:\Users\Micheal\Downloads\PS-Server\chat-commands.js:1651:3)
    at ChatRoom.chat (C:\Users\Micheal\Downloads\PS-Server\rooms.js:1444:23)
    at User.chat (C:\Users\Micheal\Downloads\PS-Server\users.js:985:9)
    at C:\Users\Micheal\Downloads\PS-Server\app.js:505:12
    at Array.forEach (native)
    at Object.events.chat (C:\Users\Micheal\Downloads\PS-Server\app.js:504:31)
    at SockJSConnection.<anonymous> (C:\Users\Micheal\Downloads\PS-Server\app.js:617:50)
    at SockJSConnection.EventEmitter.emit (events.js:95:17)
    at Session.didMessage (C:\Users\Micheal\Downloads\PS-Server\node_modules\sockjs\lib\transport.js:212:25)
    at WebSocketReceiver.didMessage (C:\Users\Micheal\Downloads\PS-Server\node_modules\sockjs\lib\trans-websocket.js:102:40)

TypeError: Object #<ChatRoom> has no method 'startBattle'
    at User.acceptChallengeFrom (C:\Users\Micheal\Downloads\PS-Server\users.js:952:22)
    at parseCommandLocal (C:\Users\Micheal\Downloads\PS-Server\chat-commands.js:2591:8)
    at ChatRoom.chat (C:\Users\Micheal\Downloads\PS-Server\rooms.js:1444:23)
    at User.processChatQueue (C:\Users\Micheal\Downloads\PS-Server\users.js:1000:13)
    at null._onTimeout (C:\Users\Micheal\Downloads\PS-Server\users.js:981:10)
    at Timer.listOnTimeout [as ontimeout] (timers.js:110:15)

ReferenceError: rooms is not defined
    at parseCommandLocal (C:\Users\Micheal\Downloads\PS-Server\chat-commands.js:1663:3)
    at ChatRoom.chat (C:\Users\Micheal\Downloads\PS-Server\rooms.js:1444:23)
    at User.chat (C:\Users\Micheal\Downloads\PS-Server\users.js:985:9)
    at C:\Users\Micheal\Downloads\PS-Server\app.js:505:12
    at Array.forEach (native)
    at Object.events.chat (C:\Users\Micheal\Downloads\PS-Server\app.js:504:31)
    at SockJSConnection.<anonymous> (C:\Users\Micheal\Downloads\PS-Server\app.js:617:50)
    at SockJSConnection.EventEmitter.emit (events.js:95:17)
    at Session.didMessage (C:\Users\Micheal\Downloads\PS-Server\node_modules\sockjs\lib\transport.js:212:25)
    at WebSocketReceiver.didMessage (C:\Users\Micheal\Downloads\PS-Server\node_modules\sockjs\lib\trans-websocket.js:102:40)

TypeError: Object #<ChatRoom> has no method 'startBattle'
    at User.acceptChallengeFrom (C:\Users\Micheal\Downloads\PS-Server\users.js:952:22)
    at parseCommandLocal (C:\Users\Micheal\Downloads\PS-Server\chat-commands.js:2591:8)
    at ChatRoom.chat (C:\Users\Micheal\Downloads\PS-Server\rooms.js:1444:23)
    at User.processChatQueue (C:\Users\Micheal\Downloads\PS-Server\users.js:1000:13)
    at null._onTimeout (C:\Users\Micheal\Downloads\PS-Server\users.js:981:10)
    at Timer.listOnTimeout [as ontimeout] (timers.js:110:15)

TypeError: Object #<ChatRoom> has no method 'startBattle'
    at User.acceptChallengeFrom (C:\Users\Micheal\Downloads\PS-Server\users.js:952:22)
    at parseCommandLocal (C:\Users\Micheal\Downloads\PS-Server\chat-commands.js:2591:8)
    at ChatRoom.chat (C:\Users\Micheal\Downloads\PS-Server\rooms.js:1444:23)
    at User.processChatQueue (C:\Users\Micheal\Downloads\PS-Server\users.js:1000:13)
    at null._onTimeout (C:\Users\Micheal\Downloads\PS-Server\users.js:981:10)
    at Timer.listOnTimeout [as ontimeout] (timers.js:110:15)

TypeError: Object #<ChatRoom> has no method 'startBattle'
    at User.acceptChallengeFrom (C:\Users\Micheal\Downloads\PS-Server\users.js:952:22)
    at parseCommandLocal (C:\Users\Micheal\Downloads\PS-Server\chat-commands.js:2591:8)
    at ChatRoom.chat (C:\Users\Micheal\Downloads\PS-Server\rooms.js:1444:23)
    at User.processChatQueue (C:\Users\Micheal\Downloads\PS-Server\users.js:1000:13)
    at null._onTimeout (C:\Users\Micheal\Downloads\PS-Server\users.js:981:10)
    at Timer.listOnTimeout [as ontimeout] (timers.js:110:15)

ReferenceError: rooms is not defined
    at parseCommandLocal (C:\Users\Micheal\Downloads\PS-Server\chat-commands.js:1651:3)
    at ChatRoom.chat (C:\Users\Micheal\Downloads\PS-Server\rooms.js:1444:23)
    at User.chat (C:\Users\Micheal\Downloads\PS-Server\users.js:985:9)
    at C:\Users\Micheal\Downloads\PS-Server\app.js:505:12
    at Array.forEach (native)
    at Object.events.chat (C:\Users\Micheal\Downloads\PS-Server\app.js:504:31)
    at SockJSConnection.<anonymous> (C:\Users\Micheal\Downloads\PS-Server\app.js:617:50)
    at SockJSConnection.EventEmitter.emit (events.js:95:17)
    at Session.didMessage (C:\Users\Micheal\Downloads\PS-Server\node_modules\sockjs\lib\transport.js:212:25)
    at WebSocketReceiver.didMessage (C:\Users\Micheal\Downloads\PS-Server\node_modules\sockjs\lib\trans-websocket.js:102:40)

ReferenceError: rooms is not defined
    at parseCommandLocal (C:\Users\Micheal\Downloads\PS-Server\chat-commands.js:1651:3)
    at ChatRoom.chat (C:\Users\Micheal\Downloads\PS-Server\rooms.js:1444:23)
    at User.chat (C:\Users\Micheal\Downloads\PS-Server\users.js:985:9)
    at C:\Users\Micheal\Downloads\PS-Server\app.js:505:12
    at Array.forEach (native)
    at Object.events.chat (C:\Users\Micheal\Downloads\PS-Server\app.js:504:31)
    at SockJSConnection.<anonymous> (C:\Users\Micheal\Downloads\PS-Server\app.js:617:50)
    at SockJSConnection.EventEmitter.emit (events.js:95:17)
    at Session.didMessage (C:\Users\Micheal\Downloads\PS-Server\node_modules\sockjs\lib\transport.js:212:25)
    at WebSocketReceiver.didMessage (C:\Users\Micheal\Downloads\PS-Server\node_modules\sockjs\lib\trans-websocket.js:102:40)

ReferenceError: rooms is not defined
    at parseCommandLocal (C:\Users\Micheal\Downloads\PS-Server\chat-commands.js:1663:3)
    at ChatRoom.chat (C:\Users\Micheal\Downloads\PS-Server\rooms.js:1444:23)
    at User.chat (C:\Users\Micheal\Downloads\PS-Server\users.js:985:9)
    at C:\Users\Micheal\Downloads\PS-Server\app.js:505:12
    at Array.forEach (native)
    at Object.events.chat (C:\Users\Micheal\Downloads\PS-Server\app.js:504:31)
    at SockJSConnection.<anonymous> (C:\Users\Micheal\Downloads\PS-Server\app.js:617:50)
    at SockJSConnection.EventEmitter.emit (events.js:95:17)
    at Session.didMessage (C:\Users\Micheal\Downloads\PS-Server\node_modules\sockjs\lib\transport.js:212:25)
    at WebSocketReceiver.didMessage (C:\Users\Micheal\Downloads\PS-Server\node_modules\sockjs\lib\trans-websocket.js:102:40)

ReferenceError: rooms is not defined
    at Object.<anonymous> (C:\Users\Micheal\Downloads\PS-Server\chat-commands.js:80:15)
    at Module._compile (module.js:456:26)
    at Object.Module._extensions..js (module.js:474:10)
    at Module.load (module.js:356:32)
    at Function.Module._load (module.js:312:12)
    at Module.require (module.js:364:17)
    at require (module.js:380:17)
    at parseCommandLocal (C:\Users\Micheal\Downloads\PS-Server\chat-commands.js:1254:19)
    at ChatRoom.chat (C:\Users\Micheal\Downloads\PS-Server\rooms.js:1444:23)
    at User.chat (C:\Users\Micheal\Downloads\PS-Server\users.js:985:9)

ReferenceError: rooms is not defined
    at Object.<anonymous> (C:\Users\Micheal\Downloads\PS-Server\chat-commands.js:80:15)
    at Module._compile (module.js:456:26)
    at Object.Module._extensions..js (module.js:474:10)
    at Module.load (module.js:356:32)
    at Function.Module._load (module.js:312:12)
    at Module.require (module.js:364:17)
    at require (module.js:380:17)
    at parseCommandLocal (C:\Users\Micheal\Downloads\PS-Server\chat-commands.js:1254:19)
    at ChatRoom.chat (C:\Users\Micheal\Downloads\PS-Server\rooms.js:1444:23)
    at User.chat (C:\Users\Micheal\Downloads\PS-Server\users.js:985:9)

ReferenceError: rooms is not defined
    at parseCommandLocal (C:\Users\Micheal\Downloads\PS-Server\chat-commands.js:1418:3)
    at ChatRoom.chat (C:\Users\Micheal\Downloads\PS-Server\rooms.js:1444:23)
    at User.chat (C:\Users\Micheal\Downloads\PS-Server\users.js:985:9)
    at C:\Users\Micheal\Downloads\PS-Server\app.js:505:12
    at Array.forEach (native)
    at Object.events.chat (C:\Users\Micheal\Downloads\PS-Server\app.js:504:31)
    at SockJSConnection.<anonymous> (C:\Users\Micheal\Downloads\PS-Server\app.js:617:50)
    at SockJSConnection.EventEmitter.emit (events.js:95:17)
    at Session.didMessage (C:\Users\Micheal\Downloads\PS-Server\node_modules\sockjs\lib\transport.js:212:25)
    at WebSocketReceiver.didMessage (C:\Users\Micheal\Downloads\PS-Server\node_modules\sockjs\lib\trans-websocket.js:102:40)

ReferenceError: rooms is not defined
    at parseCommandLocal (C:\Users\Micheal\Downloads\PS-Server\chat-commands.js:2582:3)
    at ChatRoom.chat (C:\Users\Micheal\Downloads\PS-Server\rooms.js:1444:23)
    at User.chat (C:\Users\Micheal\Downloads\PS-Server\users.js:985:9)
    at C:\Users\Micheal\Downloads\PS-Server\app.js:505:12
    at Array.forEach (native)
    at Object.events.chat (C:\Users\Micheal\Downloads\PS-Server\app.js:504:31)
    at SockJSConnection.<anonymous> (C:\Users\Micheal\Downloads\PS-Server\app.js:617:50)
    at SockJSConnection.EventEmitter.emit (events.js:95:17)
    at Session.didMessage (C:\Users\Micheal\Downloads\PS-Server\node_modules\sockjs\lib\transport.js:212:25)
    at WebSocketReceiver.didMessage (C:\Users\Micheal\Downloads\PS-Server\node_modules\sockjs\lib\trans-websocket.js:102:40)

ReferenceError: rooms is not defined
    at parseCommandLocal (C:\Users\Micheal\Downloads\PS-Server\chat-commands.js:2582:3)
    at ChatRoom.chat (C:\Users\Micheal\Downloads\PS-Server\rooms.js:1444:23)
    at User.chat (C:\Users\Micheal\Downloads\PS-Server\users.js:985:9)
    at C:\Users\Micheal\Downloads\PS-Server\app.js:505:12
    at Array.forEach (native)
    at Object.events.chat (C:\Users\Micheal\Downloads\PS-Server\app.js:504:31)
    at SockJSConnection.<anonymous> (C:\Users\Micheal\Downloads\PS-Server\app.js:617:50)
    at SockJSConnection.EventEmitter.emit (events.js:95:17)
    at Session.didMessage (C:\Users\Micheal\Downloads\PS-Server\node_modules\sockjs\lib\transport.js:212:25)
    at WebSocketReceiver.didMessage (C:\Users\Micheal\Downloads\PS-Server\node_modules\sockjs\lib\trans-websocket.js:102:40)

ReferenceError: rooms is not defined
    at parseCommandLocal (C:\Users\Micheal\Downloads\PS-Server\chat-commands.js:2600:3)
    at ChatRoom.chat (C:\Users\Micheal\Downloads\PS-Server\rooms.js:1444:23)
    at User.chat (C:\Users\Micheal\Downloads\PS-Server\users.js:985:9)
    at C:\Users\Micheal\Downloads\PS-Server\app.js:505:12
    at Array.forEach (native)
    at Object.events.chat (C:\Users\Micheal\Downloads\PS-Server\app.js:504:31)
    at SockJSConnection.<anonymous> (C:\Users\Micheal\Downloads\PS-Server\app.js:617:50)
    at SockJSConnection.EventEmitter.emit (events.js:95:17)
    at Session.didMessage (C:\Users\Micheal\Downloads\PS-Server\node_modules\sockjs\lib\transport.js:212:25)
    at WebSocketReceiver.didMessage (C:\Users\Micheal\Downloads\PS-Server\node_modules\sockjs\lib\trans-websocket.js:102:40)

ReferenceError: rooms is not defined
    at parseCommandLocal (C:\Users\Micheal\Downloads\PS-Server\chat-commands.js:2582:3)
    at ChatRoom.chat (C:\Users\Micheal\Downloads\PS-Server\rooms.js:1444:23)
    at User.chat (C:\Users\Micheal\Downloads\PS-Server\users.js:985:9)
    at C:\Users\Micheal\Downloads\PS-Server\app.js:505:12
    at Array.forEach (native)
    at Object.events.chat (C:\Users\Micheal\Downloads\PS-Server\app.js:504:31)
    at SockJSConnection.<anonymous> (C:\Users\Micheal\Downloads\PS-Server\app.js:617:50)
    at SockJSConnection.EventEmitter.emit (events.js:95:17)
    at Session.didMessage (C:\Users\Micheal\Downloads\PS-Server\node_modules\sockjs\lib\transport.js:212:25)
    at WebSocketReceiver.didMessage (C:\Users\Micheal\Downloads\PS-Server\node_modules\sockjs\lib\trans-websocket.js:102:40)

ReferenceError: rooms is not defined
    at parseCommandLocal (C:\Users\Micheal\Downloads\PS-Server\chat-commands.js:2416:18)
    at ChatRoom.chat (C:\Users\Micheal\Downloads\PS-Server\rooms.js:1444:23)
    at User.chat (C:\Users\Micheal\Downloads\PS-Server\users.js:985:9)
    at C:\Users\Micheal\Downloads\PS-Server\app.js:505:12
    at Array.forEach (native)
    at Object.events.chat (C:\Users\Micheal\Downloads\PS-Server\app.js:504:31)
    at SockJSConnection.<anonymous> (C:\Users\Micheal\Downloads\PS-Server\app.js:617:50)
    at SockJSConnection.EventEmitter.emit (events.js:95:17)
    at Session.didMessage (C:\Users\Micheal\Downloads\PS-Server\node_modules\sockjs\lib\transport.js:212:25)
    at WebSocketReceiver.didMessage (C:\Users\Micheal\Downloads\PS-Server\node_modules\sockjs\lib\trans-websocket.js:102:40)

ReferenceError: rooms is not defined
    at parseCommandLocal (C:\Users\Micheal\Downloads\PS-Server\chat-commands.js:2582:3)
    at ChatRoom.chat (C:\Users\Micheal\Downloads\PS-Server\rooms.js:1444:23)
    at User.chat (C:\Users\Micheal\Downloads\PS-Server\users.js:985:9)
    at C:\Users\Micheal\Downloads\PS-Server\app.js:505:12
    at Array.forEach (native)
    at Object.events.chat (C:\Users\Micheal\Downloads\PS-Server\app.js:504:31)
    at SockJSConnection.<anonymous> (C:\Users\Micheal\Downloads\PS-Server\app.js:617:50)
    at SockJSConnection.EventEmitter.emit (events.js:95:17)
    at Session.didMessage (C:\Users\Micheal\Downloads\PS-Server\node_modules\sockjs\lib\transport.js:212:25)
    at WebSocketReceiver.didMessage (C:\Users\Micheal\Downloads\PS-Server\node_modules\sockjs\lib\trans-websocket.js:102:40)

ReferenceError: rooms is not defined
    at parseCommandLocal (C:\Users\Micheal\Downloads\PS-Server\chat-commands.js:1252:4)
    at ChatRoom.chat (C:\Users\Micheal\Downloads\PS-Server\rooms.js:1444:23)
    at User.chat (C:\Users\Micheal\Downloads\PS-Server\users.js:985:9)
    at C:\Users\Micheal\Downloads\PS-Server\app.js:505:12
    at Array.forEach (native)
    at Object.events.chat (C:\Users\Micheal\Downloads\PS-Server\app.js:504:31)
    at SockJSConnection.<anonymous> (C:\Users\Micheal\Downloads\PS-Server\app.js:617:50)
    at SockJSConnection.EventEmitter.emit (events.js:95:17)
    at Session.didMessage (C:\Users\Micheal\Downloads\PS-Server\node_modules\sockjs\lib\transport.js:212:25)
    at WebSocketReceiver.didMessage (C:\Users\Micheal\Downloads\PS-Server\node_modules\sockjs\lib\trans-websocket.js:102:40)

ReferenceError: rooms is not defined
    at parseCommandLocal (C:\Users\Micheal\Downloads\PS-Server\chat-commands.js:2582:3)
    at ChatRoom.chat (C:\Users\Micheal\Downloads\PS-Server\rooms.js:1444:23)
    at User.chat (C:\Users\Micheal\Downloads\PS-Server\users.js:985:9)
    at C:\Users\Micheal\Downloads\PS-Server\app.js:505:12
    at Array.forEach (native)
    at Object.events.chat (C:\Users\Micheal\Downloads\PS-Server\app.js:504:31)
    at SockJSConnection.<anonymous> (C:\Users\Micheal\Downloads\PS-Server\app.js:617:50)
    at SockJSConnection.EventEmitter.emit (events.js:95:17)
    at Session.didMessage (C:\Users\Micheal\Downloads\PS-Server\node_modules\sockjs\lib\transport.js:212:25)
    at WebSocketReceiver.didMessage (C:\Users\Micheal\Downloads\PS-Server\node_modules\sockjs\lib\trans-websocket.js:102:40)

ReferenceError: rooms is not defined
    at parseCommandLocal (C:\Users\Micheal\Downloads\PS-Server\chat-commands.js:2416:18)
    at ChatRoom.chat (C:\Users\Micheal\Downloads\PS-Server\rooms.js:1444:23)
    at User.chat (C:\Users\Micheal\Downloads\PS-Server\users.js:985:9)
    at C:\Users\Micheal\Downloads\PS-Server\app.js:505:12
    at Array.forEach (native)
    at Object.events.chat (C:\Users\Micheal\Downloads\PS-Server\app.js:504:31)
    at SockJSConnection.<anonymous> (C:\Users\Micheal\Downloads\PS-Server\app.js:617:50)
    at SockJSConnection.EventEmitter.emit (events.js:95:17)
    at Session.didMessage (C:\Users\Micheal\Downloads\PS-Server\node_modules\sockjs\lib\transport.js:212:25)
    at WebSocketReceiver.didMessage (C:\Users\Micheal\Downloads\PS-Server\node_modules\sockjs\lib\trans-websocket.js:102:40)

ReferenceError: rooms is not defined
    at parseCommandLocal (C:\Users\Micheal\Downloads\PS-Server\chat-commands.js:1252:4)
    at ChatRoom.chat (C:\Users\Micheal\Downloads\PS-Server\rooms.js:1444:23)
    at User.chat (C:\Users\Micheal\Downloads\PS-Server\users.js:985:9)
    at C:\Users\Micheal\Downloads\PS-Server\app.js:505:12
    at Array.forEach (native)
    at Object.events.chat (C:\Users\Micheal\Downloads\PS-Server\app.js:504:31)
    at SockJSConnection.<anonymous> (C:\Users\Micheal\Downloads\PS-Server\app.js:617:50)
    at SockJSConnection.EventEmitter.emit (events.js:95:17)
    at Session.didMessage (C:\Users\Micheal\Downloads\PS-Server\node_modules\sockjs\lib\transport.js:212:25)
    at WebSocketReceiver.didMessage (C:\Users\Micheal\Downloads\PS-Server\node_modules\sockjs\lib\trans-websocket.js:102:40)

TypeError: Object #<ChatRoom> has no method 'startBattle'
    at User.acceptChallengeFrom (C:\Users\Micheal\Downloads\PS-Server\users.js:952:22)
    at parseCommandLocal (C:\Users\Micheal\Downloads\PS-Server\chat-commands.js:2282:8)
    at ChatRoom.chat (C:\Users\Micheal\Downloads\PS-Server\rooms.js:1444:23)
    at User.processChatQueue (C:\Users\Micheal\Downloads\PS-Server\users.js:1000:13)
    at null._onTimeout (C:\Users\Micheal\Downloads\PS-Server\users.js:981:10)
    at Timer.listOnTimeout [as ontimeout] (timers.js:110:15)

ReferenceError: rooms is not defined
    at parseCommandLocal (C:\Users\Micheal\Downloads\PS-Server\chat-commands.js:2433:18)
    at ChatRoom.chat (C:\Users\Micheal\Downloads\PS-Server\rooms.js:1444:23)
    at User.chat (C:\Users\Micheal\Downloads\PS-Server\users.js:985:9)
    at C:\Users\Micheal\Downloads\PS-Server\app.js:505:12
    at Array.forEach (native)
    at Object.events.chat (C:\Users\Micheal\Downloads\PS-Server\app.js:504:31)
    at SockJSConnection.<anonymous> (C:\Users\Micheal\Downloads\PS-Server\app.js:617:50)
    at SockJSConnection.EventEmitter.emit (events.js:95:17)
    at Session.didMessage (C:\Users\Micheal\Downloads\PS-Server\node_modules\sockjs\lib\transport.js:212:25)
    at WebSocketReceiver.didMessage (C:\Users\Micheal\Downloads\PS-Server\node_modules\sockjs\lib\trans-websocket.js:102:40)

TypeError: Object #<ChatRoom> has no method 'startBattle'
    at User.acceptChallengeFrom (C:\Users\Micheal\Downloads\PS-Server\users.js:952:22)
    at parseCommandLocal (C:\Users\Micheal\Downloads\PS-Server\chat-commands.js:2282:8)
    at ChatRoom.chat (C:\Users\Micheal\Downloads\PS-Server\rooms.js:1444:23)
    at User.processChatQueue (C:\Users\Micheal\Downloads\PS-Server\users.js:1000:13)
    at null._onTimeout (C:\Users\Micheal\Downloads\PS-Server\users.js:981:10)
    at Timer.listOnTimeout [as ontimeout] (timers.js:110:15)

TypeError: Object #<ChatRoom> has no method 'startBattle'
    at User.acceptChallengeFrom (C:\Users\Micheal\Downloads\PS-Server\users.js:952:22)
    at parseCommandLocal (C:\Users\Micheal\Downloads\PS-Server\chat-commands.js:2282:8)
    at ChatRoom.chat (C:\Users\Micheal\Downloads\PS-Server\rooms.js:1444:23)
    at User.processChatQueue (C:\Users\Micheal\Downloads\PS-Server\users.js:1000:13)
    at null._onTimeout (C:\Users\Micheal\Downloads\PS-Server\users.js:981:10)
    at Timer.listOnTimeout [as ontimeout] (timers.js:110:15)

TypeError: Object #<ChatRoom> has no method 'startBattle'
    at User.acceptChallengeFrom (C:\Users\Micheal\Downloads\PS-Server\users.js:952:22)
    at parseCommandLocal (C:\Users\Micheal\Downloads\PS-Server\chat-commands.js:2282:8)
    at ChatRoom.chat (C:\Users\Micheal\Downloads\PS-Server\rooms.js:1444:23)
    at User.processChatQueue (C:\Users\Micheal\Downloads\PS-Server\users.js:1000:13)
    at null._onTimeout (C:\Users\Micheal\Downloads\PS-Server\users.js:981:10)
    at Timer.listOnTimeout [as ontimeout] (timers.js:110:15)

Error: listen EADDRINUSE
    at errnoException (net.js:878:11)
    at Server._listen2 (net.js:1016:14)
    at listen (net.js:1038:10)
    at Server.listen (net.js:1104:5)
    at Object.<anonymous> (C:\Users\Micheal\Downloads\PS-Server\app.js:627:7)
    at Module._compile (module.js:456:26)
    at Object.Module._extensions..js (module.js:474:10)
    at Module.load (module.js:356:32)
    at Function.Module._load (module.js:312:12)
    at Function.Module.runMain (module.js:497:10)

TypeError: Object #<ChatRoom> has no method 'startBattle'
    at User.acceptChallengeFrom (C:\Users\Micheal\Downloads\PS-Server\users.js:952:22)
    at parseCommandLocal (C:\Users\Micheal\Downloads\PS-Server\chat-commands.js:2282:8)
    at ChatRoom.chat (C:\Users\Micheal\Downloads\PS-Server\rooms.js:1444:23)
    at User.processChatQueue (C:\Users\Micheal\Downloads\PS-Server\users.js:1000:13)
    at null._onTimeout (C:\Users\Micheal\Downloads\PS-Server\users.js:981:10)
    at Timer.listOnTimeout [as ontimeout] (timers.js:110:15)

TypeError: Object #<ChatRoom> has no method 'startBattle'
    at User.acceptChallengeFrom (C:\Users\Micheal\Downloads\PS-Server\users.js:952:22)
    at parseCommandLocal (C:\Users\Micheal\Downloads\PS-Server\chat-commands.js:2282:8)
    at ChatRoom.chat (C:\Users\Micheal\Downloads\PS-Server\rooms.js:1444:23)
    at User.processChatQueue (C:\Users\Micheal\Downloads\PS-Server\users.js:1000:13)
    at null._onTimeout (C:\Users\Micheal\Downloads\PS-Server\users.js:981:10)
    at Timer.listOnTimeout [as ontimeout] (timers.js:110:15)

TypeError: Object #<ChatRoom> has no method 'startBattle'
    at User.acceptChallengeFrom (C:\Users\Micheal\Downloads\PS-Server\users.js:952:22)
    at parseCommandLocal (C:\Users\Micheal\Downloads\PS-Server\chat-commands.js:2282:8)
    at ChatRoom.chat (C:\Users\Micheal\Downloads\PS-Server\rooms.js:1444:23)
    at User.processChatQueue (C:\Users\Micheal\Downloads\PS-Server\users.js:1000:13)
    at null._onTimeout (C:\Users\Micheal\Downloads\PS-Server\users.js:981:10)
    at Timer.listOnTimeout [as ontimeout] (timers.js:110:15)

TypeError: Object #<ChatRoom> has no method 'startBattle'
    at User.acceptChallengeFrom (C:\Users\Micheal\Downloads\PS-Server\users.js:952:22)
    at parseCommandLocal (C:\Users\Micheal\Downloads\PS-Server\chat-commands.js:2282:8)
    at ChatRoom.chat (C:\Users\Micheal\Downloads\PS-Server\rooms.js:1444:23)
    at User.processChatQueue (C:\Users\Micheal\Downloads\PS-Server\users.js:1000:13)
    at null._onTimeout (C:\Users\Micheal\Downloads\PS-Server\users.js:981:10)
    at Timer.listOnTimeout [as ontimeout] (timers.js:110:15)

TypeError: Object #<ChatRoom> has no method 'startBattle'
    at User.acceptChallengeFrom (C:\Users\Micheal\Downloads\PS-Server\users.js:952:22)
    at parseCommandLocal (C:\Users\Micheal\Downloads\PS-Server\chat-commands.js:2282:8)
    at ChatRoom.chat (C:\Users\Micheal\Downloads\PS-Server\rooms.js:1444:23)
    at User.processChatQueue (C:\Users\Micheal\Downloads\PS-Server\users.js:1000:13)
    at null._onTimeout (C:\Users\Micheal\Downloads\PS-Server\users.js:981:10)
    at Timer.listOnTimeout [as ontimeout] (timers.js:110:15)

TypeError: Object #<ChatRoom> has no method 'startBattle'
    at User.acceptChallengeFrom (C:\Users\Micheal\Downloads\PS-Server\users.js:952:22)
    at parseCommandLocal (C:\Users\Micheal\Downloads\PS-Server\chat-commands.js:2282:8)
    at ChatRoom.chat (C:\Users\Micheal\Downloads\PS-Server\rooms.js:1444:23)
    at User.processChatQueue (C:\Users\Micheal\Downloads\PS-Server\users.js:1000:13)
    at null._onTimeout (C:\Users\Micheal\Downloads\PS-Server\users.js:981:10)
    at Timer.listOnTimeout [as ontimeout] (timers.js:110:15)

TypeError: Object #<ChatRoom> has no method 'startBattle'
    at User.acceptChallengeFrom (C:\Users\Micheal\Downloads\PS-Server\users.js:952:22)
    at parseCommandLocal (C:\Users\Micheal\Downloads\PS-Server\chat-commands.js:2282:8)
    at ChatRoom.chat (C:\Users\Micheal\Downloads\PS-Server\rooms.js:1444:23)
    at User.processChatQueue (C:\Users\Micheal\Downloads\PS-Server\users.js:1000:13)
    at null._onTimeout (C:\Users\Micheal\Downloads\PS-Server\users.js:981:10)
    at Timer.listOnTimeout [as ontimeout] (timers.js:110:15)

TypeError: Object #<ChatRoom> has no method 'startBattle'
    at User.acceptChallengeFrom (C:\Users\Micheal\Downloads\PS-Server\users.js:952:22)
    at parseCommandLocal (C:\Users\Micheal\Downloads\PS-Server\chat-commands.js:2282:8)
    at ChatRoom.chat (C:\Users\Micheal\Downloads\PS-Server\rooms.js:1444:23)
    at User.processChatQueue (C:\Users\Micheal\Downloads\PS-Server\users.js:1000:13)
    at null._onTimeout (C:\Users\Micheal\Downloads\PS-Server\users.js:981:10)
    at Timer.listOnTimeout [as ontimeout] (timers.js:110:15)

TypeError: Object #<ChatRoom> has no method 'startBattle'
    at User.acceptChallengeFrom (C:\Users\Micheal\Downloads\PS-Server\users.js:952:22)
    at parseCommandLocal (C:\Users\Micheal\Downloads\PS-Server\chat-commands.js:2282:8)
    at ChatRoom.chat (C:\Users\Micheal\Downloads\PS-Server\rooms.js:1444:23)
    at User.processChatQueue (C:\Users\Micheal\Downloads\PS-Server\users.js:1000:13)
    at null._onTimeout (C:\Users\Micheal\Downloads\PS-Server\users.js:981:10)
    at Timer.listOnTimeout [as ontimeout] (timers.js:110:15)

ReferenceError: rooms is not defined
    at parseCommandLocal (C:\Users\Micheal\Downloads\PS-Server\chat-commands.js:2416:18)
    at ChatRoom.chat (C:\Users\Micheal\Downloads\PS-Server\rooms.js:1444:23)
    at User.chat (C:\Users\Micheal\Downloads\PS-Server\users.js:985:9)
    at C:\Users\Micheal\Downloads\PS-Server\app.js:505:12
    at Array.forEach (native)
    at Object.events.chat (C:\Users\Micheal\Downloads\PS-Server\app.js:504:31)
    at SockJSConnection.<anonymous> (C:\Users\Micheal\Downloads\PS-Server\app.js:617:50)
    at SockJSConnection.EventEmitter.emit (events.js:95:17)
    at Session.didMessage (C:\Users\Micheal\Downloads\PS-Server\node_modules\sockjs\lib\transport.js:212:25)
    at WebSocketReceiver.didMessage (C:\Users\Micheal\Downloads\PS-Server\node_modules\sockjs\lib\trans-websocket.js:102:40)

ReferenceError: rooms is not defined
    at parseCommandLocal (C:\Users\Micheal\Downloads\PS-Server\chat-commands.js:2416:18)
    at ChatRoom.chat (C:\Users\Micheal\Downloads\PS-Server\rooms.js:1444:23)
    at User.chat (C:\Users\Micheal\Downloads\PS-Server\users.js:985:9)
    at C:\Users\Micheal\Downloads\PS-Server\app.js:505:12
    at Array.forEach (native)
    at Object.events.chat (C:\Users\Micheal\Downloads\PS-Server\app.js:504:31)
    at SockJSConnection.<anonymous> (C:\Users\Micheal\Downloads\PS-Server\app.js:617:50)
    at SockJSConnection.EventEmitter.emit (events.js:95:17)
    at Session.didMessage (C:\Users\Micheal\Downloads\PS-Server\node_modules\sockjs\lib\transport.js:212:25)
    at WebSocketReceiver.didMessage (C:\Users\Micheal\Downloads\PS-Server\node_modules\sockjs\lib\trans-websocket.js:102:40)

ReferenceError: rooms is not defined
    at parseCommandLocal (C:\Users\Micheal\Downloads\PS-Server\chat-commands.js:2416:18)
    at ChatRoom.chat (C:\Users\Micheal\Downloads\PS-Server\rooms.js:1444:23)
    at User.chat (C:\Users\Micheal\Downloads\PS-Server\users.js:985:9)
    at C:\Users\Micheal\Downloads\PS-Server\app.js:505:12
    at Array.forEach (native)
    at Object.events.chat (C:\Users\Micheal\Downloads\PS-Server\app.js:504:31)
    at SockJSConnection.<anonymous> (C:\Users\Micheal\Downloads\PS-Server\app.js:617:50)
    at SockJSConnection.EventEmitter.emit (events.js:95:17)
    at Session.didMessage (C:\Users\Micheal\Downloads\PS-Server\node_modules\sockjs\lib\transport.js:212:25)
    at WebSocketReceiver.didMessage (C:\Users\Micheal\Downloads\PS-Server\node_modules\sockjs\lib\trans-websocket.js:102:40)

TypeError: Object function GlobalRoom(roomid) {
  	this.id = roomid;
		this.i = {};

		// init rooms
		this.rooms = [];
		this.numRooms = 0;
		this.searchers = [];

		// Never do any other file IO synchronously
		// but this is okay to prevent race conditions as we start up PS
		this.numRooms = 0;
		try {
			this.numRooms = parseInt(fs.readFileSync('logs/lastbattle.txt')) || 0;
		} catch (e) {} // file doesn't exist [yet]

		// this function is complex in order to avoid several race conditions
		var self = this;
		this.writeNumRooms = (function() {
			var writing = false;
			var numRooms;	// last numRooms to be written to file
			var finishWriting = function() {
				writing = false;
				if (numRooms !== self.numRooms) {
					self.writeNumRooms();
				}
			};
			return function() {
				if (writing) return;
				numRooms = self.numRooms;
				writing = true;
				fs.writeFile('logs/lastbattle.txt.0', '' + numRooms, function() {
					// rename is atomic on POSIX, but will throw an error on Windows
					fs.rename('logs/lastbattle.txt.0', 'logs/lastbattle.txt', function(err) {
						if (err) {
							// This should only happen on Windows.
							fs.writeFile('logs/lastbattle.txt', '' + numRooms, finishWriting);
							return;
						}
						finishWriting();
					});
				});
			};
		})();

		// init users
		this.users = {};

		(function() {
			const REPORT_USER_STATS_INTERVAL = 1000 * 60 * 10;
			self.maxUsers = self.maxUsersDate = 0;
			var reportUserStats = function() {
				if (self.maxUsersDate) {
					LoginServer.request('updateuserstats', {
						date: self.maxUsersDate,
						users: self.maxUsers
					}, function() {});
					self.maxUsersDate = 0;
				}
				LoginServer.request('updateuserstats', {
					date: Date.now(),
					users: Object.size(self.users)
				}, function() {});
			};
			setInterval(reportUserStats, REPORT_USER_STATS_INTERVAL);
		})();

		if (config.reportbattlesperiod) {
			this.reportBattlesInterval = setInterval(
				this.reportRecentBattles.bind(this),
				config.reportbattlesperiod
			);
		}

		if (!config.herokuhack) {
			this.sweepClosedSocketsInterval = setInterval(
				this.sweepClosedSockets.bind(this),
				1000 * 60 * 10
			);
		}
	} has no method 'addRaw'
    at parseCommandLocal (C:\Users\Micheal\Downloads\PS-Server\chat-commands.js:2417:14)
    at ChatRoom.chat (C:\Users\Micheal\Downloads\PS-Server\rooms.js:1444:23)
    at User.chat (C:\Users\Micheal\Downloads\PS-Server\users.js:985:9)
    at C:\Users\Micheal\Downloads\PS-Server\app.js:505:12
    at Array.forEach (native)
    at Object.events.chat (C:\Users\Micheal\Downloads\PS-Server\app.js:504:31)
    at SockJSConnection.<anonymous> (C:\Users\Micheal\Downloads\PS-Server\app.js:617:50)
    at SockJSConnection.EventEmitter.emit (events.js:95:17)
    at Session.didMessage (C:\Users\Micheal\Downloads\PS-Server\node_modules\sockjs\lib\transport.js:212:25)
    at WebSocketReceiver.didMessage (C:\Users\Micheal\Downloads\PS-Server\node_modules\sockjs\lib\trans-websocket.js:102:40)

ReferenceError: rooms is not defined
    at parseCommandLocal (C:\Users\Micheal\Downloads\PS-Server\chat-commands.js:2416:18)
    at ChatRoom.chat (C:\Users\Micheal\Downloads\PS-Server\rooms.js:1444:23)
    at User.chat (C:\Users\Micheal\Downloads\PS-Server\users.js:985:9)
    at C:\Users\Micheal\Downloads\PS-Server\app.js:505:12
    at Array.forEach (native)
    at Object.events.chat (C:\Users\Micheal\Downloads\PS-Server\app.js:504:31)
    at SockJSConnection.<anonymous> (C:\Users\Micheal\Downloads\PS-Server\app.js:617:50)
    at SockJSConnection.EventEmitter.emit (events.js:95:17)
    at Session.didMessage (C:\Users\Micheal\Downloads\PS-Server\node_modules\sockjs\lib\transport.js:212:25)
    at WebSocketReceiver.didMessage (C:\Users\Micheal\Downloads\PS-Server\node_modules\sockjs\lib\trans-websocket.js:102:40)

ReferenceError: rooms is not defined
    at parseCommandLocal (C:\Users\Micheal\Downloads\PS-Server\chat-commands.js:2416:18)
    at ChatRoom.chat (C:\Users\Micheal\Downloads\PS-Server\rooms.js:1444:23)
    at User.chat (C:\Users\Micheal\Downloads\PS-Server\users.js:985:9)
    at C:\Users\Micheal\Downloads\PS-Server\app.js:505:12
    at Array.forEach (native)
    at Object.events.chat (C:\Users\Micheal\Downloads\PS-Server\app.js:504:31)
    at SockJSConnection.<anonymous> (C:\Users\Micheal\Downloads\PS-Server\app.js:617:50)
    at SockJSConnection.EventEmitter.emit (events.js:95:17)
    at Session.didMessage (C:\Users\Micheal\Downloads\PS-Server\node_modules\sockjs\lib\transport.js:212:25)
    at WebSocketReceiver.didMessage (C:\Users\Micheal\Downloads\PS-Server\node_modules\sockjs\lib\trans-websocket.js:102:40)

TypeError: Object function GlobalRoom(roomid) {
		this.id = roomid;
		this.i = {};

		// init rooms
		this.rooms = [];
		this.numRooms = 0;
		this.searchers = [];

		// Never do any other file IO synchronously
		// but this is okay to prevent race conditions as we start up PS
		this.numRooms = 0;
		try {
			this.numRooms = parseInt(fs.readFileSync('logs/lastbattle.txt')) || 0;
		} catch (e) {} // file doesn't exist [yet]

		// this function is complex in order to avoid several race conditions
		var self = this;
		this.writeNumRooms = (function() {
			var writing = false;
			var numRooms;	// last numRooms to be written to file
			var finishWriting = function() {
				writing = false;
				if (numRooms !== self.numRooms) {
					self.writeNumRooms();
				}
			};
			return function() {
				if (writing) return;
				numRooms = self.numRooms;
				writing = true;
				fs.writeFile('logs/lastbattle.txt.0', '' + numRooms, function() {
					// rename is atomic on POSIX, but will throw an error on Windows
					fs.rename('logs/lastbattle.txt.0', 'logs/lastbattle.txt', function(err) {
						if (err) {
							// This should only happen on Windows.
							fs.writeFile('logs/lastbattle.txt', '' + numRooms, finishWriting);
							return;
						}
						finishWriting();
					});
				});
			};
		})();

		// init users
		this.users = {};

		(function() {
			const REPORT_USER_STATS_INTERVAL = 1000 * 60 * 10;
			self.maxUsers = self.maxUsersDate = 0;
			var reportUserStats = function() {
				if (self.maxUsersDate) {
					LoginServer.request('updateuserstats', {
						date: self.maxUsersDate,
						users: self.maxUsers
					}, function() {});
					self.maxUsersDate = 0;
				}
				LoginServer.request('updateuserstats', {
					date: Date.now(),
					users: Object.size(self.users)
				}, function() {});
			};
			setInterval(reportUserStats, REPORT_USER_STATS_INTERVAL);
		})();

		if (config.reportbattlesperiod) {
			this.reportBattlesInterval = setInterval(
				this.reportRecentBattles.bind(this),
				config.reportbattlesperiod
			);
		}

		if (!config.herokuhack) {
			this.sweepClosedSocketsInterval = setInterval(
				this.sweepClosedSockets.bind(this),
				1000 * 60 * 10
			);
		}
	} has no method 'addRaw'
    at parseCommandLocal (C:\Users\Micheal\Downloads\PS-Server\chat-commands.js:2417:14)
    at ChatRoom.chat (C:\Users\Micheal\Downloads\PS-Server\rooms.js:1444:23)
    at User.chat (C:\Users\Micheal\Downloads\PS-Server\users.js:985:9)
    at C:\Users\Micheal\Downloads\PS-Server\app.js:505:12
    at Array.forEach (native)
    at Object.events.chat (C:\Users\Micheal\Downloads\PS-Server\app.js:504:31)
    at SockJSConnection.<anonymous> (C:\Users\Micheal\Downloads\PS-Server\app.js:617:50)
    at SockJSConnection.EventEmitter.emit (events.js:95:17)
    at Session.didMessage (C:\Users\Micheal\Downloads\PS-Server\node_modules\sockjs\lib\transport.js:212:25)
    at WebSocketReceiver.didMessage (C:\Users\Micheal\Downloads\PS-Server\node_modules\sockjs\lib\trans-websocket.js:102:40)

ReferenceError: rooms is not defined
    at parseCommandLocal (C:\Users\Micheal\Downloads\PS-Server\chat-commands.js:67:22)
    at ChatRoom.chat (C:\Users\Micheal\Downloads\PS-Server\rooms.js:1446:23)
    at User.chat (C:\Users\Micheal\Downloads\PS-Server\users.js:966:9)
    at C:\Users\Micheal\Downloads\PS-Server\app.js:505:12
    at Array.forEach (native)
    at Object.events.chat (C:\Users\Micheal\Downloads\PS-Server\app.js:504:31)
    at SockJSConnection.<anonymous> (C:\Users\Micheal\Downloads\PS-Server\app.js:617:50)
    at SockJSConnection.EventEmitter.emit (events.js:95:17)
    at Session.didMessage (C:\Users\Micheal\Downloads\PS-Server\node_modules\sockjs\lib\transport.js:212:25)
    at WebSocketReceiver.didMessage (C:\Users\Micheal\Downloads\PS-Server\node_modules\sockjs\lib\trans-websocket.js:102:40)

TypeError: Object #<Object> has no method 'checkBanned'
    at Server.<anonymous> (C:\Users\Micheal\Downloads\PS-Server\app.js:299:12)
    at Server.EventEmitter.emit (events.js:95:17)
    at App.emit (C:\Users\Micheal\Downloads\PS-Server\node_modules\sockjs\lib\sockjs.js:182:27)
    at Session.emit_open (C:\Users\Micheal\Downloads\PS-Server\node_modules\sockjs\lib\transport.js:107:23)
    at process._tickCallback (node.js:415:13)

TypeError: Object #<Object> has no method 'checkBanned'
    at Server.<anonymous> (C:\Users\Micheal\Downloads\PS-Server\app.js:299:12)
    at Server.EventEmitter.emit (events.js:95:17)
    at App.emit (C:\Users\Micheal\Downloads\PS-Server\node_modules\sockjs\lib\sockjs.js:182:27)
    at Session.emit_open (C:\Users\Micheal\Downloads\PS-Server\node_modules\sockjs\lib\transport.js:107:23)
    at process._tickCallback (node.js:415:13)

TypeError: Object #<Object> has no method 'checkBanned'
    at Server.<anonymous> (C:\Users\Micheal\Downloads\PS-Server\app.js:299:12)
    at Server.EventEmitter.emit (events.js:95:17)
    at App.emit (C:\Users\Micheal\Downloads\PS-Server\node_modules\sockjs\lib\sockjs.js:182:27)
    at Session.emit_open (C:\Users\Micheal\Downloads\PS-Server\node_modules\sockjs\lib\transport.js:107:23)
    at process._tickCallback (node.js:415:13)

TypeError: Object #<Object> has no method 'checkBanned'
    at Server.<anonymous> (C:\Users\Micheal\Downloads\PS-Server\app.js:299:12)
    at Server.EventEmitter.emit (events.js:95:17)
    at App.emit (C:\Users\Micheal\Downloads\PS-Server\node_modules\sockjs\lib\sockjs.js:182:27)
    at Session.emit_open (C:\Users\Micheal\Downloads\PS-Server\node_modules\sockjs\lib\transport.js:107:23)
    at process._tickCallback (node.js:415:13)

TypeError: Object #<Object> has no method 'checkBanned'
    at Server.<anonymous> (C:\Users\Micheal\Downloads\PS-Server\app.js:299:12)
    at Server.EventEmitter.emit (events.js:95:17)
    at App.emit (C:\Users\Micheal\Downloads\PS-Server\node_modules\sockjs\lib\sockjs.js:182:27)
    at Session.emit_open (C:\Users\Micheal\Downloads\PS-Server\node_modules\sockjs\lib\transport.js:107:23)
    at process._tickCallback (node.js:415:13)

TypeError: Object #<Object> has no method 'checkBanned'
    at Server.<anonymous> (C:\Users\Micheal\Downloads\PS-Server\app.js:299:12)
    at Server.EventEmitter.emit (events.js:95:17)
    at App.emit (C:\Users\Micheal\Downloads\PS-Server\node_modules\sockjs\lib\sockjs.js:182:27)
    at Session.emit_open (C:\Users\Micheal\Downloads\PS-Server\node_modules\sockjs\lib\transport.js:107:23)
    at process._tickCallback (node.js:415:13)

TypeError: Object #<Object> has no method 'checkBanned'
    at Server.<anonymous> (C:\Users\Micheal\Downloads\PS-Server\app.js:299:12)
    at Server.EventEmitter.emit (events.js:95:17)
    at App.emit (C:\Users\Micheal\Downloads\PS-Server\node_modules\sockjs\lib\sockjs.js:182:27)
    at Session.emit_open (C:\Users\Micheal\Downloads\PS-Server\node_modules\sockjs\lib\transport.js:107:23)
    at process._tickCallback (node.js:415:13)

TypeError: Object #<Object> has no method 'checkBanned'
    at Server.<anonymous> (C:\Users\Micheal\Downloads\PS-Server\app.js:299:12)
    at Server.EventEmitter.emit (events.js:95:17)
    at App.emit (C:\Users\Micheal\Downloads\PS-Server\node_modules\sockjs\lib\sockjs.js:182:27)
    at Session.emit_open (C:\Users\Micheal\Downloads\PS-Server\node_modules\sockjs\lib\transport.js:107:23)
    at process._tickCallback (node.js:415:13)

TypeError: Object #<Object> has no method 'checkBanned'
    at Server.<anonymous> (C:\Users\Micheal\Downloads\PS-Server\app.js:299:12)
    at Server.EventEmitter.emit (events.js:95:17)
    at App.emit (C:\Users\Micheal\Downloads\PS-Server\node_modules\sockjs\lib\sockjs.js:182:27)
    at Session.emit_open (C:\Users\Micheal\Downloads\PS-Server\node_modules\sockjs\lib\transport.js:107:23)
    at process._tickCallback (node.js:415:13)

TypeError: Object #<Object> has no method 'checkBanned'
    at Server.<anonymous> (C:\Users\Micheal\Downloads\PS-Server\app.js:299:12)
    at Server.EventEmitter.emit (events.js:95:17)
    at App.emit (C:\Users\Micheal\Downloads\PS-Server\node_modules\sockjs\lib\sockjs.js:182:27)
    at Session.emit_open (C:\Users\Micheal\Downloads\PS-Server\node_modules\sockjs\lib\transport.js:107:23)
    at process._tickCallback (node.js:415:13)

TypeError: Object #<Object> has no method 'checkBanned'
    at Server.<anonymous> (C:\Users\Micheal\Downloads\PS-Server\app.js:299:12)
    at Server.EventEmitter.emit (events.js:95:17)
    at App.emit (C:\Users\Micheal\Downloads\PS-Server\node_modules\sockjs\lib\sockjs.js:182:27)
    at Session.emit_open (C:\Users\Micheal\Downloads\PS-Server\node_modules\sockjs\lib\transport.js:107:23)
    at process._tickCallback (node.js:415:13)

TypeError: Object #<Object> has no method 'checkBanned'
    at Server.<anonymous> (C:\Users\Micheal\Downloads\PS-Server\app.js:299:12)
    at Server.EventEmitter.emit (events.js:95:17)
    at App.emit (C:\Users\Micheal\Downloads\PS-Server\node_modules\sockjs\lib\sockjs.js:182:27)
    at Session.emit_open (C:\Users\Micheal\Downloads\PS-Server\node_modules\sockjs\lib\transport.js:107:23)
    at process._tickCallback (node.js:415:13)

TypeError: Object #<Object> has no method 'checkBanned'
    at Server.<anonymous> (C:\Users\Micheal\Downloads\PS-Server\app.js:299:12)
    at Server.EventEmitter.emit (events.js:95:17)
    at App.emit (C:\Users\Micheal\Downloads\PS-Server\node_modules\sockjs\lib\sockjs.js:182:27)
    at Session.emit_open (C:\Users\Micheal\Downloads\PS-Server\node_modules\sockjs\lib\transport.js:107:23)
    at process._tickCallback (node.js:415:13)

TypeError: Object #<Object> has no method 'checkBanned'
    at Server.<anonymous> (C:\Users\Micheal\Downloads\PS-Server\app.js:299:12)
    at Server.EventEmitter.emit (events.js:95:17)
    at App.emit (C:\Users\Micheal\Downloads\PS-Server\node_modules\sockjs\lib\sockjs.js:182:27)
    at Session.emit_open (C:\Users\Micheal\Downloads\PS-Server\node_modules\sockjs\lib\transport.js:107:23)
    at process._tickCallback (node.js:415:13)

TypeError: Object #<User> has no method 'nameLocked'
    at User.user.getIdentity (C:\Users\Micheal\Downloads\PS-Server\chat-commands.js:1430:12)
    at ChatRoom.sendIdentity (C:\Users\Micheal\Downloads\PS-Server\rooms.js:1300:29)
    at parseCommandLocal (C:\Users\Micheal\Downloads\PS-Server\chat-commands.js:1434:15)
    at ChatRoom.chat (C:\Users\Micheal\Downloads\PS-Server\rooms.js:1444:23)
    at User.chat (C:\Users\Micheal\Downloads\PS-Server\users.js:936:9)
    at C:\Users\Micheal\Downloads\PS-Server\app.js:269:12
    at Array.forEach (native)
    at Object.events.chat (C:\Users\Micheal\Downloads\PS-Server\app.js:268:31)
    at SockJSConnection.<anonymous> (C:\Users\Micheal\Downloads\PS-Server\app.js:332:49)
    at SockJSConnection.EventEmitter.emit (events.js:95:17)

TypeError: Object #<User> has no method 'nameLocked'
    at User.user.getIdentity (C:\Users\Micheal\Downloads\PS-Server\chat-commands.js:1430:12)
    at ChatRoom.leave (C:\Users\Micheal\Downloads\PS-Server\rooms.js:1400:24)
    at User.leaveRoom (C:\Users\Micheal\Downloads\PS-Server\users.js:817:13)
    at User.disconnect (C:\Users\Micheal\Downloads\PS-Server\users.js:644:11)
    at SockJSConnection.<anonymous> (C:\Users\Micheal\Downloads\PS-Server\app.js:341:11)
    at SockJSConnection.EventEmitter.emit (events.js:92:17)
    at Session.didTimeout (C:\Users\Micheal\Downloads\PS-Server\node_modules\sockjs\lib\transport.js:202:23)
    at WebSocketReceiver.GenericReceiver.didAbort (C:\Users\Micheal\Downloads\PS-Server\node_modules\sockjs\lib\transport.js:287:35)
    at thingy_end_cb (C:\Users\Micheal\Downloads\PS-Server\node_modules\sockjs\lib\transport.js:271:22)
    at null.<anonymous> (C:\Users\Micheal\Downloads\PS-Server\node_modules\sockjs\node_modules\faye-websocket\lib\faye\websocket\api\event_target.js:41:7)

TypeError: Object #<User> has no method 'nameLocked'
    at User.user.getIdentity (C:\Users\Micheal\Downloads\PS-Server\chat-commands.js:1430:12)
    at ChatRoom.join (C:\Users\Micheal\Downloads\PS-Server\rooms.js:1343:24)
    at User.merge (C:\Users\Micheal\Downloads\PS-Server\users.js:593:10)
    at User.finishRename (C:\Users\Micheal\Downloads\PS-Server\users.js:531:11)
    at Object.14 (C:\Users\Micheal\Downloads\PS-Server\users.js:430:10)
    at ChildProcess.<anonymous> (C:\Users\Micheal\Downloads\PS-Server\verifier.js:23:28)
    at ChildProcess.EventEmitter.emit (events.js:98:17)
    at handleMessage (child_process.js:318:12)
    at Pipe.channel.onread (child_process.js:339:9)

TypeError: Object #<User> has no method 'nameLocked'
    at User.user.getIdentity (C:\Users\Micheal\Downloads\PS-Server\chat-commands.js:1430:12)
    at ChatRoom.chat (C:\Users\Micheal\Downloads\PS-Server\rooms.js:1472:24)
    at User.chat (C:\Users\Micheal\Downloads\PS-Server\users.js:936:9)
    at C:\Users\Micheal\Downloads\PS-Server\app.js:269:12
    at Array.forEach (native)
    at Object.events.chat (C:\Users\Micheal\Downloads\PS-Server\app.js:268:31)
    at SockJSConnection.<anonymous> (C:\Users\Micheal\Downloads\PS-Server\app.js:332:49)
    at SockJSConnection.EventEmitter.emit (events.js:95:17)
    at Session.didMessage (C:\Users\Micheal\Downloads\PS-Server\node_modules\sockjs\lib\transport.js:212:25)
    at WebSocketReceiver.didMessage (C:\Users\Micheal\Downloads\PS-Server\node_modules\sockjs\lib\trans-websocket.js:102:40)

TypeError: Object #<User> has no method 'nameLocked'
    at User.user.getIdentity (C:\Users\Micheal\Downloads\PS-Server\chat-commands.js:1430:12)
    at ChatRoom.sendIdentity (C:\Users\Micheal\Downloads\PS-Server\rooms.js:1300:29)
    at parseCommandLocal (C:\Users\Micheal\Downloads\PS-Server\chat-commands.js:1434:15)
    at ChatRoom.chat (C:\Users\Micheal\Downloads\PS-Server\rooms.js:1444:23)
    at User.chat (C:\Users\Micheal\Downloads\PS-Server\users.js:936:9)
    at C:\Users\Micheal\Downloads\PS-Server\app.js:269:12
    at Array.forEach (native)
    at Object.events.chat (C:\Users\Micheal\Downloads\PS-Server\app.js:268:31)
    at SockJSConnection.<anonymous> (C:\Users\Micheal\Downloads\PS-Server\app.js:332:49)
    at SockJSConnection.EventEmitter.emit (events.js:95:17)

TypeError: Object #<User> has no method 'nameLocked'
    at User.user.getIdentity (C:\Users\Micheal\Downloads\PS-Server\chat-commands.js:1430:12)
    at ChatRoom.leave (C:\Users\Micheal\Downloads\PS-Server\rooms.js:1400:24)
    at User.leaveRoom (C:\Users\Micheal\Downloads\PS-Server\users.js:817:13)
    at User.disconnect (C:\Users\Micheal\Downloads\PS-Server\users.js:644:11)
    at SockJSConnection.<anonymous> (C:\Users\Micheal\Downloads\PS-Server\app.js:341:11)
    at SockJSConnection.EventEmitter.emit (events.js:92:17)
    at Session.didTimeout (C:\Users\Micheal\Downloads\PS-Server\node_modules\sockjs\lib\transport.js:202:23)
    at WebSocketReceiver.GenericReceiver.didAbort (C:\Users\Micheal\Downloads\PS-Server\node_modules\sockjs\lib\transport.js:287:35)
    at thingy_end_cb (C:\Users\Micheal\Downloads\PS-Server\node_modules\sockjs\lib\transport.js:271:22)
    at null.<anonymous> (C:\Users\Micheal\Downloads\PS-Server\node_modules\sockjs\node_modules\faye-websocket\lib\faye\websocket\api\event_target.js:41:7)

TypeError: Object #<User> has no method 'nameLocked'
    at User.user.getIdentity (C:\Users\Micheal\Downloads\PS-Server\chat-commands.js:1430:12)
    at ChatRoom.getUserList (C:\Users\Micheal\Downloads\PS-Server\rooms.js:1251:32)
    at ChatRoom.join (C:\Users\Micheal\Downloads\PS-Server\rooms.js:1363:56)
    at User.joinRoom (C:\Users\Micheal\Downloads\PS-Server\users.js:795:10)
    at Object.events.join (C:\Users\Micheal\Downloads\PS-Server\app.js:261:11)
    at SockJSConnection.<anonymous> (C:\Users\Micheal\Downloads\PS-Server\app.js:332:49)
    at SockJSConnection.EventEmitter.emit (events.js:95:17)
    at Session.didMessage (C:\Users\Micheal\Downloads\PS-Server\node_modules\sockjs\lib\transport.js:212:25)
    at WebSocketReceiver.didMessage (C:\Users\Micheal\Downloads\PS-Server\node_modules\sockjs\lib\trans-websocket.js:102:40)
    at C:\Users\Micheal\Downloads\PS-Server\node_modules\sockjs\lib\trans-websocket.js:75:22

TypeError: Object #<User> has no method 'nameLocked'
    at User.user.getIdentity (C:\Users\Micheal\Downloads\PS-Server\chat-commands.js:1430:12)
    at ChatRoom.getUserList (C:\Users\Micheal\Downloads\PS-Server\rooms.js:1251:32)
    at ChatRoom.join (C:\Users\Micheal\Downloads\PS-Server\rooms.js:1363:56)
    at User.joinRoom (C:\Users\Micheal\Downloads\PS-Server\users.js:795:10)
    at Object.events.join (C:\Users\Micheal\Downloads\PS-Server\app.js:261:11)
    at SockJSConnection.<anonymous> (C:\Users\Micheal\Downloads\PS-Server\app.js:332:49)
    at SockJSConnection.EventEmitter.emit (events.js:95:17)
    at Session.didMessage (C:\Users\Micheal\Downloads\PS-Server\node_modules\sockjs\lib\transport.js:212:25)
    at WebSocketReceiver.didMessage (C:\Users\Micheal\Downloads\PS-Server\node_modules\sockjs\lib\trans-websocket.js:102:40)
    at C:\Users\Micheal\Downloads\PS-Server\node_modules\sockjs\lib\trans-websocket.js:75:22

TypeError: Object #<User> has no method 'nameLocked'
    at User.user.getIdentity (C:\Users\Micheal\Downloads\PS-Server\chat-commands.js:1430:12)
    at ChatRoom.getUserList (C:\Users\Micheal\Downloads\PS-Server\rooms.js:1251:32)
    at ChatRoom.join (C:\Users\Micheal\Downloads\PS-Server\rooms.js:1363:56)
    at User.joinRoom (C:\Users\Micheal\Downloads\PS-Server\users.js:795:10)
    at Object.events.join (C:\Users\Micheal\Downloads\PS-Server\app.js:261:11)
    at SockJSConnection.<anonymous> (C:\Users\Micheal\Downloads\PS-Server\app.js:332:49)
    at SockJSConnection.EventEmitter.emit (events.js:95:17)
    at Session.didMessage (C:\Users\Micheal\Downloads\PS-Server\node_modules\sockjs\lib\transport.js:212:25)
    at WebSocketReceiver.didMessage (C:\Users\Micheal\Downloads\PS-Server\node_modules\sockjs\lib\trans-websocket.js:102:40)
    at C:\Users\Micheal\Downloads\PS-Server\node_modules\sockjs\lib\trans-websocket.js:75:22

TypeError: Object #<User> has no method 'nameLocked'
    at User.user.getIdentity (C:\Users\Micheal\Downloads\PS-Server\chat-commands.js:1430:12)
    at ChatRoom.getUserList (C:\Users\Micheal\Downloads\PS-Server\rooms.js:1251:32)
    at ChatRoom.join (C:\Users\Micheal\Downloads\PS-Server\rooms.js:1363:56)
    at User.joinRoom (C:\Users\Micheal\Downloads\PS-Server\users.js:795:10)
    at Object.events.join (C:\Users\Micheal\Downloads\PS-Server\app.js:261:11)
    at SockJSConnection.<anonymous> (C:\Users\Micheal\Downloads\PS-Server\app.js:332:49)
    at SockJSConnection.EventEmitter.emit (events.js:95:17)
    at Session.didMessage (C:\Users\Micheal\Downloads\PS-Server\node_modules\sockjs\lib\transport.js:212:25)
    at WebSocketReceiver.didMessage (C:\Users\Micheal\Downloads\PS-Server\node_modules\sockjs\lib\trans-websocket.js:102:40)
    at C:\Users\Micheal\Downloads\PS-Server\node_modules\sockjs\lib\trans-websocket.js:75:22

TypeError: Object #<User> has no method 'nameLocked'
    at User.user.getIdentity (C:\Users\Micheal\Downloads\PS-Server\chat-commands.js:1430:12)
    at ChatRoom.getUserList (C:\Users\Micheal\Downloads\PS-Server\rooms.js:1251:32)
    at ChatRoom.join (C:\Users\Micheal\Downloads\PS-Server\rooms.js:1363:56)
    at User.joinRoom (C:\Users\Micheal\Downloads\PS-Server\users.js:795:10)
    at Object.events.join (C:\Users\Micheal\Downloads\PS-Server\app.js:261:11)
    at SockJSConnection.<anonymous> (C:\Users\Micheal\Downloads\PS-Server\app.js:332:49)
    at SockJSConnection.EventEmitter.emit (events.js:95:17)
    at Session.didMessage (C:\Users\Micheal\Downloads\PS-Server\node_modules\sockjs\lib\transport.js:212:25)
    at WebSocketReceiver.didMessage (C:\Users\Micheal\Downloads\PS-Server\node_modules\sockjs\lib\trans-websocket.js:102:40)
    at C:\Users\Micheal\Downloads\PS-Server\node_modules\sockjs\lib\trans-websocket.js:75:22

TypeError: Object #<User> has no method 'nameLocked'
    at User.user.getIdentity (C:\Users\Micheal\Downloads\PS-Server\chat-commands.js:1430:12)
    at ChatRoom.getUserList (C:\Users\Micheal\Downloads\PS-Server\rooms.js:1251:32)
    at ChatRoom.join (C:\Users\Micheal\Downloads\PS-Server\rooms.js:1363:56)
    at User.joinRoom (C:\Users\Micheal\Downloads\PS-Server\users.js:795:10)
    at Object.events.join (C:\Users\Micheal\Downloads\PS-Server\app.js:261:11)
    at SockJSConnection.<anonymous> (C:\Users\Micheal\Downloads\PS-Server\app.js:332:49)
    at SockJSConnection.EventEmitter.emit (events.js:95:17)
    at Session.didMessage (C:\Users\Micheal\Downloads\PS-Server\node_modules\sockjs\lib\transport.js:212:25)
    at WebSocketReceiver.didMessage (C:\Users\Micheal\Downloads\PS-Server\node_modules\sockjs\lib\trans-websocket.js:102:40)
    at C:\Users\Micheal\Downloads\PS-Server\node_modules\sockjs\lib\trans-websocket.js:75:22

TypeError: Object #<User> has no method 'nameLocked'
    at User.user.getIdentity (C:\Users\Micheal\Downloads\PS-Server\chat-commands.js:1430:12)
    at ChatRoom.getUserList (C:\Users\Micheal\Downloads\PS-Server\rooms.js:1251:32)
    at ChatRoom.join (C:\Users\Micheal\Downloads\PS-Server\rooms.js:1363:56)
    at User.joinRoom (C:\Users\Micheal\Downloads\PS-Server\users.js:795:10)
    at Object.events.join (C:\Users\Micheal\Downloads\PS-Server\app.js:261:11)
    at SockJSConnection.<anonymous> (C:\Users\Micheal\Downloads\PS-Server\app.js:332:49)
    at SockJSConnection.EventEmitter.emit (events.js:95:17)
    at Session.didMessage (C:\Users\Micheal\Downloads\PS-Server\node_modules\sockjs\lib\transport.js:212:25)
    at WebSocketReceiver.didMessage (C:\Users\Micheal\Downloads\PS-Server\node_modules\sockjs\lib\trans-websocket.js:102:40)
    at C:\Users\Micheal\Downloads\PS-Server\node_modules\sockjs\lib\trans-websocket.js:75:22

TypeError: Object #<User> has no method 'nameLocked'
    at User.user.getIdentity (C:\Users\Micheal\Downloads\PS-Server\chat-commands.js:1430:12)
    at ChatRoom.getUserList (C:\Users\Micheal\Downloads\PS-Server\rooms.js:1251:32)
    at ChatRoom.join (C:\Users\Micheal\Downloads\PS-Server\rooms.js:1363:56)
    at User.joinRoom (C:\Users\Micheal\Downloads\PS-Server\users.js:795:10)
    at Object.events.join (C:\Users\Micheal\Downloads\PS-Server\app.js:261:11)
    at SockJSConnection.<anonymous> (C:\Users\Micheal\Downloads\PS-Server\app.js:332:49)
    at SockJSConnection.EventEmitter.emit (events.js:95:17)
    at Session.didMessage (C:\Users\Micheal\Downloads\PS-Server\node_modules\sockjs\lib\transport.js:212:25)
    at WebSocketReceiver.didMessage (C:\Users\Micheal\Downloads\PS-Server\node_modules\sockjs\lib\trans-websocket.js:102:40)
    at C:\Users\Micheal\Downloads\PS-Server\node_modules\sockjs\lib\trans-websocket.js:75:22

TypeError: Object #<User> has no method 'nameLocked'
    at User.user.getIdentity (C:\Users\Micheal\Downloads\PS-Server\chat-commands.js:1430:12)
    at ChatRoom.getUserList (C:\Users\Micheal\Downloads\PS-Server\rooms.js:1251:32)
    at ChatRoom.join (C:\Users\Micheal\Downloads\PS-Server\rooms.js:1363:56)
    at User.joinRoom (C:\Users\Micheal\Downloads\PS-Server\users.js:795:10)
    at Object.events.join (C:\Users\Micheal\Downloads\PS-Server\app.js:261:11)
    at SockJSConnection.<anonymous> (C:\Users\Micheal\Downloads\PS-Server\app.js:332:49)
    at SockJSConnection.EventEmitter.emit (events.js:95:17)
    at Session.didMessage (C:\Users\Micheal\Downloads\PS-Server\node_modules\sockjs\lib\transport.js:212:25)
    at WebSocketReceiver.didMessage (C:\Users\Micheal\Downloads\PS-Server\node_modules\sockjs\lib\trans-websocket.js:102:40)
    at C:\Users\Micheal\Downloads\PS-Server\node_modules\sockjs\lib\trans-websocket.js:75:22

ReferenceError: bannedIps is not defined
    at parseCommandLocal (C:\Users\Micheal\Downloads\PS-Server\chat-commands.js:669:18)
    at ChatRoom.chat (C:\Users\Micheal\Downloads\PS-Server\rooms.js:1444:23)
    at User.chat (C:\Users\Micheal\Downloads\PS-Server\users.js:936:9)
    at C:\Users\Micheal\Downloads\PS-Server\app.js:269:12
    at Array.forEach (native)
    at Object.events.chat (C:\Users\Micheal\Downloads\PS-Server\app.js:268:31)
    at SockJSConnection.<anonymous> (C:\Users\Micheal\Downloads\PS-Server\app.js:332:49)
    at SockJSConnection.EventEmitter.emit (events.js:95:17)
    at Session.didMessage (C:\Users\Micheal\Downloads\PS-Server\node_modules\sockjs\lib\transport.js:212:25)
    at WebSocketReceiver.didMessage (C:\Users\Micheal\Downloads\PS-Server\node_modules\sockjs\lib\trans-websocket.js:102:40)

TypeError: Object #<User> has no method 'nameLocked'
    at User.user.getIdentity (C:\Users\Micheal\Downloads\PS-Server\chat-commands.js:1430:12)
    at ChatRoom.getUserList (C:\Users\Micheal\Downloads\PS-Server\rooms.js:1251:32)
    at ChatRoom.join (C:\Users\Micheal\Downloads\PS-Server\rooms.js:1363:56)
    at User.joinRoom (C:\Users\Micheal\Downloads\PS-Server\users.js:795:10)
    at Object.events.join (C:\Users\Micheal\Downloads\PS-Server\app.js:261:11)
    at SockJSConnection.<anonymous> (C:\Users\Micheal\Downloads\PS-Server\app.js:332:49)
    at SockJSConnection.EventEmitter.emit (events.js:95:17)
    at Session.didMessage (C:\Users\Micheal\Downloads\PS-Server\node_modules\sockjs\lib\transport.js:212:25)
    at WebSocketReceiver.didMessage (C:\Users\Micheal\Downloads\PS-Server\node_modules\sockjs\lib\trans-websocket.js:102:40)
    at C:\Users\Micheal\Downloads\PS-Server\node_modules\sockjs\lib\trans-websocket.js:75:22

TypeError: Object #<User> has no method 'nameLocked'
    at User.user.getIdentity (C:\Users\Micheal\Downloads\PS-Server\chat-commands.js:1430:12)
    at ChatRoom.getUserList (C:\Users\Micheal\Downloads\PS-Server\rooms.js:1251:32)
    at ChatRoom.join (C:\Users\Micheal\Downloads\PS-Server\rooms.js:1363:56)
    at User.joinRoom (C:\Users\Micheal\Downloads\PS-Server\users.js:795:10)
    at Object.events.join (C:\Users\Micheal\Downloads\PS-Server\app.js:261:11)
    at SockJSConnection.<anonymous> (C:\Users\Micheal\Downloads\PS-Server\app.js:332:49)
    at SockJSConnection.EventEmitter.emit (events.js:95:17)
    at Session.didMessage (C:\Users\Micheal\Downloads\PS-Server\node_modules\sockjs\lib\transport.js:212:25)
    at WebSocketReceiver.didMessage (C:\Users\Micheal\Downloads\PS-Server\node_modules\sockjs\lib\trans-websocket.js:102:40)
    at C:\Users\Micheal\Downloads\PS-Server\node_modules\sockjs\lib\trans-websocket.js:75:22

ReferenceError: bannedIps is not defined
    at parseCommandLocal (C:\Users\Micheal\Downloads\PS-Server\chat-commands.js:669:18)
    at ChatRoom.chat (C:\Users\Micheal\Downloads\PS-Server\rooms.js:1444:23)
    at User.chat (C:\Users\Micheal\Downloads\PS-Server\users.js:936:9)
    at C:\Users\Micheal\Downloads\PS-Server\app.js:269:12
    at Array.forEach (native)
    at Object.events.chat (C:\Users\Micheal\Downloads\PS-Server\app.js:268:31)
    at SockJSConnection.<anonymous> (C:\Users\Micheal\Downloads\PS-Server\app.js:332:49)
    at SockJSConnection.EventEmitter.emit (events.js:95:17)
    at Session.didMessage (C:\Users\Micheal\Downloads\PS-Server\node_modules\sockjs\lib\transport.js:212:25)
    at WebSocketReceiver.didMessage (C:\Users\Micheal\Downloads\PS-Server\node_modules\sockjs\lib\trans-websocket.js:102:40)

TypeError: Object #<User> has no method 'nameLocked'
    at User.user.getIdentity (C:\Users\Micheal\Downloads\PS-Server\chat-commands.js:1430:12)
    at ChatRoom.getUserList (C:\Users\Micheal\Downloads\PS-Server\rooms.js:1251:32)
    at ChatRoom.join (C:\Users\Micheal\Downloads\PS-Server\rooms.js:1363:56)
    at User.joinRoom (C:\Users\Micheal\Downloads\PS-Server\users.js:795:10)
    at Object.events.join (C:\Users\Micheal\Downloads\PS-Server\app.js:261:11)
    at SockJSConnection.<anonymous> (C:\Users\Micheal\Downloads\PS-Server\app.js:332:49)
    at SockJSConnection.EventEmitter.emit (events.js:95:17)
    at Session.didMessage (C:\Users\Micheal\Downloads\PS-Server\node_modules\sockjs\lib\transport.js:212:25)
    at WebSocketReceiver.didMessage (C:\Users\Micheal\Downloads\PS-Server\node_modules\sockjs\lib\trans-websocket.js:102:40)
    at C:\Users\Micheal\Downloads\PS-Server\node_modules\sockjs\lib\trans-websocket.js:75:22

TypeError: Object #<User> has no method 'nameLocked'
    at User.user.getIdentity (C:\Users\Micheal\Downloads\PS-Server\chat-commands.js:1430:12)
    at ChatRoom.getUserList (C:\Users\Micheal\Downloads\PS-Server\rooms.js:1251:32)
    at ChatRoom.join (C:\Users\Micheal\Downloads\PS-Server\rooms.js:1363:56)
    at User.joinRoom (C:\Users\Micheal\Downloads\PS-Server\users.js:795:10)
    at Object.events.join (C:\Users\Micheal\Downloads\PS-Server\app.js:261:11)
    at SockJSConnection.<anonymous> (C:\Users\Micheal\Downloads\PS-Server\app.js:332:49)
    at SockJSConnection.EventEmitter.emit (events.js:95:17)
    at Session.didMessage (C:\Users\Micheal\Downloads\PS-Server\node_modules\sockjs\lib\transport.js:212:25)
    at WebSocketReceiver.didMessage (C:\Users\Micheal\Downloads\PS-Server\node_modules\sockjs\lib\trans-websocket.js:102:40)
    at C:\Users\Micheal\Downloads\PS-Server\node_modules\sockjs\lib\trans-websocket.js:75:22

TypeError: Object #<User> has no method 'nameLocked'
    at User.user.getIdentity (C:\Users\Micheal\Downloads\PS-Server\chat-commands.js:1430:12)
    at ChatRoom.getUserList (C:\Users\Micheal\Downloads\PS-Server\rooms.js:1251:32)
    at ChatRoom.join (C:\Users\Micheal\Downloads\PS-Server\rooms.js:1363:56)
    at User.joinRoom (C:\Users\Micheal\Downloads\PS-Server\users.js:795:10)
    at Object.events.join (C:\Users\Micheal\Downloads\PS-Server\app.js:261:11)
    at SockJSConnection.<anonymous> (C:\Users\Micheal\Downloads\PS-Server\app.js:332:49)
    at SockJSConnection.EventEmitter.emit (events.js:95:17)
    at Session.didMessage (C:\Users\Micheal\Downloads\PS-Server\node_modules\sockjs\lib\transport.js:212:25)
    at WebSocketReceiver.didMessage (C:\Users\Micheal\Downloads\PS-Server\node_modules\sockjs\lib\trans-websocket.js:102:40)
    at C:\Users\Micheal\Downloads\PS-Server\node_modules\sockjs\lib\trans-websocket.js:75:22

TypeError: Object #<User> has no method 'nameLocked'
    at User.user.getIdentity (C:\Users\Micheal\Downloads\PS-Server\chat-commands.js:1430:12)
    at ChatRoom.getUserList (C:\Users\Micheal\Downloads\PS-Server\rooms.js:1251:32)
    at ChatRoom.join (C:\Users\Micheal\Downloads\PS-Server\rooms.js:1363:56)
    at User.joinRoom (C:\Users\Micheal\Downloads\PS-Server\users.js:795:10)
    at Object.events.join (C:\Users\Micheal\Downloads\PS-Server\app.js:261:11)
    at SockJSConnection.<anonymous> (C:\Users\Micheal\Downloads\PS-Server\app.js:332:49)
    at SockJSConnection.EventEmitter.emit (events.js:95:17)
    at Session.didMessage (C:\Users\Micheal\Downloads\PS-Server\node_modules\sockjs\lib\transport.js:212:25)
    at WebSocketReceiver.didMessage (C:\Users\Micheal\Downloads\PS-Server\node_modules\sockjs\lib\trans-websocket.js:102:40)
    at C:\Users\Micheal\Downloads\PS-Server\node_modules\sockjs\lib\trans-websocket.js:75:22

TypeError: Object #<User> has no method 'nameLocked'
    at User.user.getIdentity (C:\Users\Micheal\Downloads\PS-Server\chat-commands.js:1430:12)
    at ChatRoom.getUserList (C:\Users\Micheal\Downloads\PS-Server\rooms.js:1251:32)
    at ChatRoom.join (C:\Users\Micheal\Downloads\PS-Server\rooms.js:1363:56)
    at User.joinRoom (C:\Users\Micheal\Downloads\PS-Server\users.js:795:10)
    at Object.events.join (C:\Users\Micheal\Downloads\PS-Server\app.js:261:11)
    at SockJSConnection.<anonymous> (C:\Users\Micheal\Downloads\PS-Server\app.js:332:49)
    at SockJSConnection.EventEmitter.emit (events.js:95:17)
    at Session.didMessage (C:\Users\Micheal\Downloads\PS-Server\node_modules\sockjs\lib\transport.js:212:25)
    at WebSocketReceiver.didMessage (C:\Users\Micheal\Downloads\PS-Server\node_modules\sockjs\lib\trans-websocket.js:102:40)
    at C:\Users\Micheal\Downloads\PS-Server\node_modules\sockjs\lib\trans-websocket.js:75:22

TypeError: Object #<User> has no method 'nameLocked'
    at User.user.getIdentity (C:\Users\Micheal\Downloads\PS-Server\chat-commands.js:1430:12)
    at ChatRoom.getUserList (C:\Users\Micheal\Downloads\PS-Server\rooms.js:1251:32)
    at ChatRoom.join (C:\Users\Micheal\Downloads\PS-Server\rooms.js:1363:56)
    at User.joinRoom (C:\Users\Micheal\Downloads\PS-Server\users.js:795:10)
    at Object.events.join (C:\Users\Micheal\Downloads\PS-Server\app.js:261:11)
    at SockJSConnection.<anonymous> (C:\Users\Micheal\Downloads\PS-Server\app.js:332:49)
    at SockJSConnection.EventEmitter.emit (events.js:95:17)
    at Session.didMessage (C:\Users\Micheal\Downloads\PS-Server\node_modules\sockjs\lib\transport.js:212:25)
    at WebSocketReceiver.didMessage (C:\Users\Micheal\Downloads\PS-Server\node_modules\sockjs\lib\trans-websocket.js:102:40)
    at C:\Users\Micheal\Downloads\PS-Server\node_modules\sockjs\lib\trans-websocket.js:75:22

TypeError: Object #<User> has no method 'nameLocked'
    at User.user.getIdentity (C:\Users\Micheal\Downloads\PS-Server\chat-commands.js:1430:12)
    at ChatRoom.getUserList (C:\Users\Micheal\Downloads\PS-Server\rooms.js:1251:32)
    at ChatRoom.join (C:\Users\Micheal\Downloads\PS-Server\rooms.js:1363:56)
    at User.joinRoom (C:\Users\Micheal\Downloads\PS-Server\users.js:795:10)
    at Object.events.join (C:\Users\Micheal\Downloads\PS-Server\app.js:261:11)
    at SockJSConnection.<anonymous> (C:\Users\Micheal\Downloads\PS-Server\app.js:332:49)
    at SockJSConnection.EventEmitter.emit (events.js:95:17)
    at Session.didMessage (C:\Users\Micheal\Downloads\PS-Server\node_modules\sockjs\lib\transport.js:212:25)
    at WebSocketReceiver.didMessage (C:\Users\Micheal\Downloads\PS-Server\node_modules\sockjs\lib\trans-websocket.js:102:40)
    at C:\Users\Micheal\Downloads\PS-Server\node_modules\sockjs\lib\trans-websocket.js:75:22

TypeError: Object #<User> has no method 'nameLocked'
    at User.user.getIdentity (C:\Users\Micheal\Downloads\PS-Server\chat-commands.js:1430:12)
    at ChatRoom.getUserList (C:\Users\Micheal\Downloads\PS-Server\rooms.js:1251:32)
    at ChatRoom.join (C:\Users\Micheal\Downloads\PS-Server\rooms.js:1363:56)
    at User.joinRoom (C:\Users\Micheal\Downloads\PS-Server\users.js:795:10)
    at Object.events.join (C:\Users\Micheal\Downloads\PS-Server\app.js:261:11)
    at SockJSConnection.<anonymous> (C:\Users\Micheal\Downloads\PS-Server\app.js:332:49)
    at SockJSConnection.EventEmitter.emit (events.js:95:17)
    at Session.didMessage (C:\Users\Micheal\Downloads\PS-Server\node_modules\sockjs\lib\transport.js:212:25)
    at WebSocketReceiver.didMessage (C:\Users\Micheal\Downloads\PS-Server\node_modules\sockjs\lib\trans-websocket.js:102:40)
    at C:\Users\Micheal\Downloads\PS-Server\node_modules\sockjs\lib\trans-websocket.js:75:22

TypeError: Object #<User> has no method 'nameLocked'
    at User.user.getIdentity (C:\Users\Micheal\Downloads\PS-Server\chat-commands.js:1430:12)
    at ChatRoom.getUserList (C:\Users\Micheal\Downloads\PS-Server\rooms.js:1251:32)
    at ChatRoom.join (C:\Users\Micheal\Downloads\PS-Server\rooms.js:1363:56)
    at User.joinRoom (C:\Users\Micheal\Downloads\PS-Server\users.js:795:10)
    at Object.events.join (C:\Users\Micheal\Downloads\PS-Server\app.js:261:11)
    at SockJSConnection.<anonymous> (C:\Users\Micheal\Downloads\PS-Server\app.js:332:49)
    at SockJSConnection.EventEmitter.emit (events.js:95:17)
    at Session.didMessage (C:\Users\Micheal\Downloads\PS-Server\node_modules\sockjs\lib\transport.js:212:25)
    at WebSocketReceiver.didMessage (C:\Users\Micheal\Downloads\PS-Server\node_modules\sockjs\lib\trans-websocket.js:102:40)
    at C:\Users\Micheal\Downloads\PS-Server\node_modules\sockjs\lib\trans-websocket.js:75:22

TypeError: Object #<User> has no method 'nameLocked'
    at User.user.getIdentity (C:\Users\Micheal\Downloads\PS-Server\chat-commands.js:1430:12)
    at ChatRoom.getUserList (C:\Users\Micheal\Downloads\PS-Server\rooms.js:1251:32)
    at ChatRoom.join (C:\Users\Micheal\Downloads\PS-Server\rooms.js:1363:56)
    at User.joinRoom (C:\Users\Micheal\Downloads\PS-Server\users.js:795:10)
    at Object.events.join (C:\Users\Micheal\Downloads\PS-Server\app.js:261:11)
    at SockJSConnection.<anonymous> (C:\Users\Micheal\Downloads\PS-Server\app.js:332:49)
    at SockJSConnection.EventEmitter.emit (events.js:95:17)
    at Session.didMessage (C:\Users\Micheal\Downloads\PS-Server\node_modules\sockjs\lib\transport.js:212:25)
    at WebSocketReceiver.didMessage (C:\Users\Micheal\Downloads\PS-Server\node_modules\sockjs\lib\trans-websocket.js:102:40)
    at C:\Users\Micheal\Downloads\PS-Server\node_modules\sockjs\lib\trans-websocket.js:75:22

TypeError: Object #<User> has no method 'nameLocked'
    at User.user.getIdentity (C:\Users\Micheal\Downloads\PS-Server\chat-commands.js:1430:12)
    at ChatRoom.getUserList (C:\Users\Micheal\Downloads\PS-Server\rooms.js:1251:32)
    at ChatRoom.join (C:\Users\Micheal\Downloads\PS-Server\rooms.js:1363:56)
    at User.joinRoom (C:\Users\Micheal\Downloads\PS-Server\users.js:795:10)
    at Object.events.join (C:\Users\Micheal\Downloads\PS-Server\app.js:261:11)
    at SockJSConnection.<anonymous> (C:\Users\Micheal\Downloads\PS-Server\app.js:332:49)
    at SockJSConnection.EventEmitter.emit (events.js:95:17)
    at Session.didMessage (C:\Users\Micheal\Downloads\PS-Server\node_modules\sockjs\lib\transport.js:212:25)
    at WebSocketReceiver.didMessage (C:\Users\Micheal\Downloads\PS-Server\node_modules\sockjs\lib\trans-websocket.js:102:40)
    at C:\Users\Micheal\Downloads\PS-Server\node_modules\sockjs\lib\trans-websocket.js:75:22

TypeError: Object #<User> has no method 'nameLocked'
    at User.user.getIdentity (C:\Users\Micheal\Downloads\PS-Server\chat-commands.js:1430:12)
    at ChatRoom.getUserList (C:\Users\Micheal\Downloads\PS-Server\rooms.js:1251:32)
    at ChatRoom.join (C:\Users\Micheal\Downloads\PS-Server\rooms.js:1363:56)
    at User.joinRoom (C:\Users\Micheal\Downloads\PS-Server\users.js:795:10)
    at Object.events.join (C:\Users\Micheal\Downloads\PS-Server\app.js:261:11)
    at SockJSConnection.<anonymous> (C:\Users\Micheal\Downloads\PS-Server\app.js:332:49)
    at SockJSConnection.EventEmitter.emit (events.js:95:17)
    at Session.didMessage (C:\Users\Micheal\Downloads\PS-Server\node_modules\sockjs\lib\transport.js:212:25)
    at WebSocketReceiver.didMessage (C:\Users\Micheal\Downloads\PS-Server\node_modules\sockjs\lib\trans-websocket.js:102:40)
    at C:\Users\Micheal\Downloads\PS-Server\node_modules\sockjs\lib\trans-websocket.js:75:22

TypeError: Object #<User> has no method 'nameLocked'
    at User.user.getIdentity (C:\Users\Micheal\Downloads\PS-Server\chat-commands.js:1430:12)
    at ChatRoom.getUserList (C:\Users\Micheal\Downloads\PS-Server\rooms.js:1251:32)
    at ChatRoom.join (C:\Users\Micheal\Downloads\PS-Server\rooms.js:1363:56)
    at User.joinRoom (C:\Users\Micheal\Downloads\PS-Server\users.js:795:10)
    at Object.events.join (C:\Users\Micheal\Downloads\PS-Server\app.js:261:11)
    at SockJSConnection.<anonymous> (C:\Users\Micheal\Downloads\PS-Server\app.js:332:49)
    at SockJSConnection.EventEmitter.emit (events.js:95:17)
    at Session.didMessage (C:\Users\Micheal\Downloads\PS-Server\node_modules\sockjs\lib\transport.js:212:25)
    at WebSocketReceiver.didMessage (C:\Users\Micheal\Downloads\PS-Server\node_modules\sockjs\lib\trans-websocket.js:102:40)
    at C:\Users\Micheal\Downloads\PS-Server\node_modules\sockjs\lib\trans-websocket.js:75:22

TypeError: Object #<User> has no method 'nameLocked'
    at User.user.getIdentity (C:\Users\Micheal\Downloads\PS-Server\chat-commands.js:1430:12)
    at ChatRoom.getUserList (C:\Users\Micheal\Downloads\PS-Server\rooms.js:1251:32)
    at ChatRoom.join (C:\Users\Micheal\Downloads\PS-Server\rooms.js:1363:56)
    at User.joinRoom (C:\Users\Micheal\Downloads\PS-Server\users.js:795:10)
    at Object.events.join (C:\Users\Micheal\Downloads\PS-Server\app.js:261:11)
    at SockJSConnection.<anonymous> (C:\Users\Micheal\Downloads\PS-Server\app.js:332:49)
    at SockJSConnection.EventEmitter.emit (events.js:95:17)
    at Session.didMessage (C:\Users\Micheal\Downloads\PS-Server\node_modules\sockjs\lib\transport.js:212:25)
    at WebSocketReceiver.didMessage (C:\Users\Micheal\Downloads\PS-Server\node_modules\sockjs\lib\trans-websocket.js:102:40)
    at C:\Users\Micheal\Downloads\PS-Server\node_modules\sockjs\lib\trans-websocket.js:75:22

TypeError: Object #<User> has no method 'nameLocked'
    at User.user.getIdentity (C:\Users\Micheal\Downloads\PS-Server\chat-commands.js:1430:12)
    at ChatRoom.getUserList (C:\Users\Micheal\Downloads\PS-Server\rooms.js:1251:32)
    at ChatRoom.join (C:\Users\Micheal\Downloads\PS-Server\rooms.js:1363:56)
    at User.joinRoom (C:\Users\Micheal\Downloads\PS-Server\users.js:795:10)
    at Object.events.join (C:\Users\Micheal\Downloads\PS-Server\app.js:261:11)
    at SockJSConnection.<anonymous> (C:\Users\Micheal\Downloads\PS-Server\app.js:332:49)
    at SockJSConnection.EventEmitter.emit (events.js:95:17)
    at Session.didMessage (C:\Users\Micheal\Downloads\PS-Server\node_modules\sockjs\lib\transport.js:212:25)
    at WebSocketReceiver.didMessage (C:\Users\Micheal\Downloads\PS-Server\node_modules\sockjs\lib\trans-websocket.js:102:40)
    at C:\Users\Micheal\Downloads\PS-Server\node_modules\sockjs\lib\trans-websocket.js:75:22

TypeError: Object #<User> has no method 'nameLocked'
    at User.user.getIdentity (C:\Users\Micheal\Downloads\PS-Server\chat-commands.js:1430:12)
    at ChatRoom.getUserList (C:\Users\Micheal\Downloads\PS-Server\rooms.js:1251:32)
    at ChatRoom.join (C:\Users\Micheal\Downloads\PS-Server\rooms.js:1363:56)
    at User.joinRoom (C:\Users\Micheal\Downloads\PS-Server\users.js:795:10)
    at Object.events.join (C:\Users\Micheal\Downloads\PS-Server\app.js:261:11)
    at SockJSConnection.<anonymous> (C:\Users\Micheal\Downloads\PS-Server\app.js:332:49)
    at SockJSConnection.EventEmitter.emit (events.js:95:17)
    at Session.didMessage (C:\Users\Micheal\Downloads\PS-Server\node_modules\sockjs\lib\transport.js:212:25)
    at WebSocketReceiver.didMessage (C:\Users\Micheal\Downloads\PS-Server\node_modules\sockjs\lib\trans-websocket.js:102:40)
    at C:\Users\Micheal\Downloads\PS-Server\node_modules\sockjs\lib\trans-websocket.js:75:22

TypeError: Object #<User> has no method 'nameLocked'
    at User.user.getIdentity (C:\Users\Micheal\Downloads\PS-Server\chat-commands.js:1430:12)
    at ChatRoom.getUserList (C:\Users\Micheal\Downloads\PS-Server\rooms.js:1251:32)
    at ChatRoom.join (C:\Users\Micheal\Downloads\PS-Server\rooms.js:1363:56)
    at User.joinRoom (C:\Users\Micheal\Downloads\PS-Server\users.js:795:10)
    at Object.events.join (C:\Users\Micheal\Downloads\PS-Server\app.js:261:11)
    at SockJSConnection.<anonymous> (C:\Users\Micheal\Downloads\PS-Server\app.js:332:49)
    at SockJSConnection.EventEmitter.emit (events.js:95:17)
    at Session.didMessage (C:\Users\Micheal\Downloads\PS-Server\node_modules\sockjs\lib\transport.js:212:25)
    at WebSocketReceiver.didMessage (C:\Users\Micheal\Downloads\PS-Server\node_modules\sockjs\lib\trans-websocket.js:102:40)
    at C:\Users\Micheal\Downloads\PS-Server\node_modules\sockjs\lib\trans-websocket.js:75:22

TypeError: Object #<User> has no method 'nameLocked'
    at User.user.getIdentity (C:\Users\Micheal\Downloads\PS-Server\chat-commands.js:1430:12)
    at ChatRoom.getUserList (C:\Users\Micheal\Downloads\PS-Server\rooms.js:1251:32)
    at ChatRoom.join (C:\Users\Micheal\Downloads\PS-Server\rooms.js:1363:56)
    at User.joinRoom (C:\Users\Micheal\Downloads\PS-Server\users.js:795:10)
    at Object.events.join (C:\Users\Micheal\Downloads\PS-Server\app.js:261:11)
    at SockJSConnection.<anonymous> (C:\Users\Micheal\Downloads\PS-Server\app.js:332:49)
    at SockJSConnection.EventEmitter.emit (events.js:95:17)
    at Session.didMessage (C:\Users\Micheal\Downloads\PS-Server\node_modules\sockjs\lib\transport.js:212:25)
    at WebSocketReceiver.didMessage (C:\Users\Micheal\Downloads\PS-Server\node_modules\sockjs\lib\trans-websocket.js:102:40)
    at C:\Users\Micheal\Downloads\PS-Server\node_modules\sockjs\lib\trans-websocket.js:75:22

TypeError: Object #<User> has no method 'nameLocked'
    at User.user.getIdentity (C:\Users\Micheal\Downloads\PS-Server\chat-commands.js:1430:12)
    at ChatRoom.getUserList (C:\Users\Micheal\Downloads\PS-Server\rooms.js:1251:32)
    at ChatRoom.join (C:\Users\Micheal\Downloads\PS-Server\rooms.js:1363:56)
    at User.joinRoom (C:\Users\Micheal\Downloads\PS-Server\users.js:795:10)
    at Object.events.join (C:\Users\Micheal\Downloads\PS-Server\app.js:261:11)
    at SockJSConnection.<anonymous> (C:\Users\Micheal\Downloads\PS-Server\app.js:332:49)
    at SockJSConnection.EventEmitter.emit (events.js:95:17)
    at Session.didMessage (C:\Users\Micheal\Downloads\PS-Server\node_modules\sockjs\lib\transport.js:212:25)
    at WebSocketReceiver.didMessage (C:\Users\Micheal\Downloads\PS-Server\node_modules\sockjs\lib\trans-websocket.js:102:40)
    at C:\Users\Micheal\Downloads\PS-Server\node_modules\sockjs\lib\trans-websocket.js:75:22

TypeError: Object #<User> has no method 'nameLocked'
    at User.user.getIdentity (C:\Users\Micheal\Downloads\PS-Server\chat-commands.js:1430:12)
    at ChatRoom.getUserList (C:\Users\Micheal\Downloads\PS-Server\rooms.js:1251:32)
    at ChatRoom.join (C:\Users\Micheal\Downloads\PS-Server\rooms.js:1363:56)
    at User.joinRoom (C:\Users\Micheal\Downloads\PS-Server\users.js:795:10)
    at Object.events.join (C:\Users\Micheal\Downloads\PS-Server\app.js:261:11)
    at SockJSConnection.<anonymous> (C:\Users\Micheal\Downloads\PS-Server\app.js:332:49)
    at SockJSConnection.EventEmitter.emit (events.js:95:17)
    at Session.didMessage (C:\Users\Micheal\Downloads\PS-Server\node_modules\sockjs\lib\transport.js:212:25)
    at WebSocketReceiver.didMessage (C:\Users\Micheal\Downloads\PS-Server\node_modules\sockjs\lib\trans-websocket.js:102:40)
    at C:\Users\Micheal\Downloads\PS-Server\node_modules\sockjs\lib\trans-websocket.js:75:22

TypeError: Object #<User> has no method 'nameLocked'
    at User.user.getIdentity (C:\Users\Micheal\Downloads\PS-Server\chat-commands.js:1430:12)
    at ChatRoom.getUserList (C:\Users\Micheal\Downloads\PS-Server\rooms.js:1251:32)
    at ChatRoom.join (C:\Users\Micheal\Downloads\PS-Server\rooms.js:1363:56)
    at User.joinRoom (C:\Users\Micheal\Downloads\PS-Server\users.js:795:10)
    at Object.events.join (C:\Users\Micheal\Downloads\PS-Server\app.js:261:11)
    at SockJSConnection.<anonymous> (C:\Users\Micheal\Downloads\PS-Server\app.js:332:49)
    at SockJSConnection.EventEmitter.emit (events.js:95:17)
    at Session.didMessage (C:\Users\Micheal\Downloads\PS-Server\node_modules\sockjs\lib\transport.js:212:25)
    at WebSocketReceiver.didMessage (C:\Users\Micheal\Downloads\PS-Server\node_modules\sockjs\lib\trans-websocket.js:102:40)
    at C:\Users\Micheal\Downloads\PS-Server\node_modules\sockjs\lib\trans-websocket.js:75:22

TypeError: Object #<User> has no method 'nameLocked'
    at User.user.getIdentity (C:\Users\Micheal\Downloads\PS-Server\chat-commands.js:1430:12)
    at ChatRoom.getUserList (C:\Users\Micheal\Downloads\PS-Server\rooms.js:1251:32)
    at ChatRoom.join (C:\Users\Micheal\Downloads\PS-Server\rooms.js:1363:56)
    at User.joinRoom (C:\Users\Micheal\Downloads\PS-Server\users.js:795:10)
    at Object.events.join (C:\Users\Micheal\Downloads\PS-Server\app.js:261:11)
    at SockJSConnection.<anonymous> (C:\Users\Micheal\Downloads\PS-Server\app.js:332:49)
    at SockJSConnection.EventEmitter.emit (events.js:95:17)
    at Session.didMessage (C:\Users\Micheal\Downloads\PS-Server\node_modules\sockjs\lib\transport.js:212:25)
    at WebSocketReceiver.didMessage (C:\Users\Micheal\Downloads\PS-Server\node_modules\sockjs\lib\trans-websocket.js:102:40)
    at C:\Users\Micheal\Downloads\PS-Server\node_modules\sockjs\lib\trans-websocket.js:75:22

TypeError: Object #<User> has no method 'nameLock'
    at parseCommandLocal (C:\Users\Micheal\Downloads\PS-Server\chat-commands.js:303:16)
    at ChatRoom.chat (C:\Users\Micheal\Downloads\PS-Server\rooms.js:1444:23)
    at User.chat (C:\Users\Micheal\Downloads\PS-Server\users.js:936:9)
    at C:\Users\Micheal\Downloads\PS-Server\app.js:269:12
    at Array.forEach (native)
    at Object.events.chat (C:\Users\Micheal\Downloads\PS-Server\app.js:268:31)
    at SockJSConnection.<anonymous> (C:\Users\Micheal\Downloads\PS-Server\app.js:332:49)
    at SockJSConnection.EventEmitter.emit (events.js:95:17)
    at Session.didMessage (C:\Users\Micheal\Downloads\PS-Server\node_modules\sockjs\lib\transport.js:212:25)
    at WebSocketReceiver.didMessage (C:\Users\Micheal\Downloads\PS-Server\node_modules\sockjs\lib\trans-websocket.js:102:40)

ReferenceError: bannedIps is not defined
    at parseCommandLocal (C:\Users\Micheal\Downloads\PS-Server\chat-commands.js:1548:40)
    at ChatRoom.chat (C:\Users\Micheal\Downloads\PS-Server\rooms.js:1444:23)
    at User.chat (C:\Users\Micheal\Downloads\PS-Server\users.js:936:9)
    at C:\Users\Micheal\Downloads\PS-Server\app.js:269:12
    at Array.forEach (native)
    at Object.events.chat (C:\Users\Micheal\Downloads\PS-Server\app.js:268:31)
    at SockJSConnection.<anonymous> (C:\Users\Micheal\Downloads\PS-Server\app.js:332:49)
    at SockJSConnection.EventEmitter.emit (events.js:95:17)
    at Session.didMessage (C:\Users\Micheal\Downloads\PS-Server\node_modules\sockjs\lib\transport.js:212:25)
    at WebSocketReceiver.didMessage (C:\Users\Micheal\Downloads\PS-Server\node_modules\sockjs\lib\trans-websocket.js:102:40)

ReferenceError: bannedIps is not defined
    at parseCommandLocal (C:\Users\Micheal\Downloads\PS-Server\chat-commands.js:1548:40)
    at ChatRoom.chat (C:\Users\Micheal\Downloads\PS-Server\rooms.js:1444:23)
    at User.chat (C:\Users\Micheal\Downloads\PS-Server\users.js:936:9)
    at C:\Users\Micheal\Downloads\PS-Server\app.js:269:12
    at Array.forEach (native)
    at Object.events.chat (C:\Users\Micheal\Downloads\PS-Server\app.js:268:31)
    at SockJSConnection.<anonymous> (C:\Users\Micheal\Downloads\PS-Server\app.js:332:49)
    at SockJSConnection.EventEmitter.emit (events.js:95:17)
    at Session.didMessage (C:\Users\Micheal\Downloads\PS-Server\node_modules\sockjs\lib\transport.js:212:25)
    at WebSocketReceiver.didMessage (C:\Users\Micheal\Downloads\PS-Server\node_modules\sockjs\lib\trans-websocket.js:102:40)

SyntaxError: Unexpected token ILLEGAL
    at Module._compile (module.js:439:25)
    at Object.Module._extensions..js (module.js:474:10)
    at Module.load (module.js:356:32)
    at Function.Module._load (module.js:312:12)
    at Module.require (module.js:364:17)
    at require (module.js:380:17)
    at parseCommandLocal (C:\Users\Micheal\Downloads\PS-Server\chat-commands.js:873:19)
    at ChatRoom.chat (C:\Users\Micheal\Downloads\PS-Server\rooms.js:1444:23)
    at User.chat (C:\Users\Micheal\Downloads\PS-Server\users.js:936:9)
    at C:\Users\Micheal\Downloads\PS-Server\app.js:269:12

SyntaxError: Unexpected token ILLEGAL
    at Module._compile (module.js:439:25)
    at Object.Module._extensions..js (module.js:474:10)
    at Module.load (module.js:356:32)
    at Function.Module._load (module.js:312:12)
    at Module.require (module.js:364:17)
    at require (module.js:380:17)
    at parseCommandLocal (C:\Users\Micheal\Downloads\PS-Server\chat-commands.js:873:19)
    at ChatRoom.chat (C:\Users\Micheal\Downloads\PS-Server\rooms.js:1444:23)
    at User.chat (C:\Users\Micheal\Downloads\PS-Server\users.js:936:9)
    at C:\Users\Micheal\Downloads\PS-Server\app.js:269:12

SyntaxError: Unexpected token ILLEGAL
    at Module._compile (module.js:439:25)
    at Object.Module._extensions..js (module.js:474:10)
    at Module.load (module.js:356:32)
    at Function.Module._load (module.js:312:12)
    at Module.require (module.js:364:17)
    at require (module.js:380:17)
    at parseCommandLocal (C:\Users\Micheal\Downloads\PS-Server\chat-commands.js:873:19)
    at ChatRoom.chat (C:\Users\Micheal\Downloads\PS-Server\rooms.js:1444:23)
    at User.chat (C:\Users\Micheal\Downloads\PS-Server\users.js:936:9)
    at C:\Users\Micheal\Downloads\PS-Server\app.js:269:12

SyntaxError: Unexpected token ILLEGAL
    at Module._compile (module.js:439:25)
    at Object.Module._extensions..js (module.js:474:10)
    at Module.load (module.js:356:32)
    at Function.Module._load (module.js:312:12)
    at Module.require (module.js:364:17)
    at require (module.js:380:17)
    at parseCommandLocal (C:\Users\Micheal\Downloads\PS-Server\chat-commands.js:873:19)
    at ChatRoom.chat (C:\Users\Micheal\Downloads\PS-Server\rooms.js:1444:23)
    at User.chat (C:\Users\Micheal\Downloads\PS-Server\users.js:936:9)
    at C:\Users\Micheal\Downloads\PS-Server\app.js:269:12

SyntaxError: Unexpected token ILLEGAL
    at Module._compile (module.js:439:25)
    at Object.Module._extensions..js (module.js:474:10)
    at Module.load (module.js:356:32)
    at Function.Module._load (module.js:312:12)
    at Module.require (module.js:364:17)
    at require (module.js:380:17)
    at parseCommandLocal (C:\Users\Micheal\Downloads\PS-Server\chat-commands.js:873:19)
    at ChatRoom.chat (C:\Users\Micheal\Downloads\PS-Server\rooms.js:1444:23)
    at User.chat (C:\Users\Micheal\Downloads\PS-Server\users.js:936:9)
    at C:\Users\Micheal\Downloads\PS-Server\app.js:269:12

SyntaxError: Unexpected token ILLEGAL
    at Module._compile (module.js:439:25)
    at Object.Module._extensions..js (module.js:474:10)
    at Module.load (module.js:356:32)
    at Function.Module._load (module.js:312:12)
    at Module.require (module.js:364:17)
    at require (module.js:380:17)
    at parseCommandLocal (C:\Users\Micheal\Downloads\PS-Server\chat-commands.js:873:19)
    at ChatRoom.chat (C:\Users\Micheal\Downloads\PS-Server\rooms.js:1444:23)
    at User.chat (C:\Users\Micheal\Downloads\PS-Server\users.js:936:9)
    at C:\Users\Micheal\Downloads\PS-Server\app.js:269:12

TypeError: Object #<Simulator> has no method 'add'
    at parseCommandLocal (C:\Users\Micheal\Downloads\PS-Server\chat-commands.js:2262:16)
    at BattleRoom.chat (C:\Users\Micheal\Downloads\PS-Server\rooms.js:1055:23)
    at User.chat (C:\Users\Micheal\Downloads\PS-Server\users.js:936:9)
    at C:\Users\Micheal\Downloads\PS-Server\app.js:269:12
    at Array.forEach (native)
    at Object.events.chat (C:\Users\Micheal\Downloads\PS-Server\app.js:268:31)
    at SockJSConnection.<anonymous> (C:\Users\Micheal\Downloads\PS-Server\app.js:332:49)
    at SockJSConnection.EventEmitter.emit (events.js:95:17)
    at Session.didMessage (C:\Users\Micheal\Downloads\PS-Server\node_modules\sockjs\lib\transport.js:212:25)
    at WebSocketReceiver.didMessage (C:\Users\Micheal\Downloads\PS-Server\node_modules\sockjs\lib\trans-websocket.js:102:40)

TypeError: Object #<Simulator> has no method 'add'
    at parseCommandLocal (C:\Users\Micheal\Downloads\PS-Server\chat-commands.js:2262:16)
    at BattleRoom.chat (C:\Users\Micheal\Downloads\PS-Server\rooms.js:1055:23)
    at User.chat (C:\Users\Micheal\Downloads\PS-Server\users.js:936:9)
    at C:\Users\Micheal\Downloads\PS-Server\app.js:269:12
    at Array.forEach (native)
    at Object.events.chat (C:\Users\Micheal\Downloads\PS-Server\app.js:268:31)
    at SockJSConnection.<anonymous> (C:\Users\Micheal\Downloads\PS-Server\app.js:332:49)
    at SockJSConnection.EventEmitter.emit (events.js:95:17)
    at Session.didMessage (C:\Users\Micheal\Downloads\PS-Server\node_modules\sockjs\lib\transport.js:212:25)
    at WebSocketReceiver.didMessage (C:\Users\Micheal\Downloads\PS-Server\node_modules\sockjs\lib\trans-websocket.js:102:40)

ReferenceError: success is not defined
    at Object.unban (C:\Users\Micheal\Downloads\PS-Server\users.js:1026:6)
    at parseCommandLocal (C:\Users\Micheal\Downloads\PS-Server\chat-commands.js:618:20)
    at ChatRoom.chat (C:\Users\Micheal\Downloads\PS-Server\rooms.js:1444:23)
    at User.chat (C:\Users\Micheal\Downloads\PS-Server\users.js:936:9)
    at C:\Users\Micheal\Downloads\PS-Server\app.js:269:12
    at Array.forEach (native)
    at Object.events.chat (C:\Users\Micheal\Downloads\PS-Server\app.js:268:31)
    at SockJSConnection.<anonymous> (C:\Users\Micheal\Downloads\PS-Server\app.js:332:49)
    at SockJSConnection.EventEmitter.emit (events.js:95:17)
    at Session.didMessage (C:\Users\Micheal\Downloads\PS-Server\node_modules\sockjs\lib\transport.js:212:25)

ReferenceError: success is not defined
    at Object.unban (C:\Users\Micheal\Downloads\PS-Server\users.js:1026:6)
    at parseCommandLocal (C:\Users\Micheal\Downloads\PS-Server\chat-commands.js:618:20)
    at ChatRoom.chat (C:\Users\Micheal\Downloads\PS-Server\rooms.js:1444:23)
    at User.chat (C:\Users\Micheal\Downloads\PS-Server\users.js:936:9)
    at C:\Users\Micheal\Downloads\PS-Server\app.js:269:12
    at Array.forEach (native)
    at Object.events.chat (C:\Users\Micheal\Downloads\PS-Server\app.js:268:31)
    at SockJSConnection.<anonymous> (C:\Users\Micheal\Downloads\PS-Server\app.js:332:49)
    at SockJSConnection.EventEmitter.emit (events.js:95:17)
    at Session.didMessage (C:\Users\Micheal\Downloads\PS-Server\node_modules\sockjs\lib\transport.js:212:25)

TypeError: Property 'randomSeasonalFFTeam' of object Battle: foolsfestival is not a function
    at Tools.exports.BattleScripts.getTeam (C:\Users\Micheal\Downloads\PS-Server\data\scripts.js:485:35)
    at new BattleSide (C:\Users\Micheal\Downloads\PS-Server\battles.js:1032:27)
    at Tools.Battle.join (C:\Users\Micheal\Downloads\PS-Server\battles.js:3267:15)
    at Tools.Battle.receive (C:\Users\Micheal\Downloads\PS-Server\battles.js:3318:9)
    at process.BattlePokemon.side (C:\Users\Micheal\Downloads\PS-Server\battles.js:111:21)
    at process.EventEmitter.emit (events.js:98:17)
    at handleMessage (child_process.js:318:12)
    at Pipe.channel.onread (child_process.js:339:9)

TypeError: Property 'randomSeasonalFFTeam' of object Battle: foolsfestival is not a function
    at Tools.exports.BattleScripts.getTeam (C:\Users\Micheal\Downloads\PS-Server\data\scripts.js:485:35)
    at new BattleSide (C:\Users\Micheal\Downloads\PS-Server\battles.js:1032:27)
    at Tools.Battle.join (C:\Users\Micheal\Downloads\PS-Server\battles.js:3267:15)
    at Tools.Battle.receive (C:\Users\Micheal\Downloads\PS-Server\battles.js:3318:9)
    at process.BattlePokemon.side (C:\Users\Micheal\Downloads\PS-Server\battles.js:111:21)
    at process.EventEmitter.emit (events.js:98:17)
    at handleMessage (child_process.js:318:12)
    at Pipe.channel.onread (child_process.js:339:9)

TypeError: Property 'randomSeasonalFFTeam' of object Battle: foolsfestival is not a function
    at Tools.exports.BattleScripts.getTeam (C:\Users\Micheal\Downloads\PS-Server\data\scripts.js:485:35)
    at new BattleSide (C:\Users\Micheal\Downloads\PS-Server\battles.js:1032:27)
    at Tools.Battle.join (C:\Users\Micheal\Downloads\PS-Server\battles.js:3267:15)
    at Tools.Battle.receive (C:\Users\Micheal\Downloads\PS-Server\battles.js:3318:9)
    at process.BattlePokemon.side (C:\Users\Micheal\Downloads\PS-Server\battles.js:111:21)
    at process.EventEmitter.emit (events.js:98:17)
    at handleMessage (child_process.js:318:12)
    at Pipe.channel.onread (child_process.js:339:9)

TypeError: Property 'randomSeasonalFFTeam' of object Battle: foolsfestival is not a function
    at Tools.exports.BattleScripts.getTeam (C:\Users\Micheal\Downloads\PS-Server\data\scripts.js:485:35)
    at new BattleSide (C:\Users\Micheal\Downloads\PS-Server\battles.js:1032:27)
    at Tools.Battle.join (C:\Users\Micheal\Downloads\PS-Server\battles.js:3267:15)
    at Tools.Battle.receive (C:\Users\Micheal\Downloads\PS-Server\battles.js:3318:9)
    at process.BattlePokemon.side (C:\Users\Micheal\Downloads\PS-Server\battles.js:111:21)
    at process.EventEmitter.emit (events.js:98:17)
    at handleMessage (child_process.js:318:12)
    at Pipe.channel.onread (child_process.js:339:9)

TypeError: Property 'randomSeasonalFFTeam' of object Battle: foolsfestival is not a function
    at Tools.exports.BattleScripts.getTeam (C:\Users\Micheal\Downloads\PS-Server\data\scripts.js:485:35)
    at new BattleSide (C:\Users\Micheal\Downloads\PS-Server\battles.js:1032:27)
    at Tools.Battle.join (C:\Users\Micheal\Downloads\PS-Server\battles.js:3267:15)
    at Tools.Battle.receive (C:\Users\Micheal\Downloads\PS-Server\battles.js:3318:9)
    at process.BattlePokemon.side (C:\Users\Micheal\Downloads\PS-Server\battles.js:111:21)
    at process.EventEmitter.emit (events.js:98:17)
    at handleMessage (child_process.js:318:12)
    at Pipe.channel.onread (child_process.js:339:9)

TypeError: Property 'randomSeasonalFFTeam' of object Battle: foolsfestival is not a function
    at Tools.exports.BattleScripts.getTeam (C:\Users\Micheal\Downloads\PS-Server\data\scripts.js:485:35)
    at new BattleSide (C:\Users\Micheal\Downloads\PS-Server\battles.js:1032:27)
    at Tools.Battle.join (C:\Users\Micheal\Downloads\PS-Server\battles.js:3267:15)
    at Tools.Battle.receive (C:\Users\Micheal\Downloads\PS-Server\battles.js:3318:9)
    at process.BattlePokemon.side (C:\Users\Micheal\Downloads\PS-Server\battles.js:111:21)
    at process.EventEmitter.emit (events.js:98:17)
    at handleMessage (child_process.js:318:12)
    at Pipe.channel.onread (child_process.js:339:9)

TypeError: Property 'randomSeasonalFFTeam' of object Battle: foolsfestival is not a function
    at Tools.exports.BattleScripts.getTeam (C:\Users\Micheal\Downloads\PS-Server\data\scripts.js:485:35)
    at new BattleSide (C:\Users\Micheal\Downloads\PS-Server\battles.js:1032:27)
    at Tools.Battle.join (C:\Users\Micheal\Downloads\PS-Server\battles.js:3267:15)
    at Tools.Battle.receive (C:\Users\Micheal\Downloads\PS-Server\battles.js:3318:9)
    at process.BattlePokemon.side (C:\Users\Micheal\Downloads\PS-Server\battles.js:111:21)
    at process.EventEmitter.emit (events.js:98:17)
    at handleMessage (child_process.js:318:12)
    at Pipe.channel.onread (child_process.js:339:9)

TypeError: Property 'randomSeasonalFFTeam' of object Battle: foolsfestival is not a function
    at Tools.exports.BattleScripts.getTeam (C:\Users\Micheal\Downloads\PS-Server\data\scripts.js:485:35)
    at new BattleSide (C:\Users\Micheal\Downloads\PS-Server\battles.js:1032:27)
    at Tools.Battle.join (C:\Users\Micheal\Downloads\PS-Server\battles.js:3267:15)
    at Tools.Battle.receive (C:\Users\Micheal\Downloads\PS-Server\battles.js:3318:9)
    at process.BattlePokemon.side (C:\Users\Micheal\Downloads\PS-Server\battles.js:111:21)
    at process.EventEmitter.emit (events.js:98:17)
    at handleMessage (child_process.js:318:12)
    at Pipe.channel.onread (child_process.js:339:9)

TypeError: Property 'randomSeasonalFFTeam' of object Battle: foolsfestival is not a function
    at Tools.exports.BattleScripts.getTeam (C:\Users\Micheal\Downloads\PS-Server\data\scripts.js:485:35)
    at new BattleSide (C:\Users\Micheal\Downloads\PS-Server\battles.js:1032:27)
    at Tools.Battle.join (C:\Users\Micheal\Downloads\PS-Server\battles.js:3267:15)
    at Tools.Battle.receive (C:\Users\Micheal\Downloads\PS-Server\battles.js:3318:9)
    at process.BattlePokemon.side (C:\Users\Micheal\Downloads\PS-Server\battles.js:111:21)
    at process.EventEmitter.emit (events.js:98:17)
    at handleMessage (child_process.js:318:12)
    at Pipe.channel.onread (child_process.js:339:9)

TypeError: Property 'randomSeasonalFFTeam' of object Battle: foolsfestival is not a function
    at Tools.exports.BattleScripts.getTeam (C:\Users\Micheal\Downloads\PS-Server\data\scripts.js:485:35)
    at new BattleSide (C:\Users\Micheal\Downloads\PS-Server\battles.js:1032:27)
    at Tools.Battle.join (C:\Users\Micheal\Downloads\PS-Server\battles.js:3267:15)
    at Tools.Battle.receive (C:\Users\Micheal\Downloads\PS-Server\battles.js:3318:9)
    at process.BattlePokemon.side (C:\Users\Micheal\Downloads\PS-Server\battles.js:111:21)
    at process.EventEmitter.emit (events.js:98:17)
    at handleMessage (child_process.js:318:12)
    at Pipe.channel.onread (child_process.js:339:9)

TypeError: Property 'randomSeasonalFFTeam' of object Battle: foolsfestival is not a function
    at Tools.exports.BattleScripts.getTeam (C:\Users\Micheal\Downloads\PS-Server\data\scripts.js:485:35)
    at new BattleSide (C:\Users\Micheal\Downloads\PS-Server\battles.js:1032:27)
    at Tools.Battle.join (C:\Users\Micheal\Downloads\PS-Server\battles.js:3267:15)
    at Tools.Battle.receive (C:\Users\Micheal\Downloads\PS-Server\battles.js:3318:9)
    at process.BattlePokemon.side (C:\Users\Micheal\Downloads\PS-Server\battles.js:111:21)
    at process.EventEmitter.emit (events.js:98:17)
    at handleMessage (child_process.js:318:12)
    at Pipe.channel.onread (child_process.js:339:9)

TypeError: Property 'randomSeasonalFFTeam' of object Battle: foolsfestival is not a function
    at Tools.exports.BattleScripts.getTeam (C:\Users\Micheal\Downloads\PS-Server\data\scripts.js:485:35)
    at new BattleSide (C:\Users\Micheal\Downloads\PS-Server\battles.js:1032:27)
    at Tools.Battle.join (C:\Users\Micheal\Downloads\PS-Server\battles.js:3267:15)
    at Tools.Battle.receive (C:\Users\Micheal\Downloads\PS-Server\battles.js:3318:9)
    at process.BattlePokemon.side (C:\Users\Micheal\Downloads\PS-Server\battles.js:111:21)
    at process.EventEmitter.emit (events.js:98:17)
    at handleMessage (child_process.js:318:12)
    at Pipe.channel.onread (child_process.js:339:9)

TypeError: Property 'randomSeasonalFFTeam' of object Battle: foolsfestival is not a function
    at Tools.exports.BattleScripts.getTeam (C:\Users\Micheal\Downloads\PS-Server\data\scripts.js:485:35)
    at new BattleSide (C:\Users\Micheal\Downloads\PS-Server\battles.js:1032:27)
    at Tools.Battle.join (C:\Users\Micheal\Downloads\PS-Server\battles.js:3267:15)
    at Tools.Battle.receive (C:\Users\Micheal\Downloads\PS-Server\battles.js:3318:9)
    at process.BattlePokemon.side (C:\Users\Micheal\Downloads\PS-Server\battles.js:111:21)
    at process.EventEmitter.emit (events.js:98:17)
    at handleMessage (child_process.js:318:12)
    at Pipe.channel.onread (child_process.js:339:9)

TypeError: Property 'randomSeasonalFFTeam' of object Battle: foolsfestival is not a function
    at Tools.exports.BattleScripts.getTeam (C:\Users\Micheal\Downloads\PS-Server\data\scripts.js:485:35)
    at new BattleSide (C:\Users\Micheal\Downloads\PS-Server\battles.js:1032:27)
    at Tools.Battle.join (C:\Users\Micheal\Downloads\PS-Server\battles.js:3267:15)
    at Tools.Battle.receive (C:\Users\Micheal\Downloads\PS-Server\battles.js:3318:9)
    at process.BattlePokemon.side (C:\Users\Micheal\Downloads\PS-Server\battles.js:111:21)
    at process.EventEmitter.emit (events.js:98:17)
    at handleMessage (child_process.js:318:12)
    at Pipe.channel.onread (child_process.js:339:9)

TypeError: Property 'randomSeasonalFFTeam' of object Battle: foolsfestival is not a function
    at Tools.exports.BattleScripts.getTeam (C:\Users\Micheal\Downloads\PS-Server\data\scripts.js:485:35)
    at new BattleSide (C:\Users\Micheal\Downloads\PS-Server\battles.js:1032:27)
    at Tools.Battle.join (C:\Users\Micheal\Downloads\PS-Server\battles.js:3267:15)
    at Tools.Battle.receive (C:\Users\Micheal\Downloads\PS-Server\battles.js:3318:9)
    at process.BattlePokemon.side (C:\Users\Micheal\Downloads\PS-Server\battles.js:111:21)
    at process.EventEmitter.emit (events.js:98:17)
    at handleMessage (child_process.js:318:12)
    at Pipe.channel.onread (child_process.js:339:9)

TypeError: Property 'randomSeasonalFFTeam' of object Battle: foolsfestival is not a function
    at Tools.exports.BattleScripts.getTeam (C:\Users\Micheal\Downloads\PS-Server\data\scripts.js:485:35)
    at new BattleSide (C:\Users\Micheal\Downloads\PS-Server\battles.js:1032:27)
    at Tools.Battle.join (C:\Users\Micheal\Downloads\PS-Server\battles.js:3267:15)
    at Tools.Battle.receive (C:\Users\Micheal\Downloads\PS-Server\battles.js:3318:9)
    at process.BattlePokemon.side (C:\Users\Micheal\Downloads\PS-Server\battles.js:111:21)
    at process.EventEmitter.emit (events.js:98:17)
    at handleMessage (child_process.js:318:12)
    at Pipe.channel.onread (child_process.js:339:9)

TypeError: Property 'randomSeasonalFFTeam' of object Battle: foolsfestival is not a function
    at Tools.exports.BattleScripts.getTeam (C:\Users\Micheal\Downloads\PS-Server\data\scripts.js:485:35)
    at new BattleSide (C:\Users\Micheal\Downloads\PS-Server\battles.js:1032:27)
    at Tools.Battle.join (C:\Users\Micheal\Downloads\PS-Server\battles.js:3267:15)
    at Tools.Battle.receive (C:\Users\Micheal\Downloads\PS-Server\battles.js:3318:9)
    at process.BattlePokemon.side (C:\Users\Micheal\Downloads\PS-Server\battles.js:111:21)
    at process.EventEmitter.emit (events.js:98:17)
    at handleMessage (child_process.js:318:12)
    at Pipe.channel.onread (child_process.js:339:9)

TypeError: Property 'randomSeasonalFFTeam' of object Battle: foolsfestival is not a function
    at Tools.exports.BattleScripts.getTeam (C:\Users\Micheal\Downloads\PS-Server\data\scripts.js:485:35)
    at new BattleSide (C:\Users\Micheal\Downloads\PS-Server\battles.js:1032:27)
    at Tools.Battle.join (C:\Users\Micheal\Downloads\PS-Server\battles.js:3267:15)
    at Tools.Battle.receive (C:\Users\Micheal\Downloads\PS-Server\battles.js:3318:9)
    at process.BattlePokemon.side (C:\Users\Micheal\Downloads\PS-Server\battles.js:111:21)
    at process.EventEmitter.emit (events.js:98:17)
    at handleMessage (child_process.js:318:12)
    at Pipe.channel.onread (child_process.js:339:9)

TypeError: Property 'randomSeasonalFFTeam' of object Battle: foolsfestival is not a function
    at Tools.exports.BattleScripts.getTeam (C:\Users\Micheal\Downloads\PS-Server\data\scripts.js:485:35)
    at new BattleSide (C:\Users\Micheal\Downloads\PS-Server\battles.js:1032:27)
    at Tools.Battle.join (C:\Users\Micheal\Downloads\PS-Server\battles.js:3267:15)
    at Tools.Battle.receive (C:\Users\Micheal\Downloads\PS-Server\battles.js:3318:9)
    at process.BattlePokemon.side (C:\Users\Micheal\Downloads\PS-Server\battles.js:111:21)
    at process.EventEmitter.emit (events.js:98:17)
    at handleMessage (child_process.js:318:12)
    at Pipe.channel.onread (child_process.js:339:9)

TypeError: Property 'randomSeasonalFFTeam' of object Battle: foolsfestival is not a function
    at Tools.exports.BattleScripts.getTeam (C:\Users\Micheal\Downloads\PS-Server\data\scripts.js:485:35)
    at new BattleSide (C:\Users\Micheal\Downloads\PS-Server\battles.js:1032:27)
    at Tools.Battle.join (C:\Users\Micheal\Downloads\PS-Server\battles.js:3267:15)
    at Tools.Battle.receive (C:\Users\Micheal\Downloads\PS-Server\battles.js:3318:9)
    at process.BattlePokemon.side (C:\Users\Micheal\Downloads\PS-Server\battles.js:111:21)
    at process.EventEmitter.emit (events.js:98:17)
    at handleMessage (child_process.js:318:12)
    at Pipe.channel.onread (child_process.js:339:9)

TypeError: Property 'randomSeasonalFFTeam' of object Battle: foolsfestival is not a function
    at Tools.exports.BattleScripts.getTeam (C:\Users\Micheal\Downloads\PS-Server\data\scripts.js:485:35)
    at new BattleSide (C:\Users\Micheal\Downloads\PS-Server\battles.js:1032:27)
    at Tools.Battle.join (C:\Users\Micheal\Downloads\PS-Server\battles.js:3267:15)
    at Tools.Battle.receive (C:\Users\Micheal\Downloads\PS-Server\battles.js:3318:9)
    at process.BattlePokemon.side (C:\Users\Micheal\Downloads\PS-Server\battles.js:111:21)
    at process.EventEmitter.emit (events.js:98:17)
    at handleMessage (child_process.js:318:12)
    at Pipe.channel.onread (child_process.js:339:9)

TypeError: Property 'randomSeasonalFFTeam' of object Battle: foolsfestival is not a function
    at Tools.exports.BattleScripts.getTeam (C:\Users\Micheal\Downloads\PS-Server\data\scripts.js:485:35)
    at new BattleSide (C:\Users\Micheal\Downloads\PS-Server\battles.js:1032:27)
    at Tools.Battle.join (C:\Users\Micheal\Downloads\PS-Server\battles.js:3267:15)
    at Tools.Battle.receive (C:\Users\Micheal\Downloads\PS-Server\battles.js:3318:9)
    at process.BattlePokemon.side (C:\Users\Micheal\Downloads\PS-Server\battles.js:111:21)
    at process.EventEmitter.emit (events.js:98:17)
    at handleMessage (child_process.js:318:12)
    at Pipe.channel.onread (child_process.js:339:9)

TypeError: Property 'randomSeasonalFFTeam' of object Battle: foolsfestival is not a function
    at Tools.exports.BattleScripts.getTeam (C:\Users\Micheal\Downloads\PS-Server\data\scripts.js:485:35)
    at new BattleSide (C:\Users\Micheal\Downloads\PS-Server\battles.js:1032:27)
    at Tools.Battle.join (C:\Users\Micheal\Downloads\PS-Server\battles.js:3267:15)
    at Tools.Battle.receive (C:\Users\Micheal\Downloads\PS-Server\battles.js:3318:9)
    at process.BattlePokemon.side (C:\Users\Micheal\Downloads\PS-Server\battles.js:111:21)
    at process.EventEmitter.emit (events.js:98:17)
    at handleMessage (child_process.js:318:12)
    at Pipe.channel.onread (child_process.js:339:9)

TypeError: Property 'randomSeasonalFFTeam' of object Battle: foolsfestival is not a function
    at Tools.exports.BattleScripts.getTeam (C:\Users\Micheal\Downloads\PS-Server\data\scripts.js:485:35)
    at new BattleSide (C:\Users\Micheal\Downloads\PS-Server\battles.js:1032:27)
    at Tools.Battle.join (C:\Users\Micheal\Downloads\PS-Server\battles.js:3267:15)
    at Tools.Battle.receive (C:\Users\Micheal\Downloads\PS-Server\battles.js:3318:9)
    at process.BattlePokemon.side (C:\Users\Micheal\Downloads\PS-Server\battles.js:111:21)
    at process.EventEmitter.emit (events.js:98:17)
    at handleMessage (child_process.js:318:12)
    at Pipe.channel.onread (child_process.js:339:9)

TypeError: Property 'randomSeasonalFFTeam' of object Battle: foolsfestival is not a function
    at Tools.exports.BattleScripts.getTeam (C:\Users\Micheal\Downloads\PS-Server\data\scripts.js:485:35)
    at new BattleSide (C:\Users\Micheal\Downloads\PS-Server\battles.js:1032:27)
    at Tools.Battle.join (C:\Users\Micheal\Downloads\PS-Server\battles.js:3267:15)
    at Tools.Battle.receive (C:\Users\Micheal\Downloads\PS-Server\battles.js:3318:9)
    at process.BattlePokemon.side (C:\Users\Micheal\Downloads\PS-Server\battles.js:111:21)
    at process.EventEmitter.emit (events.js:98:17)
    at handleMessage (child_process.js:318:12)
    at Pipe.channel.onread (child_process.js:339:9)

TypeError: Property 'randomSeasonalFFTeam' of object Battle: foolsfestival is not a function
    at Tools.exports.BattleScripts.getTeam (C:\Users\Micheal\Downloads\PS-Server\data\scripts.js:485:35)
    at new BattleSide (C:\Users\Micheal\Downloads\PS-Server\battles.js:1032:27)
    at Tools.Battle.join (C:\Users\Micheal\Downloads\PS-Server\battles.js:3267:15)
    at Tools.Battle.receive (C:\Users\Micheal\Downloads\PS-Server\battles.js:3318:9)
    at process.BattlePokemon.side (C:\Users\Micheal\Downloads\PS-Server\battles.js:111:21)
    at process.EventEmitter.emit (events.js:98:17)
    at handleMessage (child_process.js:318:12)
    at Pipe.channel.onread (child_process.js:339:9)

TypeError: Property 'randomSeasonalFFTeam' of object Battle: foolsfestival is not a function
    at Tools.exports.BattleScripts.getTeam (C:\Users\Micheal\Downloads\PS-Server\data\scripts.js:485:35)
    at new BattleSide (C:\Users\Micheal\Downloads\PS-Server\battles.js:1032:27)
    at Tools.Battle.join (C:\Users\Micheal\Downloads\PS-Server\battles.js:3267:15)
    at Tools.Battle.receive (C:\Users\Micheal\Downloads\PS-Server\battles.js:3318:9)
    at process.BattlePokemon.side (C:\Users\Micheal\Downloads\PS-Server\battles.js:111:21)
    at process.EventEmitter.emit (events.js:98:17)
    at handleMessage (child_process.js:318:12)
    at Pipe.channel.onread (child_process.js:339:9)

TypeError: Property 'randomSeasonalFFTeam' of object Battle: foolsfestival is not a function
    at Tools.exports.BattleScripts.getTeam (C:\Users\Micheal\Downloads\PS-Server\data\scripts.js:485:35)
    at new BattleSide (C:\Users\Micheal\Downloads\PS-Server\battles.js:1032:27)
    at Tools.Battle.join (C:\Users\Micheal\Downloads\PS-Server\battles.js:3267:15)
    at Tools.Battle.receive (C:\Users\Micheal\Downloads\PS-Server\battles.js:3318:9)
    at process.BattlePokemon.side (C:\Users\Micheal\Downloads\PS-Server\battles.js:111:21)
    at process.EventEmitter.emit (events.js:98:17)
    at handleMessage (child_process.js:318:12)
    at Pipe.channel.onread (child_process.js:339:9)

TypeError: Property 'randomSeasonalFFTeam' of object Battle: foolsfestival is not a function
    at Tools.exports.BattleScripts.getTeam (C:\Users\Micheal\Downloads\PS-Server\data\scripts.js:485:35)
    at new BattleSide (C:\Users\Micheal\Downloads\PS-Server\battles.js:1032:27)
    at Tools.Battle.join (C:\Users\Micheal\Downloads\PS-Server\battles.js:3267:15)
    at Tools.Battle.receive (C:\Users\Micheal\Downloads\PS-Server\battles.js:3318:9)
    at process.BattlePokemon.side (C:\Users\Micheal\Downloads\PS-Server\battles.js:111:21)
    at process.EventEmitter.emit (events.js:98:17)
    at handleMessage (child_process.js:318:12)
    at Pipe.channel.onread (child_process.js:339:9)

TypeError: Property 'randomSeasonalFFTeam' of object Battle: foolsfestival is not a function
    at Tools.exports.BattleScripts.getTeam (C:\Users\Micheal\Downloads\PS-Server\data\scripts.js:485:35)
    at new BattleSide (C:\Users\Micheal\Downloads\PS-Server\battles.js:1032:27)
    at Tools.Battle.join (C:\Users\Micheal\Downloads\PS-Server\battles.js:3267:15)
    at Tools.Battle.receive (C:\Users\Micheal\Downloads\PS-Server\battles.js:3318:9)
    at process.BattlePokemon.side (C:\Users\Micheal\Downloads\PS-Server\battles.js:111:21)
    at process.EventEmitter.emit (events.js:98:17)
    at handleMessage (child_process.js:318:12)
    at Pipe.channel.onread (child_process.js:339:9)

TypeError: Property 'randomSeasonalFFTeam' of object Battle: foolsfestival is not a function
    at Tools.exports.BattleScripts.getTeam (C:\Users\Micheal\Downloads\PS-Server\data\scripts.js:485:35)
    at new BattleSide (C:\Users\Micheal\Downloads\PS-Server\battles.js:1032:27)
    at Tools.Battle.join (C:\Users\Micheal\Downloads\PS-Server\battles.js:3267:15)
    at Tools.Battle.receive (C:\Users\Micheal\Downloads\PS-Server\battles.js:3318:9)
    at process.BattlePokemon.side (C:\Users\Micheal\Downloads\PS-Server\battles.js:111:21)
    at process.EventEmitter.emit (events.js:98:17)
    at handleMessage (child_process.js:318:12)
    at Pipe.channel.onread (child_process.js:339:9)

TypeError: Property 'randomSeasonalFFTeam' of object Battle: foolsfestival is not a function
    at Tools.exports.BattleScripts.getTeam (C:\Users\Micheal\Downloads\PS-Server\data\scripts.js:485:35)
    at new BattleSide (C:\Users\Micheal\Downloads\PS-Server\battles.js:1032:27)
    at Tools.Battle.join (C:\Users\Micheal\Downloads\PS-Server\battles.js:3267:15)
    at Tools.Battle.receive (C:\Users\Micheal\Downloads\PS-Server\battles.js:3318:9)
    at process.BattlePokemon.side (C:\Users\Micheal\Downloads\PS-Server\battles.js:111:21)
    at process.EventEmitter.emit (events.js:98:17)
    at handleMessage (child_process.js:318:12)
    at Pipe.channel.onread (child_process.js:339:9)

TypeError: Property 'randomSeasonalFFTeam' of object Battle: foolsfestival is not a function
    at Tools.exports.BattleScripts.getTeam (C:\Users\Micheal\Downloads\PS-Server\data\scripts.js:485:35)
    at new BattleSide (C:\Users\Micheal\Downloads\PS-Server\battles.js:1032:27)
    at Tools.Battle.join (C:\Users\Micheal\Downloads\PS-Server\battles.js:3267:15)
    at Tools.Battle.receive (C:\Users\Micheal\Downloads\PS-Server\battles.js:3318:9)
    at process.BattlePokemon.side (C:\Users\Micheal\Downloads\PS-Server\battles.js:111:21)
    at process.EventEmitter.emit (events.js:98:17)
    at handleMessage (child_process.js:318:12)
    at Pipe.channel.onread (child_process.js:339:9)

TypeError: Property 'randomSeasonalFFTeam' of object Battle: foolsfestival is not a function
    at Tools.exports.BattleScripts.getTeam (C:\Users\Micheal\Downloads\PS-Server\data\scripts.js:485:35)
    at new BattleSide (C:\Users\Micheal\Downloads\PS-Server\battles.js:1032:27)
    at Tools.Battle.join (C:\Users\Micheal\Downloads\PS-Server\battles.js:3267:15)
    at Tools.Battle.receive (C:\Users\Micheal\Downloads\PS-Server\battles.js:3318:9)
    at process.BattlePokemon.side (C:\Users\Micheal\Downloads\PS-Server\battles.js:111:21)
    at process.EventEmitter.emit (events.js:98:17)
    at handleMessage (child_process.js:318:12)
    at Pipe.channel.onread (child_process.js:339:9)

TypeError: Property 'randomSeasonalFFTeam' of object Battle: foolsfestival is not a function
    at Tools.exports.BattleScripts.getTeam (C:\Users\Micheal\Downloads\PS-Server\data\scripts.js:485:35)
    at new BattleSide (C:\Users\Micheal\Downloads\PS-Server\battles.js:1032:27)
    at Tools.Battle.join (C:\Users\Micheal\Downloads\PS-Server\battles.js:3267:15)
    at Tools.Battle.receive (C:\Users\Micheal\Downloads\PS-Server\battles.js:3318:9)
    at process.BattlePokemon.side (C:\Users\Micheal\Downloads\PS-Server\battles.js:111:21)
    at process.EventEmitter.emit (events.js:98:17)
    at handleMessage (child_process.js:318:12)
    at Pipe.channel.onread (child_process.js:339:9)

TypeError: Property 'randomSeasonalFFTeam' of object Battle: foolsfestival is not a function
    at Tools.exports.BattleScripts.getTeam (C:\Users\Micheal\Downloads\PS-Server\data\scripts.js:485:35)
    at new BattleSide (C:\Users\Micheal\Downloads\PS-Server\battles.js:1032:27)
    at Tools.Battle.join (C:\Users\Micheal\Downloads\PS-Server\battles.js:3267:15)
    at Tools.Battle.receive (C:\Users\Micheal\Downloads\PS-Server\battles.js:3318:9)
    at process.BattlePokemon.side (C:\Users\Micheal\Downloads\PS-Server\battles.js:111:21)
    at process.EventEmitter.emit (events.js:98:17)
    at handleMessage (child_process.js:318:12)
    at Pipe.channel.onread (child_process.js:339:9)

TypeError: Property 'randomSeasonalFFTeam' of object Battle: foolsfestival is not a function
    at Tools.exports.BattleScripts.getTeam (C:\Users\Micheal\Downloads\PS-Server\data\scripts.js:485:35)
    at new BattleSide (C:\Users\Micheal\Downloads\PS-Server\battles.js:1032:27)
    at Tools.Battle.join (C:\Users\Micheal\Downloads\PS-Server\battles.js:3267:15)
    at Tools.Battle.receive (C:\Users\Micheal\Downloads\PS-Server\battles.js:3318:9)
    at process.BattlePokemon.side (C:\Users\Micheal\Downloads\PS-Server\battles.js:111:21)
    at process.EventEmitter.emit (events.js:98:17)
    at handleMessage (child_process.js:318:12)
    at Pipe.channel.onread (child_process.js:339:9)

TypeError: Property 'randomSeasonalFFTeam' of object Battle: foolsfestival is not a function
    at Tools.exports.BattleScripts.getTeam (C:\Users\Micheal\Downloads\PS-Server\data\scripts.js:485:35)
    at new BattleSide (C:\Users\Micheal\Downloads\PS-Server\battles.js:1032:27)
    at Tools.Battle.join (C:\Users\Micheal\Downloads\PS-Server\battles.js:3267:15)
    at Tools.Battle.receive (C:\Users\Micheal\Downloads\PS-Server\battles.js:3318:9)
    at process.BattlePokemon.side (C:\Users\Micheal\Downloads\PS-Server\battles.js:111:21)
    at process.EventEmitter.emit (events.js:98:17)
    at handleMessage (child_process.js:318:12)
    at Pipe.channel.onread (child_process.js:339:9)

TypeError: Property 'randomSeasonalFFTeam' of object Battle: foolsfestival is not a function
    at Tools.exports.BattleScripts.getTeam (C:\Users\Micheal\Downloads\PS-Server\data\scripts.js:485:35)
    at new BattleSide (C:\Users\Micheal\Downloads\PS-Server\battles.js:1032:27)
    at Tools.Battle.join (C:\Users\Micheal\Downloads\PS-Server\battles.js:3267:15)
    at Tools.Battle.receive (C:\Users\Micheal\Downloads\PS-Server\battles.js:3318:9)
    at process.BattlePokemon.side (C:\Users\Micheal\Downloads\PS-Server\battles.js:111:21)
    at process.EventEmitter.emit (events.js:98:17)
    at handleMessage (child_process.js:318:12)
    at Pipe.channel.onread (child_process.js:339:9)

TypeError: Property 'randomSeasonalFFTeam' of object Battle: foolsfestival is not a function
    at Tools.exports.BattleScripts.getTeam (C:\Users\Micheal\Downloads\PS-Server\data\scripts.js:485:35)
    at new BattleSide (C:\Users\Micheal\Downloads\PS-Server\battles.js:1032:27)
    at Tools.Battle.join (C:\Users\Micheal\Downloads\PS-Server\battles.js:3267:15)
    at Tools.Battle.receive (C:\Users\Micheal\Downloads\PS-Server\battles.js:3318:9)
    at process.BattlePokemon.side (C:\Users\Micheal\Downloads\PS-Server\battles.js:111:21)
    at process.EventEmitter.emit (events.js:98:17)
    at handleMessage (child_process.js:318:12)
    at Pipe.channel.onread (child_process.js:339:9)

TypeError: Property 'randomSeasonalFFTeam' of object Battle: foolsfestival is not a function
    at Tools.exports.BattleScripts.getTeam (C:\Users\Micheal\Downloads\PS-Server\data\scripts.js:485:35)
    at new BattleSide (C:\Users\Micheal\Downloads\PS-Server\battles.js:1032:27)
    at Tools.Battle.join (C:\Users\Micheal\Downloads\PS-Server\battles.js:3267:15)
    at Tools.Battle.receive (C:\Users\Micheal\Downloads\PS-Server\battles.js:3318:9)
    at process.BattlePokemon.side (C:\Users\Micheal\Downloads\PS-Server\battles.js:111:21)
    at process.EventEmitter.emit (events.js:98:17)
    at handleMessage (child_process.js:318:12)
    at Pipe.channel.onread (child_process.js:339:9)

TypeError: Property 'randomSeasonalFFTeam' of object Battle: foolsfestival is not a function
    at Tools.exports.BattleScripts.getTeam (C:\Users\Micheal\Downloads\PS-Server\data\scripts.js:485:35)
    at new BattleSide (C:\Users\Micheal\Downloads\PS-Server\battles.js:1032:27)
    at Tools.Battle.join (C:\Users\Micheal\Downloads\PS-Server\battles.js:3267:15)
    at Tools.Battle.receive (C:\Users\Micheal\Downloads\PS-Server\battles.js:3318:9)
    at process.BattlePokemon.side (C:\Users\Micheal\Downloads\PS-Server\battles.js:111:21)
    at process.EventEmitter.emit (events.js:98:17)
    at handleMessage (child_process.js:318:12)
    at Pipe.channel.onread (child_process.js:339:9)

TypeError: Property 'randomSeasonalFFTeam' of object Battle: foolsfestival is not a function
    at Tools.exports.BattleScripts.getTeam (C:\Users\Micheal\Downloads\PS-Server\data\scripts.js:485:35)
    at new BattleSide (C:\Users\Micheal\Downloads\PS-Server\battles.js:1032:27)
    at Tools.Battle.join (C:\Users\Micheal\Downloads\PS-Server\battles.js:3267:15)
    at Tools.Battle.receive (C:\Users\Micheal\Downloads\PS-Server\battles.js:3318:9)
    at process.BattlePokemon.side (C:\Users\Micheal\Downloads\PS-Server\battles.js:111:21)
    at process.EventEmitter.emit (events.js:98:17)
    at handleMessage (child_process.js:318:12)
    at Pipe.channel.onread (child_process.js:339:9)

TypeError: Property 'randomSeasonalFFTeam' of object Battle: foolsfestival is not a function
    at Tools.exports.BattleScripts.getTeam (C:\Users\Micheal\Downloads\PS-Server\data\scripts.js:485:35)
    at new BattleSide (C:\Users\Micheal\Downloads\PS-Server\battles.js:1032:27)
    at Tools.Battle.join (C:\Users\Micheal\Downloads\PS-Server\battles.js:3267:15)
    at Tools.Battle.receive (C:\Users\Micheal\Downloads\PS-Server\battles.js:3318:9)
    at process.BattlePokemon.side (C:\Users\Micheal\Downloads\PS-Server\battles.js:111:21)
    at process.EventEmitter.emit (events.js:98:17)
    at handleMessage (child_process.js:318:12)
    at Pipe.channel.onread (child_process.js:339:9)

TypeError: Property 'randomSeasonalFFTeam' of object Battle: foolsfestival is not a function
    at Tools.exports.BattleScripts.getTeam (C:\Users\Micheal\Downloads\PS-Server\data\scripts.js:485:35)
    at new BattleSide (C:\Users\Micheal\Downloads\PS-Server\battles.js:1032:27)
    at Tools.Battle.join (C:\Users\Micheal\Downloads\PS-Server\battles.js:3267:15)
    at Tools.Battle.receive (C:\Users\Micheal\Downloads\PS-Server\battles.js:3318:9)
    at process.BattlePokemon.side (C:\Users\Micheal\Downloads\PS-Server\battles.js:111:21)
    at process.EventEmitter.emit (events.js:98:17)
    at handleMessage (child_process.js:318:12)
    at Pipe.channel.onread (child_process.js:339:9)

TypeError: Property 'randomSeasonalFFTeam' of object Battle: foolsfestival is not a function
    at Tools.exports.BattleScripts.getTeam (C:\Users\Micheal\Downloads\PS-Server\data\scripts.js:485:35)
    at new BattleSide (C:\Users\Micheal\Downloads\PS-Server\battles.js:1032:27)
    at Tools.Battle.join (C:\Users\Micheal\Downloads\PS-Server\battles.js:3267:15)
    at Tools.Battle.receive (C:\Users\Micheal\Downloads\PS-Server\battles.js:3318:9)
    at process.BattlePokemon.side (C:\Users\Micheal\Downloads\PS-Server\battles.js:111:21)
    at process.EventEmitter.emit (events.js:98:17)
    at handleMessage (child_process.js:318:12)
    at Pipe.channel.onread (child_process.js:339:9)

TypeError: Property 'randomSeasonalFFTeam' of object Battle: foolsfestival is not a function
    at Tools.exports.BattleScripts.getTeam (C:\Users\Micheal\Downloads\PS-Server\data\scripts.js:485:35)
    at new BattleSide (C:\Users\Micheal\Downloads\PS-Server\battles.js:1032:27)
    at Tools.Battle.join (C:\Users\Micheal\Downloads\PS-Server\battles.js:3267:15)
    at Tools.Battle.receive (C:\Users\Micheal\Downloads\PS-Server\battles.js:3318:9)
    at process.BattlePokemon.side (C:\Users\Micheal\Downloads\PS-Server\battles.js:111:21)
    at process.EventEmitter.emit (events.js:98:17)
    at handleMessage (child_process.js:318:12)
    at Pipe.channel.onread (child_process.js:339:9)

TypeError: Property 'randomSeasonalFFTeam' of object Battle: foolsfestival is not a function
    at Tools.exports.BattleScripts.getTeam (C:\Users\Micheal\Downloads\PS-Server\data\scripts.js:485:35)
    at new BattleSide (C:\Users\Micheal\Downloads\PS-Server\battles.js:1032:27)
    at Tools.Battle.join (C:\Users\Micheal\Downloads\PS-Server\battles.js:3267:15)
    at Tools.Battle.receive (C:\Users\Micheal\Downloads\PS-Server\battles.js:3318:9)
    at process.BattlePokemon.side (C:\Users\Micheal\Downloads\PS-Server\battles.js:111:21)
    at process.EventEmitter.emit (events.js:98:17)
    at handleMessage (child_process.js:318:12)
    at Pipe.channel.onread (child_process.js:339:9)

TypeError: Property 'randomSeasonalFFTeam' of object Battle: foolsfestival is not a function
    at Tools.exports.BattleScripts.getTeam (C:\Users\Micheal\Downloads\PS-Server\data\scripts.js:485:35)
    at new BattleSide (C:\Users\Micheal\Downloads\PS-Server\battles.js:1032:27)
    at Tools.Battle.join (C:\Users\Micheal\Downloads\PS-Server\battles.js:3267:15)
    at Tools.Battle.receive (C:\Users\Micheal\Downloads\PS-Server\battles.js:3318:9)
    at process.BattlePokemon.side (C:\Users\Micheal\Downloads\PS-Server\battles.js:111:21)
    at process.EventEmitter.emit (events.js:98:17)
    at handleMessage (child_process.js:318:12)
    at Pipe.channel.onread (child_process.js:339:9)

TypeError: Property 'randomSeasonalFFTeam' of object Battle: foolsfestival is not a function
    at Tools.exports.BattleScripts.getTeam (C:\Users\Micheal\Downloads\PS-Server\data\scripts.js:485:35)
    at new BattleSide (C:\Users\Micheal\Downloads\PS-Server\battles.js:1032:27)
    at Tools.Battle.join (C:\Users\Micheal\Downloads\PS-Server\battles.js:3267:15)
    at Tools.Battle.receive (C:\Users\Micheal\Downloads\PS-Server\battles.js:3318:9)
    at process.BattlePokemon.side (C:\Users\Micheal\Downloads\PS-Server\battles.js:111:21)
    at process.EventEmitter.emit (events.js:98:17)
    at handleMessage (child_process.js:318:12)
    at Pipe.channel.onread (child_process.js:339:9)

TypeError: Property 'randomSeasonalFFTeam' of object Battle: foolsfestival is not a function
    at Tools.exports.BattleScripts.getTeam (C:\Users\Micheal\Downloads\PS-Server\data\scripts.js:485:35)
    at new BattleSide (C:\Users\Micheal\Downloads\PS-Server\battles.js:1032:27)
    at Tools.Battle.join (C:\Users\Micheal\Downloads\PS-Server\battles.js:3267:15)
    at Tools.Battle.receive (C:\Users\Micheal\Downloads\PS-Server\battles.js:3318:9)
    at process.BattlePokemon.side (C:\Users\Micheal\Downloads\PS-Server\battles.js:111:21)
    at process.EventEmitter.emit (events.js:98:17)
    at handleMessage (child_process.js:318:12)
    at Pipe.channel.onread (child_process.js:339:9)

TypeError: Property 'randomSeasonalFFTeam' of object Battle: foolsfestival is not a function
    at Tools.exports.BattleScripts.getTeam (C:\Users\Micheal\Downloads\PS-Server\data\scripts.js:485:35)
    at new BattleSide (C:\Users\Micheal\Downloads\PS-Server\battles.js:1032:27)
    at Tools.Battle.join (C:\Users\Micheal\Downloads\PS-Server\battles.js:3267:15)
    at Tools.Battle.receive (C:\Users\Micheal\Downloads\PS-Server\battles.js:3318:9)
    at process.BattlePokemon.side (C:\Users\Micheal\Downloads\PS-Server\battles.js:111:21)
    at process.EventEmitter.emit (events.js:98:17)
    at handleMessage (child_process.js:318:12)
    at Pipe.channel.onread (child_process.js:339:9)

TypeError: Property 'randomSeasonalFFTeam' of object Battle: foolsfestival is not a function
    at Tools.exports.BattleScripts.getTeam (C:\Users\Micheal\Downloads\PS-Server\data\scripts.js:485:35)
    at new BattleSide (C:\Users\Micheal\Downloads\PS-Server\battles.js:1032:27)
    at Tools.Battle.join (C:\Users\Micheal\Downloads\PS-Server\battles.js:3267:15)
    at Tools.Battle.receive (C:\Users\Micheal\Downloads\PS-Server\battles.js:3318:9)
    at process.BattlePokemon.side (C:\Users\Micheal\Downloads\PS-Server\battles.js:111:21)
    at process.EventEmitter.emit (events.js:98:17)
    at handleMessage (child_process.js:318:12)
    at Pipe.channel.onread (child_process.js:339:9)

TypeError: Property 'randomSeasonalFFTeam' of object Battle: foolsfestival is not a function
    at Tools.exports.BattleScripts.getTeam (C:\Users\Micheal\Downloads\PS-Server\data\scripts.js:485:35)
    at new BattleSide (C:\Users\Micheal\Downloads\PS-Server\battles.js:1032:27)
    at Tools.Battle.join (C:\Users\Micheal\Downloads\PS-Server\battles.js:3267:15)
    at Tools.Battle.receive (C:\Users\Micheal\Downloads\PS-Server\battles.js:3318:9)
    at process.BattlePokemon.side (C:\Users\Micheal\Downloads\PS-Server\battles.js:111:21)
    at process.EventEmitter.emit (events.js:98:17)
    at handleMessage (child_process.js:318:12)
    at Pipe.channel.onread (child_process.js:339:9)

TypeError: Property 'randomSeasonalFFTeam' of object Battle: foolsfestival is not a function
    at Tools.exports.BattleScripts.getTeam (C:\Users\Micheal\Downloads\PS-Server\data\scripts.js:485:35)
    at new BattleSide (C:\Users\Micheal\Downloads\PS-Server\battles.js:1032:27)
    at Tools.Battle.join (C:\Users\Micheal\Downloads\PS-Server\battles.js:3267:15)
    at Tools.Battle.receive (C:\Users\Micheal\Downloads\PS-Server\battles.js:3318:9)
    at process.BattlePokemon.side (C:\Users\Micheal\Downloads\PS-Server\battles.js:111:21)
    at process.EventEmitter.emit (events.js:98:17)
    at handleMessage (child_process.js:318:12)
    at Pipe.channel.onread (child_process.js:339:9)

SyntaxError: Invalid regular expression: missing /
    at Module._compile (module.js:439:25)
    at Object.Module._extensions..js (module.js:474:10)
    at Module.load (module.js:356:32)
    at Function.Module._load (module.js:312:12)
    at Module.require (module.js:364:17)
    at require (module.js:380:17)
    at parseCommandLocal (C:\Users\Micheal\Downloads\PS-Server\chat-commands.js:901:19)
    at ChatRoom.chat (C:\Users\Micheal\Downloads\PS-Server\rooms.js:1444:23)
    at User.chat (C:\Users\Micheal\Downloads\PS-Server\users.js:936:9)
    at C:\Users\Micheal\Downloads\PS-Server\app.js:269:12

SyntaxError: Invalid regular expression: missing /
    at Module._compile (module.js:439:25)
    at Object.Module._extensions..js (module.js:474:10)
    at Module.load (module.js:356:32)
    at Function.Module._load (module.js:312:12)
    at Module.require (module.js:364:17)
    at require (module.js:380:17)
    at parseCommandLocal (C:\Users\Micheal\Downloads\PS-Server\chat-commands.js:901:19)
    at ChatRoom.chat (C:\Users\Micheal\Downloads\PS-Server\rooms.js:1444:23)
    at User.chat (C:\Users\Micheal\Downloads\PS-Server\users.js:936:9)
    at C:\Users\Micheal\Downloads\PS-Server\app.js:269:12

TypeError: Property 'randomSeasonalFFTeam' of object Battle: foolsfestival is not a function
    at Tools.exports.BattleScripts.getTeam (C:\Users\Micheal\Downloads\PS-Server\data\scripts.js:485:35)
    at new BattleSide (C:\Users\Micheal\Downloads\PS-Server\battles.js:1032:27)
    at Tools.Battle.join (C:\Users\Micheal\Downloads\PS-Server\battles.js:3267:15)
    at Tools.Battle.receive (C:\Users\Micheal\Downloads\PS-Server\battles.js:3318:9)
    at process.BattlePokemon.side (C:\Users\Micheal\Downloads\PS-Server\battles.js:111:21)
    at process.EventEmitter.emit (events.js:98:17)
    at handleMessage (child_process.js:318:12)
    at Pipe.channel.onread (child_process.js:339:9)

TypeError: Property 'randomSeasonalFFTeam' of object Battle: foolsfestival is not a function
    at Tools.exports.BattleScripts.getTeam (C:\Users\Micheal\Downloads\PS-Server\data\scripts.js:485:35)
    at new BattleSide (C:\Users\Micheal\Downloads\PS-Server\battles.js:1032:27)
    at Tools.Battle.join (C:\Users\Micheal\Downloads\PS-Server\battles.js:3267:15)
    at Tools.Battle.receive (C:\Users\Micheal\Downloads\PS-Server\battles.js:3318:9)
    at process.BattlePokemon.side (C:\Users\Micheal\Downloads\PS-Server\battles.js:111:21)
    at process.EventEmitter.emit (events.js:98:17)
    at handleMessage (child_process.js:318:12)
    at Pipe.channel.onread (child_process.js:339:9)

TypeError: Property 'randomSeasonalFFTeam' of object Battle: foolsfestival is not a function
    at Tools.exports.BattleScripts.getTeam (C:\Users\Micheal\Downloads\PS-Server\data\scripts.js:485:35)
    at new BattleSide (C:\Users\Micheal\Downloads\PS-Server\battles.js:1032:27)
    at Tools.Battle.join (C:\Users\Micheal\Downloads\PS-Server\battles.js:3267:15)
    at Tools.Battle.receive (C:\Users\Micheal\Downloads\PS-Server\battles.js:3318:9)
    at process.BattlePokemon.side (C:\Users\Micheal\Downloads\PS-Server\battles.js:111:21)
    at process.EventEmitter.emit (events.js:98:17)
    at handleMessage (child_process.js:318:12)
    at Pipe.channel.onread (child_process.js:339:9)

TypeError: Property 'randomSeasonalFFTeam' of object Battle: foolsfestival is not a function
    at Tools.exports.BattleScripts.getTeam (C:\Users\Micheal\Downloads\PS-Server\data\scripts.js:485:35)
    at new BattleSide (C:\Users\Micheal\Downloads\PS-Server\battles.js:1032:27)
    at Tools.Battle.join (C:\Users\Micheal\Downloads\PS-Server\battles.js:3267:15)
    at Tools.Battle.receive (C:\Users\Micheal\Downloads\PS-Server\battles.js:3318:9)
    at process.BattlePokemon.side (C:\Users\Micheal\Downloads\PS-Server\battles.js:111:21)
    at process.EventEmitter.emit (events.js:98:17)
    at handleMessage (child_process.js:318:12)
    at Pipe.channel.onread (child_process.js:339:9)

TypeError: Property 'randomSeasonalFFTeam' of object Battle: foolsfestival is not a function
    at Tools.exports.BattleScripts.getTeam (C:\Users\Micheal\Downloads\PS-Server\data\scripts.js:485:35)
    at new BattleSide (C:\Users\Micheal\Downloads\PS-Server\battles.js:1032:27)
    at Tools.Battle.join (C:\Users\Micheal\Downloads\PS-Server\battles.js:3267:15)
    at Tools.Battle.receive (C:\Users\Micheal\Downloads\PS-Server\battles.js:3318:9)
    at process.BattlePokemon.side (C:\Users\Micheal\Downloads\PS-Server\battles.js:111:21)
    at process.EventEmitter.emit (events.js:98:17)
    at handleMessage (child_process.js:318:12)
    at Pipe.channel.onread (child_process.js:339:9)

TypeError: Property 'randomSeasonalFFTeam' of object Battle: foolsfestival is not a function
    at Tools.exports.BattleScripts.getTeam (C:\Users\Micheal\Downloads\PS-Server\data\scripts.js:485:35)
    at new BattleSide (C:\Users\Micheal\Downloads\PS-Server\battles.js:1032:27)
    at Tools.Battle.join (C:\Users\Micheal\Downloads\PS-Server\battles.js:3267:15)
    at Tools.Battle.receive (C:\Users\Micheal\Downloads\PS-Server\battles.js:3318:9)
    at process.BattlePokemon.side (C:\Users\Micheal\Downloads\PS-Server\battles.js:111:21)
    at process.EventEmitter.emit (events.js:98:17)
    at handleMessage (child_process.js:318:12)
    at Pipe.channel.onread (child_process.js:339:9)

TypeError: Property 'randomSeasonalFFTeam' of object Battle: foolsfestival is not a function
    at Tools.exports.BattleScripts.getTeam (C:\Users\Micheal\Downloads\PS-Server\data\scripts.js:485:35)
    at new BattleSide (C:\Users\Micheal\Downloads\PS-Server\battles.js:1032:27)
    at Tools.Battle.join (C:\Users\Micheal\Downloads\PS-Server\battles.js:3267:15)
    at Tools.Battle.receive (C:\Users\Micheal\Downloads\PS-Server\battles.js:3318:9)
    at process.BattlePokemon.side (C:\Users\Micheal\Downloads\PS-Server\battles.js:111:21)
    at process.EventEmitter.emit (events.js:98:17)
    at handleMessage (child_process.js:318:12)
    at Pipe.channel.onread (child_process.js:339:9)

TypeError: Property 'randomSeasonalFFTeam' of object Battle: foolsfestival is not a function
    at Tools.exports.BattleScripts.getTeam (C:\Users\Micheal\Downloads\PS-Server\data\scripts.js:485:35)
    at new BattleSide (C:\Users\Micheal\Downloads\PS-Server\battles.js:1032:27)
    at Tools.Battle.join (C:\Users\Micheal\Downloads\PS-Server\battles.js:3267:15)
    at Tools.Battle.receive (C:\Users\Micheal\Downloads\PS-Server\battles.js:3318:9)
    at process.BattlePokemon.side (C:\Users\Micheal\Downloads\PS-Server\battles.js:111:21)
    at process.EventEmitter.emit (events.js:98:17)
    at handleMessage (child_process.js:318:12)
    at Pipe.channel.onread (child_process.js:339:9)

TypeError: Property 'randomSeasonalFFTeam' of object Battle: foolsfestival is not a function
    at Tools.exports.BattleScripts.getTeam (C:\Users\Micheal\Downloads\PS-Server\data\scripts.js:485:35)
    at new BattleSide (C:\Users\Micheal\Downloads\PS-Server\battles.js:1032:27)
    at Tools.Battle.join (C:\Users\Micheal\Downloads\PS-Server\battles.js:3267:15)
    at Tools.Battle.receive (C:\Users\Micheal\Downloads\PS-Server\battles.js:3318:9)
    at process.BattlePokemon.side (C:\Users\Micheal\Downloads\PS-Server\battles.js:111:21)
    at process.EventEmitter.emit (events.js:98:17)
    at handleMessage (child_process.js:318:12)
    at Pipe.channel.onread (child_process.js:339:9)

TypeError: Property 'randomSeasonalFFTeam' of object Battle: foolsfestival is not a function
    at Tools.exports.BattleScripts.getTeam (C:\Users\Micheal\Downloads\PS-Server\data\scripts.js:485:35)
    at new BattleSide (C:\Users\Micheal\Downloads\PS-Server\battles.js:1032:27)
    at Tools.Battle.join (C:\Users\Micheal\Downloads\PS-Server\battles.js:3267:15)
    at Tools.Battle.receive (C:\Users\Micheal\Downloads\PS-Server\battles.js:3318:9)
    at process.BattlePokemon.side (C:\Users\Micheal\Downloads\PS-Server\battles.js:111:21)
    at process.EventEmitter.emit (events.js:98:17)
    at handleMessage (child_process.js:318:12)
    at Pipe.channel.onread (child_process.js:339:9)

ReferenceError: success is not defined
    at Object.unban (C:\Users\Micheal\Downloads\PS-Server\users.js:1026:6)
    at parseCommandLocal (C:\Users\Micheal\Downloads\PS-Server\chat-commands.js:619:20)
    at ChatRoom.chat (C:\Users\Micheal\Downloads\PS-Server\rooms.js:1444:23)
    at User.chat (C:\Users\Micheal\Downloads\PS-Server\users.js:936:9)
    at C:\Users\Micheal\Downloads\PS-Server\app.js:269:12
    at Array.forEach (native)
    at Object.events.chat (C:\Users\Micheal\Downloads\PS-Server\app.js:268:31)
    at SockJSConnection.<anonymous> (C:\Users\Micheal\Downloads\PS-Server\app.js:332:49)
    at SockJSConnection.EventEmitter.emit (events.js:95:17)
    at Session.didMessage (C:\Users\Micheal\Downloads\PS-Server\node_modules\sockjs\lib\transport.js:212:25)

TypeError: Property 'randomSeasonalFFTeam' of object Battle: foolsfestival is not a function
    at Tools.exports.BattleScripts.getTeam (C:\Users\Micheal\Downloads\PS-Server\data\scripts.js:485:35)
    at new BattleSide (C:\Users\Micheal\Downloads\PS-Server\battles.js:1032:27)
    at Tools.Battle.join (C:\Users\Micheal\Downloads\PS-Server\battles.js:3267:15)
    at Tools.Battle.receive (C:\Users\Micheal\Downloads\PS-Server\battles.js:3318:9)
    at process.BattlePokemon.side (C:\Users\Micheal\Downloads\PS-Server\battles.js:111:21)
    at process.EventEmitter.emit (events.js:98:17)
    at handleMessage (child_process.js:318:12)
    at Pipe.channel.onread (child_process.js:339:9)

SyntaxError: Invalid regular expression: missing /
    at Module._compile (module.js:439:25)
    at Object.Module._extensions..js (module.js:474:10)
    at Module.load (module.js:356:32)
    at Function.Module._load (module.js:312:12)
    at Module.require (module.js:364:17)
    at require (module.js:380:17)
    at parseCommandLocal (C:\Users\Micheal\Downloads\PS-Server\chat-commands.js:901:19)
    at ChatRoom.chat (C:\Users\Micheal\Downloads\PS-Server\rooms.js:1444:23)
    at User.chat (C:\Users\Micheal\Downloads\PS-Server\users.js:936:9)
    at C:\Users\Micheal\Downloads\PS-Server\app.js:269:12

SyntaxError: Invalid regular expression: missing /
    at Module._compile (module.js:439:25)
    at Object.Module._extensions..js (module.js:474:10)
    at Module.load (module.js:356:32)
    at Function.Module._load (module.js:312:12)
    at Module.require (module.js:364:17)
    at require (module.js:380:17)
    at parseCommandLocal (C:\Users\Micheal\Downloads\PS-Server\chat-commands.js:901:19)
    at ChatRoom.chat (C:\Users\Micheal\Downloads\PS-Server\rooms.js:1444:23)
    at User.chat (C:\Users\Micheal\Downloads\PS-Server\users.js:936:9)
    at C:\Users\Micheal\Downloads\PS-Server\app.js:269:12

TypeError: Object #<User> has no method 'onDisconnect'
    at SockJSConnection.<anonymous> (C:\Users\Micheal\Downloads\PS-Server\app.js:350:11)
    at SockJSConnection.EventEmitter.emit (events.js:92:17)
    at Session.didTimeout (C:\Users\Micheal\Downloads\PS-Server\node_modules\sockjs\lib\transport.js:202:23)
    at WebSocketReceiver.GenericReceiver.didAbort (C:\Users\Micheal\Downloads\PS-Server\node_modules\sockjs\lib\transport.js:287:35)
    at thingy_end_cb (C:\Users\Micheal\Downloads\PS-Server\node_modules\sockjs\lib\transport.js:271:22)
    at null.<anonymous> (C:\Users\Micheal\Downloads\PS-Server\node_modules\sockjs\node_modules\faye-websocket\lib\faye\websocket\api\event_target.js:41:7)
    at Array.forEach (native)
    at EventTarget.dispatchEvent (C:\Users\Micheal\Downloads\PS-Server\node_modules\sockjs\node_modules\faye-websocket\lib\faye\websocket\api\event_target.js:40:33)
    at close (C:\Users\Micheal\Downloads\PS-Server\node_modules\sockjs\node_modules\faye-websocket\lib\faye\websocket\api.js:67:12)
    at API.close (C:\Users\Micheal\Downloads\PS-Server\node_modules\sockjs\node_modules\faye-websocket\lib\faye\websocket\api.js:75:13)

TypeError: Object #<User> has no method 'onDisconnect'
    at SockJSConnection.<anonymous> (C:\Users\Micheal\Downloads\PS-Server\app.js:350:11)
    at SockJSConnection.EventEmitter.emit (events.js:92:17)
    at Session.didTimeout (C:\Users\Micheal\Downloads\PS-Server\node_modules\sockjs\lib\transport.js:202:23)
    at WebSocketReceiver.GenericReceiver.didAbort (C:\Users\Micheal\Downloads\PS-Server\node_modules\sockjs\lib\transport.js:287:35)
    at thingy_end_cb (C:\Users\Micheal\Downloads\PS-Server\node_modules\sockjs\lib\transport.js:271:22)
    at null.<anonymous> (C:\Users\Micheal\Downloads\PS-Server\node_modules\sockjs\node_modules\faye-websocket\lib\faye\websocket\api\event_target.js:41:7)
    at Array.forEach (native)
    at EventTarget.dispatchEvent (C:\Users\Micheal\Downloads\PS-Server\node_modules\sockjs\node_modules\faye-websocket\lib\faye\websocket\api\event_target.js:40:33)
    at close (C:\Users\Micheal\Downloads\PS-Server\node_modules\sockjs\node_modules\faye-websocket\lib\faye\websocket\api.js:67:12)
    at API.close (C:\Users\Micheal\Downloads\PS-Server\node_modules\sockjs\node_modules\faye-websocket\lib\faye\websocket\api.js:75:13)

TypeError: Object #<GlobalRoom> has no method 'onJoin'
    at User.joinRoom (C:\Users\Micheal\Downloads\PS-Server\users.js:813:10)
    at Object.connectUser (C:\Users\Micheal\Downloads\PS-Server\users.js:51:7)
    at Server.<anonymous> (C:\Users\Micheal\Downloads\PS-Server\app.js:353:14)
    at Server.EventEmitter.emit (events.js:95:17)
    at App.emit (C:\Users\Micheal\Downloads\PS-Server\node_modules\sockjs\lib\sockjs.js:182:27)
    at Session.emit_open (C:\Users\Micheal\Downloads\PS-Server\node_modules\sockjs\lib\transport.js:107:23)
    at process._tickCallback (node.js:415:13)

`you` is empty in `resolveUser` - this should be impossible

TypeError: Object #<GlobalRoom> has no method 'onJoin'
    at User.joinRoom (C:\Users\Micheal\Downloads\PS-Server\users.js:813:10)
    at Object.connectUser (C:\Users\Micheal\Downloads\PS-Server\users.js:51:7)
    at Server.<anonymous> (C:\Users\Micheal\Downloads\PS-Server\app.js:353:14)
    at Server.EventEmitter.emit (events.js:95:17)
    at App.emit (C:\Users\Micheal\Downloads\PS-Server\node_modules\sockjs\lib\sockjs.js:182:27)
    at Session.emit_open (C:\Users\Micheal\Downloads\PS-Server\node_modules\sockjs\lib\transport.js:107:23)
    at process._tickCallback (node.js:415:13)

`you` is empty in `resolveUser` - this should be impossible

`you` is empty in `resolveUser` - this should be impossible

TypeError: Object #<GlobalRoom> has no method 'onJoin'
    at User.joinRoom (C:\Users\Micheal\Downloads\PS-Server\users.js:813:10)
    at Object.connectUser (C:\Users\Micheal\Downloads\PS-Server\users.js:51:7)
    at Server.<anonymous> (C:\Users\Micheal\Downloads\PS-Server\app.js:353:14)
    at Server.EventEmitter.emit (events.js:95:17)
    at App.emit (C:\Users\Micheal\Downloads\PS-Server\node_modules\sockjs\lib\sockjs.js:182:27)
    at Session.emit_open (C:\Users\Micheal\Downloads\PS-Server\node_modules\sockjs\lib\transport.js:107:23)
    at process._tickCallback (node.js:415:13)

TypeError: Object #<GlobalRoom> has no method 'onJoin'
    at User.joinRoom (C:\Users\Micheal\Downloads\PS-Server\users.js:813:10)
    at Object.connectUser (C:\Users\Micheal\Downloads\PS-Server\users.js:51:7)
    at Server.<anonymous> (C:\Users\Micheal\Downloads\PS-Server\app.js:353:14)
    at Server.EventEmitter.emit (events.js:95:17)
    at App.emit (C:\Users\Micheal\Downloads\PS-Server\node_modules\sockjs\lib\sockjs.js:182:27)
    at Session.emit_open (C:\Users\Micheal\Downloads\PS-Server\node_modules\sockjs\lib\transport.js:107:23)
    at process._tickCallback (node.js:415:13)

`you` is empty in `resolveUser` - this should be impossible

TypeError: Object #<GlobalRoom> has no method 'onJoin'
    at User.joinRoom (C:\Users\Micheal\Downloads\PS-Server\users.js:813:10)
    at Object.connectUser (C:\Users\Micheal\Downloads\PS-Server\users.js:51:7)
    at Server.<anonymous> (C:\Users\Micheal\Downloads\PS-Server\app.js:353:14)
    at Server.EventEmitter.emit (events.js:95:17)
    at App.emit (C:\Users\Micheal\Downloads\PS-Server\node_modules\sockjs\lib\sockjs.js:182:27)
    at Session.emit_open (C:\Users\Micheal\Downloads\PS-Server\node_modules\sockjs\lib\transport.js:107:23)
    at process._tickCallback (node.js:415:13)

`you` is empty in `resolveUser` - this should be impossible

TypeError: Object #<GlobalRoom> has no method 'onJoin'
    at User.joinRoom (C:\Users\Micheal\Downloads\PS-Server\users.js:813:10)
    at Object.connectUser (C:\Users\Micheal\Downloads\PS-Server\users.js:51:7)
    at Server.<anonymous> (C:\Users\Micheal\Downloads\PS-Server\app.js:353:14)
    at Server.EventEmitter.emit (events.js:95:17)
    at App.emit (C:\Users\Micheal\Downloads\PS-Server\node_modules\sockjs\lib\sockjs.js:182:27)
    at Session.emit_open (C:\Users\Micheal\Downloads\PS-Server\node_modules\sockjs\lib\transport.js:107:23)
    at process._tickCallback (node.js:415:13)

`you` is empty in `resolveUser` - this should be impossible

`you` is empty in `resolveUser` - this should be impossible

`you` is empty in `resolveUser` - this should be impossible

`you` is empty in `resolveUser` - this should be impossible

TypeError: Object #<GlobalRoom> has no method 'onJoin'
    at User.joinRoom (C:\Users\Micheal\Downloads\PS-Server\users.js:813:10)
    at Object.connectUser (C:\Users\Micheal\Downloads\PS-Server\users.js:51:7)
    at Server.<anonymous> (C:\Users\Micheal\Downloads\PS-Server\app.js:353:14)
    at Server.EventEmitter.emit (events.js:95:17)
    at App.emit (C:\Users\Micheal\Downloads\PS-Server\node_modules\sockjs\lib\sockjs.js:182:27)
    at Session.emit_open (C:\Users\Micheal\Downloads\PS-Server\node_modules\sockjs\lib\transport.js:107:23)
    at process._tickCallback (node.js:415:13)

`you` is empty in `resolveUser` - this should be impossible

`you` is empty in `resolveUser` - this should be impossible

TypeError: Object #<GlobalRoom> has no method 'onJoin'
    at User.joinRoom (C:\Users\Micheal\Downloads\PS-Server\users.js:813:10)
    at Object.connectUser (C:\Users\Micheal\Downloads\PS-Server\users.js:51:7)
    at Server.<anonymous> (C:\Users\Micheal\Downloads\PS-Server\app.js:353:14)
    at Server.EventEmitter.emit (events.js:95:17)
    at App.emit (C:\Users\Micheal\Downloads\PS-Server\node_modules\sockjs\lib\sockjs.js:182:27)
    at Session.emit_open (C:\Users\Micheal\Downloads\PS-Server\node_modules\sockjs\lib\transport.js:107:23)
    at process._tickCallback (node.js:415:13)

`you` is empty in `resolveUser` - this should be impossible

TypeError: Object #<ChatRoom> has no method 'sendIdentity'
    at parseCommandLocal (C:\Users\Micheal\Downloads\PS-Server\chat-commands.js:1280:15)
    at ChatRoom.chat (C:\Users\Micheal\Downloads\PS-Server\rooms.js:1433:23)
    at User.chat (C:\Users\Micheal\Downloads\PS-Server\users.js:954:9)
    at C:\Users\Micheal\Downloads\PS-Server\app.js:273:12
    at Array.forEach (native)
    at Object.events.chat (C:\Users\Micheal\Downloads\PS-Server\app.js:272:31)
    at SockJSConnection.<anonymous> (C:\Users\Micheal\Downloads\PS-Server\app.js:340:21)
    at SockJSConnection.EventEmitter.emit (events.js:95:17)
    at Session.didMessage (C:\Users\Micheal\Downloads\PS-Server\node_modules\sockjs\lib\transport.js:212:25)
    at WebSocketReceiver.didMessage (C:\Users\Micheal\Downloads\PS-Server\node_modules\sockjs\lib\trans-websocket.js:102:40)

TypeError: Object #<ChatRoom> has no method 'sendIdentity'
    at parseCommandLocal (C:\Users\Micheal\Downloads\PS-Server\chat-commands.js:1280:15)
    at ChatRoom.chat (C:\Users\Micheal\Downloads\PS-Server\rooms.js:1433:23)
    at User.chat (C:\Users\Micheal\Downloads\PS-Server\users.js:954:9)
    at C:\Users\Micheal\Downloads\PS-Server\app.js:273:12
    at Array.forEach (native)
    at Object.events.chat (C:\Users\Micheal\Downloads\PS-Server\app.js:272:31)
    at SockJSConnection.<anonymous> (C:\Users\Micheal\Downloads\PS-Server\app.js:340:21)
    at SockJSConnection.EventEmitter.emit (events.js:95:17)
    at Session.didMessage (C:\Users\Micheal\Downloads\PS-Server\node_modules\sockjs\lib\transport.js:212:25)
    at WebSocketReceiver.didMessage (C:\Users\Micheal\Downloads\PS-Server\node_modules\sockjs\lib\trans-websocket.js:102:40)

TypeError: Object #<ChatRoom> has no method 'sendIdentity'
    at parseCommandLocal (C:\Users\Micheal\Downloads\PS-Server\chat-commands.js:1292:15)
    at ChatRoom.chat (C:\Users\Micheal\Downloads\PS-Server\rooms.js:1433:23)
    at User.chat (C:\Users\Micheal\Downloads\PS-Server\users.js:954:9)
    at C:\Users\Micheal\Downloads\PS-Server\app.js:273:12
    at Array.forEach (native)
    at Object.events.chat (C:\Users\Micheal\Downloads\PS-Server\app.js:272:31)
    at SockJSConnection.<anonymous> (C:\Users\Micheal\Downloads\PS-Server\app.js:340:21)
    at SockJSConnection.EventEmitter.emit (events.js:95:17)
    at Session.didMessage (C:\Users\Micheal\Downloads\PS-Server\node_modules\sockjs\lib\transport.js:212:25)
    at WebSocketReceiver.didMessage (C:\Users\Micheal\Downloads\PS-Server\node_modules\sockjs\lib\trans-websocket.js:102:40)

TypeError: Object #<ChatRoom> has no method 'updateIdentity'
    at parseCommandLocal (C:\Users\Micheal\Downloads\PS-Server\chat-commands.js:1280:15)
    at ChatRoom.chat (C:\Users\Micheal\Downloads\PS-Server\rooms.js:1433:23)
    at User.chat (C:\Users\Micheal\Downloads\PS-Server\users.js:954:9)
    at C:\Users\Micheal\Downloads\PS-Server\app.js:273:12
    at Array.forEach (native)
    at Object.events.chat (C:\Users\Micheal\Downloads\PS-Server\app.js:272:31)
    at SockJSConnection.<anonymous> (C:\Users\Micheal\Downloads\PS-Server\app.js:340:21)
    at SockJSConnection.EventEmitter.emit (events.js:95:17)
    at Session.didMessage (C:\Users\Micheal\Downloads\PS-Server\node_modules\sockjs\lib\transport.js:212:25)
    at WebSocketReceiver.didMessage (C:\Users\Micheal\Downloads\PS-Server\node_modules\sockjs\lib\trans-websocket.js:102:40)

TypeError: Object #<ChatRoom> has no method 'updateIdentity'
    at parseCommandLocal (C:\Users\Micheal\Downloads\PS-Server\chat-commands.js:1292:15)
    at ChatRoom.chat (C:\Users\Micheal\Downloads\PS-Server\rooms.js:1433:23)
    at User.chat (C:\Users\Micheal\Downloads\PS-Server\users.js:954:9)
    at C:\Users\Micheal\Downloads\PS-Server\app.js:273:12
    at Array.forEach (native)
    at Object.events.chat (C:\Users\Micheal\Downloads\PS-Server\app.js:272:31)
    at SockJSConnection.<anonymous> (C:\Users\Micheal\Downloads\PS-Server\app.js:340:21)
    at SockJSConnection.EventEmitter.emit (events.js:95:17)
    at Session.didMessage (C:\Users\Micheal\Downloads\PS-Server\node_modules\sockjs\lib\transport.js:212:25)
    at WebSocketReceiver.didMessage (C:\Users\Micheal\Downloads\PS-Server\node_modules\sockjs\lib\trans-websocket.js:102:40)

TypeError: Object #<User> has no method 'updateIdenity'
    at parseCommandLocal (C:\Users\Micheal\Downloads\PS-Server\chat-commands.js:802:14)
    at ChatRoom.chat (C:\Users\Micheal\Downloads\PS-Server\rooms.js:1433:23)
    at User.chat (C:\Users\Micheal\Downloads\PS-Server\users.js:954:9)
    at C:\Users\Micheal\Downloads\PS-Server\app.js:273:12
    at Array.forEach (native)
    at Object.events.chat (C:\Users\Micheal\Downloads\PS-Server\app.js:272:31)
    at SockJSConnection.<anonymous> (C:\Users\Micheal\Downloads\PS-Server\app.js:340:21)
    at SockJSConnection.EventEmitter.emit (events.js:95:17)
    at Session.didMessage (C:\Users\Micheal\Downloads\PS-Server\node_modules\sockjs\lib\transport.js:212:25)
    at WebSocketReceiver.didMessage (C:\Users\Micheal\Downloads\PS-Server\node_modules\sockjs\lib\trans-websocket.js:102:40)

TypeError: Object #<User> has no method 'updateIdenity'
    at parseCommandLocal (C:\Users\Micheal\Downloads\PS-Server\chat-commands.js:802:14)
    at parseCommandLocal (C:\Users\Micheal\Downloads\PS-Server\chat-commands.js:2794:12)
    at ChatRoom.chat (C:\Users\Micheal\Downloads\PS-Server\rooms.js:1433:23)
    at User.chat (C:\Users\Micheal\Downloads\PS-Server\users.js:954:9)
    at C:\Users\Micheal\Downloads\PS-Server\app.js:273:12
    at Array.forEach (native)
    at Object.events.chat (C:\Users\Micheal\Downloads\PS-Server\app.js:272:31)
    at SockJSConnection.<anonymous> (C:\Users\Micheal\Downloads\PS-Server\app.js:340:21)
    at SockJSConnection.EventEmitter.emit (events.js:95:17)
    at Session.didMessage (C:\Users\Micheal\Downloads\PS-Server\node_modules\sockjs\lib\transport.js:212:25)

TypeError: Object #<User> has no method 'updateIdenity'
    at parseCommandLocal (C:\Users\Micheal\Downloads\PS-Server\chat-commands.js:802:14)
    at parseCommandLocal (C:\Users\Micheal\Downloads\PS-Server\chat-commands.js:2794:12)
    at ChatRoom.chat (C:\Users\Micheal\Downloads\PS-Server\rooms.js:1433:23)
    at User.chat (C:\Users\Micheal\Downloads\PS-Server\users.js:954:9)
    at C:\Users\Micheal\Downloads\PS-Server\app.js:273:12
    at Array.forEach (native)
    at Object.events.chat (C:\Users\Micheal\Downloads\PS-Server\app.js:272:31)
    at SockJSConnection.<anonymous> (C:\Users\Micheal\Downloads\PS-Server\app.js:340:21)
    at SockJSConnection.EventEmitter.emit (events.js:95:17)
    at Session.didMessage (C:\Users\Micheal\Downloads\PS-Server\node_modules\sockjs\lib\transport.js:212:25)

TypeError: Object #<User> has no method 'updateIdenity'
    at parseCommandLocal (C:\Users\Micheal\Downloads\PS-Server\chat-commands.js:802:14)
    at parseCommandLocal (C:\Users\Micheal\Downloads\PS-Server\chat-commands.js:2794:12)
    at ChatRoom.chat (C:\Users\Micheal\Downloads\PS-Server\rooms.js:1433:23)
    at User.chat (C:\Users\Micheal\Downloads\PS-Server\users.js:954:9)
    at C:\Users\Micheal\Downloads\PS-Server\app.js:273:12
    at Array.forEach (native)
    at Object.events.chat (C:\Users\Micheal\Downloads\PS-Server\app.js:272:31)
    at SockJSConnection.<anonymous> (C:\Users\Micheal\Downloads\PS-Server\app.js:340:21)
    at SockJSConnection.EventEmitter.emit (events.js:95:17)
    at Session.didMessage (C:\Users\Micheal\Downloads\PS-Server\node_modules\sockjs\lib\transport.js:212:25)

TypeError: Object #<User> has no method 'updateIdenity'
    at parseCommandLocal (C:\Users\Micheal\Downloads\PS-Server\chat-commands.js:802:14)
    at parseCommandLocal (C:\Users\Micheal\Downloads\PS-Server\chat-commands.js:2794:12)
    at ChatRoom.chat (C:\Users\Micheal\Downloads\PS-Server\rooms.js:1433:23)
    at User.chat (C:\Users\Micheal\Downloads\PS-Server\users.js:954:9)
    at C:\Users\Micheal\Downloads\PS-Server\app.js:273:12
    at Array.forEach (native)
    at Object.events.chat (C:\Users\Micheal\Downloads\PS-Server\app.js:272:31)
    at SockJSConnection.<anonymous> (C:\Users\Micheal\Downloads\PS-Server\app.js:340:21)
    at SockJSConnection.EventEmitter.emit (events.js:95:17)
    at Session.didMessage (C:\Users\Micheal\Downloads\PS-Server\node_modules\sockjs\lib\transport.js:212:25)

TypeError: Object #<User> has no method 'updateIdenity'
    at parseCommandLocal (C:\Users\Micheal\Downloads\PS-Server\chat-commands.js:802:14)
    at parseCommandLocal (C:\Users\Micheal\Downloads\PS-Server\chat-commands.js:2794:12)
    at ChatRoom.chat (C:\Users\Micheal\Downloads\PS-Server\rooms.js:1433:23)
    at User.chat (C:\Users\Micheal\Downloads\PS-Server\users.js:954:9)
    at C:\Users\Micheal\Downloads\PS-Server\app.js:273:12
    at Array.forEach (native)
    at Object.events.chat (C:\Users\Micheal\Downloads\PS-Server\app.js:272:31)
    at SockJSConnection.<anonymous> (C:\Users\Micheal\Downloads\PS-Server\app.js:340:21)
    at SockJSConnection.EventEmitter.emit (events.js:95:17)
    at Session.didMessage (C:\Users\Micheal\Downloads\PS-Server\node_modules\sockjs\lib\transport.js:212:25)

TypeError: Object #<User> has no method 'updateIdenity'
    at parseCommandLocal (C:\Users\Micheal\Downloads\PS-Server\chat-commands.js:802:14)
    at ChatRoom.chat (C:\Users\Micheal\Downloads\PS-Server\rooms.js:1433:23)
    at User.chat (C:\Users\Micheal\Downloads\PS-Server\users.js:954:9)
    at C:\Users\Micheal\Downloads\PS-Server\app.js:273:12
    at Array.forEach (native)
    at Object.events.chat (C:\Users\Micheal\Downloads\PS-Server\app.js:272:31)
    at SockJSConnection.<anonymous> (C:\Users\Micheal\Downloads\PS-Server\app.js:340:21)
    at SockJSConnection.EventEmitter.emit (events.js:95:17)
    at Session.didMessage (C:\Users\Micheal\Downloads\PS-Server\node_modules\sockjs\lib\transport.js:212:25)
    at WebSocketReceiver.didMessage (C:\Users\Micheal\Downloads\PS-Server\node_modules\sockjs\lib\trans-websocket.js:102:40)

TypeError: Object #<User> has no method 'updateIdenity'
    at parseCommandLocal (C:\Users\Micheal\Downloads\PS-Server\chat-commands.js:802:14)
    at parseCommandLocal (C:\Users\Micheal\Downloads\PS-Server\chat-commands.js:2794:12)
    at ChatRoom.chat (C:\Users\Micheal\Downloads\PS-Server\rooms.js:1433:23)
    at User.chat (C:\Users\Micheal\Downloads\PS-Server\users.js:954:9)
    at C:\Users\Micheal\Downloads\PS-Server\app.js:273:12
    at Array.forEach (native)
    at Object.events.chat (C:\Users\Micheal\Downloads\PS-Server\app.js:272:31)
    at SockJSConnection.<anonymous> (C:\Users\Micheal\Downloads\PS-Server\app.js:340:21)
    at SockJSConnection.EventEmitter.emit (events.js:95:17)
    at Session.didMessage (C:\Users\Micheal\Downloads\PS-Server\node_modules\sockjs\lib\transport.js:212:25)

TypeError: Object #<User> has no method 'updateIdenity'
    at parseCommandLocal (C:\Users\Micheal\Downloads\PS-Server\chat-commands.js:802:14)
    at parseCommandLocal (C:\Users\Micheal\Downloads\PS-Server\chat-commands.js:826:10)
    at ChatRoom.chat (C:\Users\Micheal\Downloads\PS-Server\rooms.js:1433:23)
    at User.chat (C:\Users\Micheal\Downloads\PS-Server\users.js:954:9)
    at C:\Users\Micheal\Downloads\PS-Server\app.js:273:12
    at Array.forEach (native)
    at Object.events.chat (C:\Users\Micheal\Downloads\PS-Server\app.js:272:31)
    at SockJSConnection.<anonymous> (C:\Users\Micheal\Downloads\PS-Server\app.js:340:21)
    at SockJSConnection.EventEmitter.emit (events.js:95:17)
    at Session.didMessage (C:\Users\Micheal\Downloads\PS-Server\node_modules\sockjs\lib\transport.js:212:25)

TypeError: Object #<User> has no method 'updateIdenity'
    at parseCommandLocal (C:\Users\Micheal\Downloads\PS-Server\chat-commands.js:802:14)
    at ChatRoom.chat (C:\Users\Micheal\Downloads\PS-Server\rooms.js:1433:23)
    at User.chat (C:\Users\Micheal\Downloads\PS-Server\users.js:954:9)
    at C:\Users\Micheal\Downloads\PS-Server\app.js:273:12
    at Array.forEach (native)
    at Object.events.chat (C:\Users\Micheal\Downloads\PS-Server\app.js:272:31)
    at SockJSConnection.<anonymous> (C:\Users\Micheal\Downloads\PS-Server\app.js:340:21)
    at SockJSConnection.EventEmitter.emit (events.js:95:17)
    at Session.didMessage (C:\Users\Micheal\Downloads\PS-Server\node_modules\sockjs\lib\transport.js:212:25)
    at WebSocketReceiver.didMessage (C:\Users\Micheal\Downloads\PS-Server\node_modules\sockjs\lib\trans-websocket.js:102:40)

ReferenceError: splittyDiddles is not defined
    at parseCommandLocal (C:\Users\Micheal\Downloads\PS-Server\chat-commands.js:141:17)
    at ChatRoom.chat (C:\Users\Micheal\Downloads\PS-Server\rooms.js:1433:23)
    at User.chat (C:\Users\Micheal\Downloads\PS-Server\users.js:954:9)
    at C:\Users\Micheal\Downloads\PS-Server\app.js:273:12
    at Array.forEach (native)
    at Object.events.chat (C:\Users\Micheal\Downloads\PS-Server\app.js:272:31)
    at SockJSConnection.<anonymous> (C:\Users\Micheal\Downloads\PS-Server\app.js:340:21)
    at SockJSConnection.EventEmitter.emit (events.js:95:17)
    at Session.didMessage (C:\Users\Micheal\Downloads\PS-Server\node_modules\sockjs\lib\transport.js:212:25)
    at WebSocketReceiver.didMessage (C:\Users\Micheal\Downloads\PS-Server\node_modules\sockjs\lib\trans-websocket.js:102:40)

TypeError: Object #<User> has no method 'updateIdenity'
    at parseCommandLocal (C:\Users\Micheal\Downloads\PS-Server\chat-commands.js:1232:14)
    at parseCommandLocal (C:\Users\Micheal\Downloads\PS-Server\chat-commands.js:3224:12)
    at ChatRoom.chat (C:\Users\Micheal\Downloads\PS-Server\rooms.js:1433:23)
    at User.chat (C:\Users\Micheal\Downloads\PS-Server\users.js:954:9)
    at C:\Users\Micheal\Downloads\PS-Server\app.js:273:12
    at Array.forEach (native)
    at Object.events.chat (C:\Users\Micheal\Downloads\PS-Server\app.js:272:31)
    at SockJSConnection.<anonymous> (C:\Users\Micheal\Downloads\PS-Server\app.js:340:21)
    at SockJSConnection.EventEmitter.emit (events.js:95:17)
    at Session.didMessage (C:\Users\Micheal\Downloads\PS-Server\node_modules\sockjs\lib\transport.js:212:25)

ReferenceError: Room is not defined
    at parseCommandLocal (C:\Users\Micheal\Downloads\PS-Server\chat-commands.js:248:5)
    at ChatRoom.chat (C:\Users\Micheal\Downloads\PS-Server\rooms.js:1451:23)
    at User.chat (C:\Users\Micheal\Downloads\PS-Server\users.js:959:9)
    at C:\Users\Micheal\Downloads\PS-Server\app.js:273:12
    at Array.forEach (native)
    at Object.events.chat (C:\Users\Micheal\Downloads\PS-Server\app.js:272:31)
    at SockJSConnection.<anonymous> (C:\Users\Micheal\Downloads\PS-Server\app.js:340:21)
    at SockJSConnection.EventEmitter.emit (events.js:95:17)
    at Session.didMessage (C:\Users\Micheal\Downloads\PS-Server\node_modules\sockjs\lib\transport.js:212:25)
    at WebSocketReceiver.didMessage (C:\Users\Micheal\Downloads\PS-Server\node_modules\sockjs\lib\trans-websocket.js:102:40)

ReferenceError: Room is not defined
    at parseCommandLocal (C:\Users\Micheal\Downloads\PS-Server\chat-commands.js:248:5)
    at ChatRoom.chat (C:\Users\Micheal\Downloads\PS-Server\rooms.js:1451:23)
    at User.chat (C:\Users\Micheal\Downloads\PS-Server\users.js:959:9)
    at C:\Users\Micheal\Downloads\PS-Server\app.js:273:12
    at Array.forEach (native)
    at Object.events.chat (C:\Users\Micheal\Downloads\PS-Server\app.js:272:31)
    at SockJSConnection.<anonymous> (C:\Users\Micheal\Downloads\PS-Server\app.js:340:21)
    at SockJSConnection.EventEmitter.emit (events.js:95:17)
    at Session.didMessage (C:\Users\Micheal\Downloads\PS-Server\node_modules\sockjs\lib\transport.js:212:25)
    at WebSocketReceiver.didMessage (C:\Users\Micheal\Downloads\PS-Server\node_modules\sockjs\lib\trans-websocket.js:102:40)

ReferenceError: Room is not defined
    at parseCommandLocal (C:\Users\Micheal\Downloads\PS-Server\chat-commands.js:248:5)
    at ChatRoom.chat (C:\Users\Micheal\Downloads\PS-Server\rooms.js:1451:23)
    at User.chat (C:\Users\Micheal\Downloads\PS-Server\users.js:959:9)
    at C:\Users\Micheal\Downloads\PS-Server\app.js:273:12
    at Array.forEach (native)
    at Object.events.chat (C:\Users\Micheal\Downloads\PS-Server\app.js:272:31)
    at SockJSConnection.<anonymous> (C:\Users\Micheal\Downloads\PS-Server\app.js:340:21)
    at SockJSConnection.EventEmitter.emit (events.js:95:17)
    at Session.didMessage (C:\Users\Micheal\Downloads\PS-Server\node_modules\sockjs\lib\transport.js:212:25)
    at WebSocketReceiver.didMessage (C:\Users\Micheal\Downloads\PS-Server\node_modules\sockjs\lib\trans-websocket.js:102:40)

ReferenceError: Room is not defined
    at parseCommandLocal (C:\Users\Micheal\Downloads\PS-Server\chat-commands.js:248:5)
    at ChatRoom.chat (C:\Users\Micheal\Downloads\PS-Server\rooms.js:1451:23)
    at User.chat (C:\Users\Micheal\Downloads\PS-Server\users.js:959:9)
    at C:\Users\Micheal\Downloads\PS-Server\app.js:273:12
    at Array.forEach (native)
    at Object.events.chat (C:\Users\Micheal\Downloads\PS-Server\app.js:272:31)
    at SockJSConnection.<anonymous> (C:\Users\Micheal\Downloads\PS-Server\app.js:340:21)
    at SockJSConnection.EventEmitter.emit (events.js:95:17)
    at Session.didMessage (C:\Users\Micheal\Downloads\PS-Server\node_modules\sockjs\lib\transport.js:212:25)
    at WebSocketReceiver.didMessage (C:\Users\Micheal\Downloads\PS-Server\node_modules\sockjs\lib\trans-websocket.js:102:40)

ReferenceError: Room is not defined
    at parseCommandLocal (C:\Users\Micheal\Downloads\PS-Server\chat-commands.js:248:5)
    at ChatRoom.chat (C:\Users\Micheal\Downloads\PS-Server\rooms.js:1451:23)
    at User.chat (C:\Users\Micheal\Downloads\PS-Server\users.js:959:9)
    at C:\Users\Micheal\Downloads\PS-Server\app.js:273:12
    at Array.forEach (native)
    at Object.events.chat (C:\Users\Micheal\Downloads\PS-Server\app.js:272:31)
    at SockJSConnection.<anonymous> (C:\Users\Micheal\Downloads\PS-Server\app.js:340:21)
    at SockJSConnection.EventEmitter.emit (events.js:95:17)
    at Session.didMessage (C:\Users\Micheal\Downloads\PS-Server\node_modules\sockjs\lib\transport.js:212:25)
    at WebSocketReceiver.didMessage (C:\Users\Micheal\Downloads\PS-Server\node_modules\sockjs\lib\trans-websocket.js:102:40)

SyntaxError: Unexpected token )
    at Module._compile (module.js:439:25)
    at Object.Module._extensions..js (module.js:474:10)
    at Module.load (module.js:356:32)
    at Function.Module._load (module.js:312:12)
    at Module.require (module.js:364:17)
    at require (module.js:380:17)
    at parseCommandLocal (C:\Users\Micheal\Downloads\PS-Server\chat-commands.js:1357:19)
    at ChatRoom.chat (C:\Users\Micheal\Downloads\PS-Server\rooms.js:1451:23)
    at User.chat (C:\Users\Micheal\Downloads\PS-Server\users.js:959:9)
    at C:\Users\Micheal\Downloads\PS-Server\app.js:273:12
    at Array.forEach (native)

TypeError: Object #<Object> has no method 'getConnectionFromSocket'
    at parseCommandLocal (C:\Users\Micheal\Downloads\PS-Server\chat-commands.js:1546:25)
    at ChatRoom.chat (C:\Users\Micheal\Downloads\PS-Server\rooms.js:1451:23)
    at User.chat (C:\Users\Micheal\Downloads\PS-Server\users.js:959:9)
    at C:\Users\Micheal\Downloads\PS-Server\app.js:273:12
    at Array.forEach (native)
    at Object.events.chat (C:\Users\Micheal\Downloads\PS-Server\app.js:272:31)
    at SockJSConnection.<anonymous> (C:\Users\Micheal\Downloads\PS-Server\app.js:340:21)
    at SockJSConnection.EventEmitter.emit (events.js:95:17)
    at Session.didMessage (C:\Users\Micheal\Downloads\PS-Server\node_modules\sockjs\lib\transport.js:212:25)
    at WebSocketReceiver.didMessage (C:\Users\Micheal\Downloads\PS-Server\node_modules\sockjs\lib\trans-websocket.js:102:40)

SyntaxError: Unexpected token :
    at Module._compile (module.js:439:25)
    at Object.Module._extensions..js (module.js:474:10)
    at Module.load (module.js:356:32)
    at Function.Module._load (module.js:312:12)
    at Module.require (module.js:364:17)
    at require (module.js:380:17)
    at parseCommandLocal (C:\Users\Micheal\Downloads\PS-Server\chat-commands.js:1357:19)
    at ChatRoom.chat (C:\Users\Micheal\Downloads\PS-Server\rooms.js:1451:23)
    at User.chat (C:\Users\Micheal\Downloads\PS-Server\users.js:959:9)
    at C:\Users\Micheal\Downloads\PS-Server\app.js:273:12
    at Array.forEach (native)

SyntaxError: Unexpected token :
    at Module._compile (module.js:439:25)
    at Object.Module._extensions..js (module.js:474:10)
    at Module.load (module.js:356:32)
    at Function.Module._load (module.js:312:12)
    at Module.require (module.js:364:17)
    at require (module.js:380:17)
    at parseCommandLocal (C:\Users\Micheal\Downloads\PS-Server\chat-commands.js:1357:19)
    at ChatRoom.chat (C:\Users\Micheal\Downloads\PS-Server\rooms.js:1451:23)
    at User.chat (C:\Users\Micheal\Downloads\PS-Server\users.js:959:9)
    at C:\Users\Micheal\Downloads\PS-Server\app.js:273:12
    at Array.forEach (native)

SyntaxError: Unexpected token :
    at Module._compile (module.js:439:25)
    at Object.Module._extensions..js (module.js:474:10)
    at Module.load (module.js:356:32)
    at Function.Module._load (module.js:312:12)
    at Module.require (module.js:364:17)
    at require (module.js:380:17)
    at parseCommandLocal (C:\Users\Micheal\Downloads\PS-Server\chat-commands.js:1357:19)
    at ChatRoom.chat (C:\Users\Micheal\Downloads\PS-Server\rooms.js:1451:23)
    at User.chat (C:\Users\Micheal\Downloads\PS-Server\users.js:959:9)
    at C:\Users\Micheal\Downloads\PS-Server\app.js:273:12
    at Array.forEach (native)

SyntaxError: Unexpected token :
    at Module._compile (module.js:439:25)
    at Object.Module._extensions..js (module.js:474:10)
    at Module.load (module.js:356:32)
    at Function.Module._load (module.js:312:12)
    at Module.require (module.js:364:17)
    at require (module.js:380:17)
    at parseCommandLocal (C:\Users\Micheal\Downloads\PS-Server\chat-commands.js:1357:19)
    at ChatRoom.chat (C:\Users\Micheal\Downloads\PS-Server\rooms.js:1451:23)
    at User.chat (C:\Users\Micheal\Downloads\PS-Server\users.js:959:9)
    at C:\Users\Micheal\Downloads\PS-Server\app.js:273:12
    at Array.forEach (native)

SyntaxError: Unexpected token :
    at Module._compile (module.js:439:25)
    at Object.Module._extensions..js (module.js:474:10)
    at Module.load (module.js:356:32)
    at Function.Module._load (module.js:312:12)
    at Module.require (module.js:364:17)
    at require (module.js:380:17)
    at parseCommandLocal (C:\Users\Micheal\Downloads\PS-Server\chat-commands.js:1357:19)
    at ChatRoom.chat (C:\Users\Micheal\Downloads\PS-Server\rooms.js:1451:23)
    at User.chat (C:\Users\Micheal\Downloads\PS-Server\users.js:959:9)
    at C:\Users\Micheal\Downloads\PS-Server\app.js:273:12
    at Array.forEach (native)

ReferenceError: imgs is not defined
    at parseCommandLocal (C:\Users\Micheal\Downloads\PS-Server\chat-commands.js:1860:30)
    at ChatRoom.chat (C:\Users\Micheal\Downloads\PS-Server\rooms.js:1451:23)
    at User.chat (C:\Users\Micheal\Downloads\PS-Server\users.js:959:9)
    at C:\Users\Micheal\Downloads\PS-Server\app.js:273:12
    at Array.forEach (native)
    at Object.events.chat (C:\Users\Micheal\Downloads\PS-Server\app.js:272:31)
    at SockJSConnection.<anonymous> (C:\Users\Micheal\Downloads\PS-Server\app.js:340:21)
    at SockJSConnection.EventEmitter.emit (events.js:95:17)
    at Session.didMessage (C:\Users\Micheal\Downloads\PS-Server\node_modules\sockjs\lib\transport.js:212:25)
    at WebSocketReceiver.didMessage (C:\Users\Micheal\Downloads\PS-Server\node_modules\sockjs\lib\trans-websocket.js:102:40)

ReferenceError: imgs is not defined
    at parseCommandLocal (C:\Users\Micheal\Downloads\PS-Server\chat-commands.js:1860:30)
    at ChatRoom.chat (C:\Users\Micheal\Downloads\PS-Server\rooms.js:1451:23)
    at User.chat (C:\Users\Micheal\Downloads\PS-Server\users.js:959:9)
    at C:\Users\Micheal\Downloads\PS-Server\app.js:273:12
    at Array.forEach (native)
    at Object.events.chat (C:\Users\Micheal\Downloads\PS-Server\app.js:272:31)
    at SockJSConnection.<anonymous> (C:\Users\Micheal\Downloads\PS-Server\app.js:340:21)
    at SockJSConnection.EventEmitter.emit (events.js:95:17)
    at Session.didMessage (C:\Users\Micheal\Downloads\PS-Server\node_modules\sockjs\lib\transport.js:212:25)
    at WebSocketReceiver.didMessage (C:\Users\Micheal\Downloads\PS-Server\node_modules\sockjs\lib\trans-websocket.js:102:40)

ReferenceError: imgs is not defined
    at parseCommandLocal (C:\Users\Micheal\Downloads\PS-Server\chat-commands.js:1860:30)
    at ChatRoom.chat (C:\Users\Micheal\Downloads\PS-Server\rooms.js:1451:23)
    at User.chat (C:\Users\Micheal\Downloads\PS-Server\users.js:959:9)
    at C:\Users\Micheal\Downloads\PS-Server\app.js:273:12
    at Array.forEach (native)
    at Object.events.chat (C:\Users\Micheal\Downloads\PS-Server\app.js:272:31)
    at SockJSConnection.<anonymous> (C:\Users\Micheal\Downloads\PS-Server\app.js:340:21)
    at SockJSConnection.EventEmitter.emit (events.js:95:17)
    at Session.didMessage (C:\Users\Micheal\Downloads\PS-Server\node_modules\sockjs\lib\transport.js:212:25)
    at WebSocketReceiver.didMessage (C:\Users\Micheal\Downloads\PS-Server\node_modules\sockjs\lib\trans-websocket.js:102:40)

ReferenceError: imgs is not defined
    at parseCommandLocal (C:\Users\Micheal\Downloads\PS-Server\chat-commands.js:1860:30)
    at ChatRoom.chat (C:\Users\Micheal\Downloads\PS-Server\rooms.js:1451:23)
    at User.chat (C:\Users\Micheal\Downloads\PS-Server\users.js:959:9)
    at C:\Users\Micheal\Downloads\PS-Server\app.js:273:12
    at Array.forEach (native)
    at Object.events.chat (C:\Users\Micheal\Downloads\PS-Server\app.js:272:31)
    at SockJSConnection.<anonymous> (C:\Users\Micheal\Downloads\PS-Server\app.js:340:21)
    at SockJSConnection.EventEmitter.emit (events.js:95:17)
    at Session.didMessage (C:\Users\Micheal\Downloads\PS-Server\node_modules\sockjs\lib\transport.js:212:25)
    at WebSocketReceiver.didMessage (C:\Users\Micheal\Downloads\PS-Server\node_modules\sockjs\lib\trans-websocket.js:102:40)

ReferenceError: imgs is not defined
    at parseCommandLocal (C:\Users\Micheal\Downloads\PS-Server\chat-commands.js:1860:30)
    at ChatRoom.chat (C:\Users\Micheal\Downloads\PS-Server\rooms.js:1451:23)
    at User.chat (C:\Users\Micheal\Downloads\PS-Server\users.js:959:9)
    at C:\Users\Micheal\Downloads\PS-Server\app.js:273:12
    at Array.forEach (native)
    at Object.events.chat (C:\Users\Micheal\Downloads\PS-Server\app.js:272:31)
    at SockJSConnection.<anonymous> (C:\Users\Micheal\Downloads\PS-Server\app.js:340:21)
    at SockJSConnection.EventEmitter.emit (events.js:95:17)
    at Session.didMessage (C:\Users\Micheal\Downloads\PS-Server\node_modules\sockjs\lib\transport.js:212:25)
    at WebSocketReceiver.didMessage (C:\Users\Micheal\Downloads\PS-Server\node_modules\sockjs\lib\trans-websocket.js:102:40)

ReferenceError: imgs is not defined
    at parseCommandLocal (C:\Users\Micheal\Downloads\PS-Server\chat-commands.js:1860:30)
    at ChatRoom.chat (C:\Users\Micheal\Downloads\PS-Server\rooms.js:1451:23)
    at User.chat (C:\Users\Micheal\Downloads\PS-Server\users.js:959:9)
    at C:\Users\Micheal\Downloads\PS-Server\app.js:273:12
    at Array.forEach (native)
    at Object.events.chat (C:\Users\Micheal\Downloads\PS-Server\app.js:272:31)
    at SockJSConnection.<anonymous> (C:\Users\Micheal\Downloads\PS-Server\app.js:340:21)
    at SockJSConnection.EventEmitter.emit (events.js:95:17)
    at Session.didMessage (C:\Users\Micheal\Downloads\PS-Server\node_modules\sockjs\lib\transport.js:212:25)
    at WebSocketReceiver.didMessage (C:\Users\Micheal\Downloads\PS-Server\node_modules\sockjs\lib\trans-websocket.js:102:40)

ReferenceError: imgs is not defined
    at parseCommandLocal (C:\Users\Micheal\Downloads\PS-Server\chat-commands.js:1860:30)
    at ChatRoom.chat (C:\Users\Micheal\Downloads\PS-Server\rooms.js:1451:23)
    at User.chat (C:\Users\Micheal\Downloads\PS-Server\users.js:959:9)
    at C:\Users\Micheal\Downloads\PS-Server\app.js:273:12
    at Array.forEach (native)
    at Object.events.chat (C:\Users\Micheal\Downloads\PS-Server\app.js:272:31)
    at SockJSConnection.<anonymous> (C:\Users\Micheal\Downloads\PS-Server\app.js:340:21)
    at SockJSConnection.EventEmitter.emit (events.js:95:17)
    at Session.didMessage (C:\Users\Micheal\Downloads\PS-Server\node_modules\sockjs\lib\transport.js:212:25)
    at WebSocketReceiver.didMessage (C:\Users\Micheal\Downloads\PS-Server\node_modules\sockjs\lib\trans-websocket.js:102:40)

ReferenceError: imgs is not defined
    at parseCommandLocal (C:\Users\Micheal\Downloads\PS-Server\chat-commands.js:1756:31)
    at ChatRoom.chat (C:\Users\Micheal\Downloads\PS-Server\rooms.js:1451:23)
    at User.chat (C:\Users\Micheal\Downloads\PS-Server\users.js:959:9)
    at C:\Users\Micheal\Downloads\PS-Server\app.js:273:12
    at Array.forEach (native)
    at Object.events.chat (C:\Users\Micheal\Downloads\PS-Server\app.js:272:31)
    at SockJSConnection.<anonymous> (C:\Users\Micheal\Downloads\PS-Server\app.js:340:21)
    at SockJSConnection.EventEmitter.emit (events.js:95:17)
    at Session.didMessage (C:\Users\Micheal\Downloads\PS-Server\node_modules\sockjs\lib\transport.js:212:25)
    at WebSocketReceiver.didMessage (C:\Users\Micheal\Downloads\PS-Server\node_modules\sockjs\lib\trans-websocket.js:102:40)

ReferenceError: imgs is not defined
    at parseCommandLocal (C:\Users\Micheal\Downloads\PS-Server\chat-commands.js:1764:31)
    at ChatRoom.chat (C:\Users\Micheal\Downloads\PS-Server\rooms.js:1451:23)
    at User.chat (C:\Users\Micheal\Downloads\PS-Server\users.js:959:9)
    at C:\Users\Micheal\Downloads\PS-Server\app.js:273:12
    at Array.forEach (native)
    at Object.events.chat (C:\Users\Micheal\Downloads\PS-Server\app.js:272:31)
    at SockJSConnection.<anonymous> (C:\Users\Micheal\Downloads\PS-Server\app.js:340:21)
    at SockJSConnection.EventEmitter.emit (events.js:95:17)
    at Session.didMessage (C:\Users\Micheal\Downloads\PS-Server\node_modules\sockjs\lib\transport.js:212:25)
    at WebSocketReceiver.didMessage (C:\Users\Micheal\Downloads\PS-Server\node_modules\sockjs\lib\trans-websocket.js:102:40)

ReferenceError: imgs is not defined
    at parseCommandLocal (C:\Users\Micheal\Downloads\PS-Server\chat-commands.js:1764:31)
    at ChatRoom.chat (C:\Users\Micheal\Downloads\PS-Server\rooms.js:1451:23)
    at User.chat (C:\Users\Micheal\Downloads\PS-Server\users.js:959:9)
    at C:\Users\Micheal\Downloads\PS-Server\app.js:273:12
    at Array.forEach (native)
    at Object.events.chat (C:\Users\Micheal\Downloads\PS-Server\app.js:272:31)
    at SockJSConnection.<anonymous> (C:\Users\Micheal\Downloads\PS-Server\app.js:340:21)
    at SockJSConnection.EventEmitter.emit (events.js:95:17)
    at Session.didMessage (C:\Users\Micheal\Downloads\PS-Server\node_modules\sockjs\lib\transport.js:212:25)
    at WebSocketReceiver.didMessage (C:\Users\Micheal\Downloads\PS-Server\node_modules\sockjs\lib\trans-websocket.js:102:40)

ReferenceError: imgs is not defined
    at parseCommandLocal (C:\Users\Micheal\Downloads\PS-Server\chat-commands.js:1879:26)
    at ChatRoom.chat (C:\Users\Micheal\Downloads\PS-Server\rooms.js:1451:23)
    at User.chat (C:\Users\Micheal\Downloads\PS-Server\users.js:959:9)
    at C:\Users\Micheal\Downloads\PS-Server\app.js:273:12
    at Array.forEach (native)
    at Object.events.chat (C:\Users\Micheal\Downloads\PS-Server\app.js:272:31)
    at SockJSConnection.<anonymous> (C:\Users\Micheal\Downloads\PS-Server\app.js:340:21)
    at SockJSConnection.EventEmitter.emit (events.js:95:17)
    at Session.didMessage (C:\Users\Micheal\Downloads\PS-Server\node_modules\sockjs\lib\transport.js:212:25)
    at WebSocketReceiver.didMessage (C:\Users\Micheal\Downloads\PS-Server\node_modules\sockjs\lib\trans-websocket.js:102:40)

SyntaxError: Unexpected token :
    at Module._compile (module.js:439:25)
    at Object.Module._extensions..js (module.js:474:10)
    at Module.load (module.js:356:32)
    at Function.Module._load (module.js:312:12)
    at Module.require (module.js:364:17)
    at require (module.js:380:17)
    at parseCommandLocal (C:\Users\Micheal\Downloads\PS-Server\chat-commands.js:1357:19)
    at ChatRoom.chat (C:\Users\Micheal\Downloads\PS-Server\rooms.js:1451:23)
    at User.chat (C:\Users\Micheal\Downloads\PS-Server\users.js:959:9)
    at C:\Users\Micheal\Downloads\PS-Server\app.js:273:12
    at Array.forEach (native)

SyntaxError: Unexpected token :
    at Module._compile (module.js:439:25)
    at Object.Module._extensions..js (module.js:474:10)
    at Module.load (module.js:356:32)
    at Function.Module._load (module.js:312:12)
    at Module.require (module.js:364:17)
    at require (module.js:380:17)
    at parseCommandLocal (C:\Users\Micheal\Downloads\PS-Server\chat-commands.js:1357:19)
    at ChatRoom.chat (C:\Users\Micheal\Downloads\PS-Server\rooms.js:1451:23)
    at User.chat (C:\Users\Micheal\Downloads\PS-Server\users.js:959:9)
    at C:\Users\Micheal\Downloads\PS-Server\app.js:273:12
    at Array.forEach (native)

SyntaxError: Unexpected token :
    at Module._compile (module.js:439:25)
    at Object.Module._extensions..js (module.js:474:10)
    at Module.load (module.js:356:32)
    at Function.Module._load (module.js:312:12)
    at Module.require (module.js:364:17)
    at require (module.js:380:17)
    at parseCommandLocal (C:\Users\Micheal\Downloads\PS-Server\chat-commands.js:1357:19)
    at ChatRoom.chat (C:\Users\Micheal\Downloads\PS-Server\rooms.js:1451:23)
    at User.chat (C:\Users\Micheal\Downloads\PS-Server\users.js:959:9)
    at C:\Users\Micheal\Downloads\PS-Server\app.js:273:12
    at Array.forEach (native)

Error: listen EADDRINUSE
    at errnoException (net.js:878:11)
    at Server._listen2 (net.js:1016:14)
    at listen (net.js:1038:10)
    at Server.listen (net.js:1104:5)
    at Object.<anonymous> (C:\Users\Micheal\Downloads\PS-Server\app.js:356:5)
    at Module._compile (module.js:456:26)
    at Object.Module._extensions..js (module.js:474:10)
    at Module.load (module.js:356:32)
    at Function.Module._load (module.js:312:12)
    at Function.Module.runMain (module.js:497:10)

ReferenceError: Room is not defined
    at parseCommandLocal (C:\Users\Micheal\Downloads\PS-Server\chat-commands.js:248:5)
    at ChatRoom.chat (C:\Users\Micheal\Downloads\PS-Server\rooms.js:1451:23)
    at User.chat (C:\Users\Micheal\Downloads\PS-Server\users.js:959:9)
    at C:\Users\Micheal\Downloads\PS-Server\app.js:273:12
    at Array.forEach (native)
    at Object.events.chat (C:\Users\Micheal\Downloads\PS-Server\app.js:272:31)
    at SockJSConnection.<anonymous> (C:\Users\Micheal\Downloads\PS-Server\app.js:340:21)
    at SockJSConnection.EventEmitter.emit (events.js:95:17)
    at Session.didMessage (C:\Users\Micheal\Downloads\PS-Server\node_modules\sockjs\lib\transport.js:212:25)
    at WebSocketReceiver.didMessage (C:\Users\Micheal\Downloads\PS-Server\node_modules\sockjs\lib\trans-websocket.js:102:40)

Error: listen EADDRINUSE
    at errnoException (net.js:878:11)
    at Server._listen2 (net.js:1016:14)
    at listen (net.js:1038:10)
    at Server.listen (net.js:1104:5)
    at Object.<anonymous> (C:\Users\Micheal\Downloads\PS-Server\app.js:356:5)
    at Module._compile (module.js:456:26)
    at Object.Module._extensions..js (module.js:474:10)
    at Module.load (module.js:356:32)
    at Function.Module._load (module.js:312:12)
    at Function.Module.runMain (module.js:497:10)

Error: listen EADDRINUSE
    at errnoException (net.js:878:11)
    at Server._listen2 (net.js:1016:14)
    at listen (net.js:1038:10)
    at Server.listen (net.js:1104:5)
    at Object.<anonymous> (C:\Users\Micheal\Downloads\PS-Server\app.js:356:5)
    at Module._compile (module.js:456:26)
    at Object.Module._extensions..js (module.js:474:10)
    at Module.load (module.js:356:32)
    at Function.Module._load (module.js:312:12)
    at Function.Module.runMain (module.js:497:10)

Error: listen EADDRINUSE
    at errnoException (net.js:878:11)
    at Server._listen2 (net.js:1016:14)
    at listen (net.js:1038:10)
    at Server.listen (net.js:1104:5)
    at Object.<anonymous> (C:\Users\Micheal\Downloads\PS-Server\app.js:356:5)
    at Module._compile (module.js:456:26)
    at Object.Module._extensions..js (module.js:474:10)
    at Module.load (module.js:356:32)
    at Function.Module._load (module.js:312:12)
    at Function.Module.runMain (module.js:497:10)

Error: listen EADDRINUSE
    at errnoException (net.js:878:11)
    at Server._listen2 (net.js:1016:14)
    at listen (net.js:1038:10)
    at Server.listen (net.js:1104:5)
    at Object.<anonymous> (C:\Users\Micheal\Downloads\PS-Server\app.js:356:5)
    at Module._compile (module.js:456:26)
    at Object.Module._extensions..js (module.js:474:10)
    at Module.load (module.js:356:32)
    at Function.Module._load (module.js:312:12)
    at Function.Module.runMain (module.js:497:10)

TypeError: Cannot call method 'validateTeam' of undefined
    at Tools.module.exports.Tools.validateTeam (C:\Users\Micheal\Downloads\PS-Server\tools.js:679:28)
    at parseCommandLocal (C:\Users\Micheal\Downloads\PS-Server\chat-commands.js:2582:24)
    at ChatRoom.chat (C:\Users\Micheal\Downloads\PS-Server\rooms.js:1451:23)
    at User.processChatQueue (C:\Users\Micheal\Downloads\PS-Server\users.js:974:13)
    at Timer.listOnTimeout [as ontimeout] (timers.js:110:15)

TypeError: Cannot call method 'validateTeam' of undefined
    at Tools.module.exports.Tools.validateTeam (C:\Users\Micheal\Downloads\PS-Server\tools.js:679:28)
    at parseCommandLocal (C:\Users\Micheal\Downloads\PS-Server\chat-commands.js:2582:24)
    at ChatRoom.chat (C:\Users\Micheal\Downloads\PS-Server\rooms.js:1451:23)
    at User.processChatQueue (C:\Users\Micheal\Downloads\PS-Server\users.js:974:13)
    at Timer.listOnTimeout [as ontimeout] (timers.js:110:15)

ReferenceError: imgs is not defined
    at parseCommandLocal (C:\Users\Micheal\Downloads\PS-Server\chat-commands.js:1756:31)
    at ChatRoom.chat (C:\Users\Micheal\Downloads\PS-Server\rooms.js:1451:23)
    at User.chat (C:\Users\Micheal\Downloads\PS-Server\users.js:959:9)
    at C:\Users\Micheal\Downloads\PS-Server\app.js:273:12
    at Array.forEach (native)
    at Object.events.chat (C:\Users\Micheal\Downloads\PS-Server\app.js:272:31)
    at SockJSConnection.<anonymous> (C:\Users\Micheal\Downloads\PS-Server\app.js:340:21)
    at SockJSConnection.EventEmitter.emit (events.js:95:17)
    at Session.didMessage (C:\Users\Micheal\Downloads\PS-Server\node_modules\sockjs\lib\transport.js:212:25)
    at WebSocketReceiver.didMessage (C:\Users\Micheal\Downloads\PS-Server\node_modules\sockjs\lib\trans-websocket.js:102:40)

ReferenceError: imgs is not defined
    at parseCommandLocal (C:\Users\Micheal\Downloads\PS-Server\chat-commands.js:1756:31)
    at ChatRoom.chat (C:\Users\Micheal\Downloads\PS-Server\rooms.js:1451:23)
    at User.chat (C:\Users\Micheal\Downloads\PS-Server\users.js:959:9)
    at C:\Users\Micheal\Downloads\PS-Server\app.js:273:12
    at Array.forEach (native)
    at Object.events.chat (C:\Users\Micheal\Downloads\PS-Server\app.js:272:31)
    at SockJSConnection.<anonymous> (C:\Users\Micheal\Downloads\PS-Server\app.js:340:21)
    at SockJSConnection.EventEmitter.emit (events.js:95:17)
    at Session.didMessage (C:\Users\Micheal\Downloads\PS-Server\node_modules\sockjs\lib\transport.js:212:25)
    at WebSocketReceiver.didMessage (C:\Users\Micheal\Downloads\PS-Server\node_modules\sockjs\lib\trans-websocket.js:102:40)

ReferenceError: imgs is not defined
    at parseCommandLocal (C:\Users\Micheal\Downloads\PS-Server\chat-commands.js:1756:31)
    at ChatRoom.chat (C:\Users\Micheal\Downloads\PS-Server\rooms.js:1451:23)
    at User.chat (C:\Users\Micheal\Downloads\PS-Server\users.js:959:9)
    at C:\Users\Micheal\Downloads\PS-Server\app.js:273:12
    at Array.forEach (native)
    at Object.events.chat (C:\Users\Micheal\Downloads\PS-Server\app.js:272:31)
    at SockJSConnection.<anonymous> (C:\Users\Micheal\Downloads\PS-Server\app.js:340:21)
    at SockJSConnection.EventEmitter.emit (events.js:95:17)
    at Session.didMessage (C:\Users\Micheal\Downloads\PS-Server\node_modules\sockjs\lib\transport.js:212:25)
    at WebSocketReceiver.didMessage (C:\Users\Micheal\Downloads\PS-Server\node_modules\sockjs\lib\trans-websocket.js:102:40)

Error: listen EADDRINUSE
    at errnoException (net.js:878:11)
    at Server._listen2 (net.js:1016:14)
    at listen (net.js:1038:10)
    at Server.listen (net.js:1104:5)
    at Object.<anonymous> (C:\Users\Micheal\Downloads\PS-Server\app.js:356:5)
    at Module._compile (module.js:456:26)
    at Object.Module._extensions..js (module.js:474:10)
    at Module.load (module.js:356:32)
    at Function.Module._load (module.js:312:12)
    at Function.Module.runMain (module.js:497:10)

Error: listen EADDRINUSE
    at errnoException (net.js:878:11)
    at Server._listen2 (net.js:1016:14)
    at listen (net.js:1038:10)
    at Server.listen (net.js:1104:5)
    at Object.<anonymous> (C:\Users\Micheal\Downloads\PS-Server\app.js:356:5)
    at Module._compile (module.js:456:26)
    at Object.Module._extensions..js (module.js:474:10)
    at Module.load (module.js:356:32)
    at Function.Module._load (module.js:312:12)
    at Function.Module.runMain (module.js:497:10)

Error: listen EADDRINUSE
    at errnoException (net.js:878:11)
    at Server._listen2 (net.js:1016:14)
    at listen (net.js:1038:10)
    at Server.listen (net.js:1104:5)
    at Object.<anonymous> (C:\Users\Micheal\Downloads\PS-Server\app.js:356:5)
    at Module._compile (module.js:456:26)
    at Object.Module._extensions..js (module.js:474:10)
    at Module.load (module.js:356:32)
    at Function.Module._load (module.js:312:12)
    at Function.Module.runMain (module.js:497:10)

TypeError: Cannot call method 'updateIdentity' of undefined
    at parseCommandLocal (C:\Users\Micheal\Downloads\PS-Server\chat-commands.js:1250:14)
    at ChatRoom.chat (C:\Users\Micheal\Downloads\PS-Server\rooms.js:1451:23)
    at User.chat (C:\Users\Micheal\Downloads\PS-Server\users.js:959:9)
    at C:\Users\Micheal\Downloads\PS-Server\app.js:273:12
    at Array.forEach (native)
    at Object.events.chat (C:\Users\Micheal\Downloads\PS-Server\app.js:272:31)
    at SockJSConnection.<anonymous> (C:\Users\Micheal\Downloads\PS-Server\app.js:340:21)
    at SockJSConnection.EventEmitter.emit (events.js:95:17)
    at Session.didMessage (C:\Users\Micheal\Downloads\PS-Server\node_modules\sockjs\lib\transport.js:212:25)
    at WebSocketReceiver.didMessage (C:\Users\Micheal\Downloads\PS-Server\node_modules\sockjs\lib\trans-websocket.js:102:40)

TypeError: Cannot call method 'updateIdentity' of undefined
    at parseCommandLocal (C:\Users\Micheal\Downloads\PS-Server\chat-commands.js:1250:14)
    at ChatRoom.chat (C:\Users\Micheal\Downloads\PS-Server\rooms.js:1451:23)
    at User.chat (C:\Users\Micheal\Downloads\PS-Server\users.js:959:9)
    at C:\Users\Micheal\Downloads\PS-Server\app.js:273:12
    at Array.forEach (native)
    at Object.events.chat (C:\Users\Micheal\Downloads\PS-Server\app.js:272:31)
    at SockJSConnection.<anonymous> (C:\Users\Micheal\Downloads\PS-Server\app.js:340:21)
    at SockJSConnection.EventEmitter.emit (events.js:95:17)
    at Session.didMessage (C:\Users\Micheal\Downloads\PS-Server\node_modules\sockjs\lib\transport.js:212:25)
    at WebSocketReceiver.didMessage (C:\Users\Micheal\Downloads\PS-Server\node_modules\sockjs\lib\trans-websocket.js:102:40)

Error: listen EADDRINUSE
    at errnoException (net.js:878:11)
    at Server._listen2 (net.js:1016:14)
    at listen (net.js:1038:10)
    at Server.listen (net.js:1104:5)
    at Object.<anonymous> (C:\Users\Micheal\Downloads\PS-Server\app.js:356:5)
    at Module._compile (module.js:456:26)
    at Object.Module._extensions..js (module.js:474:10)
    at Module.load (module.js:356:32)
    at Function.Module._load (module.js:312:12)
    at Function.Module.runMain (module.js:497:10)

TypeError: Cannot call method 'validateTeam' of undefined
    at Tools.module.exports.Tools.validateTeam (C:\Users\Micheal\Downloads\PS-Server\tools.js:679:28)
    at parseCommandLocal (C:\Users\Micheal\Downloads\PS-Server\chat-commands.js:2582:24)
    at ChatRoom.chat (C:\Users\Micheal\Downloads\PS-Server\rooms.js:1451:23)
    at User.processChatQueue (C:\Users\Micheal\Downloads\PS-Server\users.js:974:13)
    at Timer.listOnTimeout [as ontimeout] (timers.js:110:15)
